==============================================================================
CONTROLS -- every one of these fails if the implementation is wrong
==============================================================================
  [PASS] C2  p=3  f==0:  literal |T-T| = 25 ; fibre-sum = 25 ; (2p-1)^2 = 25 ; paper publishes 25   population: 1 function per prime
  [PASS] C2  p=5  f==0:  literal |T-T| = 81 ; fibre-sum = 81 ; (2p-1)^2 = 81 ; paper publishes 81   population: 1 function per prime
  [PASS] C3  T_f is a transversal: |T_f| = 25 = p^2, and it covers all 25 residues exactly once   population: all 25 points of T_f
  [PASS] C1  witness:  literal |T_f - T_f| in (Z/25Z)^2 = 97 ;  Sec.6 fibre-sum sum_u |A_u| = 97   population: all 625 ordered pairs from T_f
  [PASS] C4  |A_e1| = 2 and its 2 difference vector(s) are parallel to <e1>   A_e1 = [(0, 0), (1, 0)]
  [PASS] C5  FULL p^4 action f -> f + lam*x1 + mu*x2 (lam,mu vectors) preserves |A_u| for every u: 0 violations   population: 625 group elements x 25 directions = 15625 checks; exclusion list EMPTY (nothing skipped)
  [PASS] C6  witness is NOT in the paper's Case A:  (|A_e1|, |A_e2|) = (2, 3), Case A requires (2, 2)   if this FAILED the correct conclusion would be that this code is wrong
  [PASS] C7  witness does NOT refute the conjecture: |T_f - T_f| = 97 > 81 = (2p-1)^2   it kills a PROOF STRATEGY, not the theorem
==============================================================================
THE REFUTATION -- clause (3) is answered NO at p = 5
==============================================================================
  hypothesis of the weakening :  |A_e1| = 2 <= 3   and   |A_e2| = 3 <= 3
  A_e1 = [(0, 0), (1, 0)]
  A_e2 = [(0, 0), (1, 0), (2, 2)]

  |A_w| over the 16 mixed directions w = (lam, mu), lam*mu != 0:
     mu=1 : |A_(1,1)|=5  |A_(2,1)|=5  |A_(3,1)|=5  |A_(4,1)|=4
     mu=2 : |A_(1,2)|=5  |A_(2,2)|=5  |A_(3,2)|=5  |A_(4,2)|=3
     mu=3 : |A_(1,3)|=3  |A_(2,3)|=5  |A_(3,3)|=5  |A_(4,3)|=5
     mu=4 : |A_(1,4)|=4  |A_(2,4)|=5  |A_(3,4)|=5  |A_(4,4)|=5

  min |A_w| over mixed w = 3      (Sec.6's Case-A conclusion asserts >= 4)
  mixed w with |A_w| <= 3 : 2 of 16   -> [(1, 3), (4, 2)]
  population for BOTH counts above: all 16 mixed directions; exclusion list EMPTY.

  VERDICT: the conclusion |A_w| >= 4 is FALSE under the weakened hypothesis. REFUTED BY EXHIBITION.
==============================================================================
FULL DIRECTION PROFILE of the witness -- context for any repair attempt
==============================================================================
  n_2 = 4    directions: [(1, 0), (2, 0), (3, 0), (4, 0)]
  n_3 = 4    directions: [(0, 1), (0, 4), (1, 3), (4, 2)]
  n_4 = 4    directions: [(0, 2), (0, 3), (1, 4), (4, 1)]
  n_5 = 12   directions: [(1, 1), (1, 2), (2, 1), (2, 2), (2, 3), (2, 4), (3, 1), (3, 2), (3, 3), (3, 4), (4, 3), (4, 4)]
  population: all 24 nonzero directions of F_5^2; exclusion list EMPTY.
  sum_u |A_u| over ALL u (u=0 contributes 1) = 97

==============================================================================
SUMMARY
==============================================================================
  controls_ok = True
  elapsed_s = 0.17
  interpreter: run this with .venv/bin/python3 (pure stdlib; no sympy, no networkx, so either interpreter gives the same numbers)
