==============================================================================
COMPLETE CENSUS -- p=5 class  A_e1 = {(0,0),(1,0)},  |A_e2| <= 3
==============================================================================
  enumeration complete = True   elapsed_s = 3.4

  normal-form f in the class (beta_0 = (0,0))        : 10925
  de-normalised class size (x p^2 = 25, action free) : 273125
  population searched: all 3125 word-tuples x all beta-tuples surviving the |A_e2| <= 3 prune; beta_4 forced by the cycle identity.

==============================================================================
CONTROLS
==============================================================================
  [PASS] K1  every f re-checked from the definitions (A_e1 exact, A_e2 matches): 0 violations
  [PASS] K2  PAPER'S THEOREM AS CONTROL: of the 75 normal-form f with |A_e2| = 2 (the paper's PROVED Case A), the number with any mixed |A_w| <= 3 is 0
       exclusion list for that zero: NONE -- all 75 Case-A members of this class were tested on all 16 mixed directions.
  [PASS] K3  round-1 witness re-found by this independent search: True

==============================================================================
RESULT -- the counterexamples, UNCAPPED, with their population
==============================================================================
  normal-form f with min mixed |A_w| <= 3   : 900
  de-normalised                             : 22500
  population for both                       : the 10925 normal-form f (273125 de-normalised) of this class; exclusion list EMPTY.

  distribution of  min over mixed w of |A_w|  across the class:
     min |A_w| = 3 :     900 normal-form f  (0.0824 of class)
     min |A_w| = 4 :    6800 normal-form f  (0.6224 of class)
     min |A_w| = 5 :    1300 normal-form f  (0.1190 of class)
     min |A_w| = 6 :    1925 normal-form f  (0.1762 of class)

  how many of the 16 mixed directions fail, per counterexample:
     2 failing mixed direction(s) : 900 normal-form f

  |A_e2| of the counterexamples:
     |A_e2| = 3 : 900 normal-form f

  first counterexamples found (q-tuple, betas, A_e2, failing mixed w):
     q=(0, 0, 0, 1, 1)  beta=((0, 0), (2, 2), (0, 0), (2, 2), (1, 0))  A_e2=[(0, 0), (1, 0), (2, 2)]  bad_w=[(1, 3), (4, 2)]
     q=(0, 0, 0, 1, 1)  beta=((0, 0), (2, 3), (1, 3), (0, 0), (2, 3))  A_e2=[(0, 0), (1, 3), (2, 3)]  bad_w=[(1, 2), (4, 3)]
     q=(0, 0, 0, 2, 2)  beta=((0, 0), (2, 2), (0, 0), (2, 2), (1, 0))  A_e2=[(0, 0), (1, 0), (2, 2)]  bad_w=[(2, 3), (3, 2)]
     q=(0, 0, 0, 2, 2)  beta=((0, 0), (2, 3), (1, 3), (0, 0), (2, 3))  A_e2=[(0, 0), (1, 3), (2, 3)]  bad_w=[(2, 2), (3, 3)]
     q=(0, 0, 0, 3, 3)  beta=((0, 0), (3, 2), (4, 0), (3, 2), (0, 0))  A_e2=[(0, 0), (3, 2), (4, 0)]  bad_w=[(2, 2), (3, 3)]
     q=(0, 0, 0, 3, 3)  beta=((0, 0), (3, 3), (3, 3), (0, 0), (4, 3))  A_e2=[(0, 0), (3, 3), (4, 3)]  bad_w=[(2, 3), (3, 2)]
     q=(0, 0, 0, 4, 4)  beta=((0, 0), (3, 2), (4, 0), (3, 2), (0, 0))  A_e2=[(0, 0), (3, 2), (4, 0)]  bad_w=[(1, 2), (4, 3)]
     q=(0, 0, 0, 4, 4)  beta=((0, 0), (3, 3), (3, 3), (0, 0), (4, 3))  A_e2=[(0, 0), (3, 3), (4, 3)]  bad_w=[(1, 3), (4, 2)]

==============================================================================
  controls_ok = True
  elapsed_s = 3.39
