note: Running TeX ...
warning: main.tex:1410: Overfull \hbox (41.86017pt too wide) in paragraph at lines 1404--1410
warning: main.tex:1420: Overfull \hbox (69.30627pt too wide) in paragraph at lines 1412--1420
warning: main.tex:1703: Overfull \hbox (11.70905pt too wide) detected at line 1703
warning: main.tex:1830: Overfull \hbox (17.6817pt too wide) detected at line 1830
warning: main.tex:3748: Overfull \hbox (8.30586pt too wide) in paragraph at lines 3740--3748
warning: main.tex:3935: Overfull \hbox (2.73108pt too wide) in paragraph at lines 3932--3935
warning: main.tex:4182: Overfull \hbox (3.82489pt too wide) in paragraph at lines 4178--4182
warning: main.tex:5108: Overfull \hbox (0.55708pt too wide) in paragraph at lines 5105--5108
warning: main.tex:5423: Overfull \hbox (36.498pt too wide) detected at line 5423
note: Rerunning TeX because "main.out" changed ...
warning: main.tex:1410: Overfull \hbox (41.86017pt too wide) in paragraph at lines 1404--1410
warning: main.tex:1420: Overfull \hbox (69.30627pt too wide) in paragraph at lines 1412--1420
warning: main.tex:1703: Overfull \hbox (11.70905pt too wide) detected at line 1703
warning: main.tex:1830: Overfull \hbox (17.6817pt too wide) detected at line 1830
warning: main.tex:3748: Overfull \hbox (8.30586pt too wide) in paragraph at lines 3740--3748
warning: main.tex:3935: Overfull \hbox (2.73108pt too wide) in paragraph at lines 3932--3935
warning: main.tex:4182: Overfull \hbox (3.82489pt too wide) in paragraph at lines 4178--4182
warning: main.tex:5108: Overfull \hbox (0.55708pt too wide) in paragraph at lines 5105--5108
warning: main.tex:5273: Overfull \hbox (0.9986pt too wide) in paragraph at lines 5257--5273
warning: main.tex:5423: Overfull \hbox (36.498pt too wide) detected at line 5423
note: Rerunning TeX because "main.toc" changed ...
warning: main.tex:1410: Overfull \hbox (41.86017pt too wide) in paragraph at lines 1404--1410
warning: main.tex:1420: Overfull \hbox (69.30627pt too wide) in paragraph at lines 1412--1420
warning: main.tex:1703: Overfull \hbox (11.70905pt too wide) detected at line 1703
warning: main.tex:1830: Overfull \hbox (17.6817pt too wide) detected at line 1830
warning: main.tex:3748: Overfull \hbox (8.30586pt too wide) in paragraph at lines 3740--3748
warning: main.tex:3935: Overfull \hbox (2.73108pt too wide) in paragraph at lines 3932--3935
warning: main.tex:4182: Overfull \hbox (3.82489pt too wide) in paragraph at lines 4178--4182
warning: main.tex:5108: Overfull \hbox (0.55708pt too wide) in paragraph at lines 5105--5108
warning: main.tex:5273: Overfull \hbox (0.9986pt too wide) in paragraph at lines 5257--5273
warning: main.tex:5423: Overfull \hbox (36.498pt too wide) detected at line 5423
warning: warnings were issued by the TeX engine; use --print and/or --keep-logs for details.
note: Running xdvipdfmx ...
note: Writing `main.pdf` (654.57421875 KiB)
note: Skipped writing 3 intermediate files (use --keep-intermediates to keep them)
