note: Running TeX ...
warning: main.tex:1230: Overfull \hbox (41.86017pt too wide) in paragraph at lines 1224--1230
warning: main.tex:1240: Overfull \hbox (69.30627pt too wide) in paragraph at lines 1232--1240
warning: main.tex:1523: Overfull \hbox (11.70905pt too wide) detected at line 1523
warning: main.tex:1650: Overfull \hbox (17.6817pt too wide) detected at line 1650
warning: main.tex:3567: Overfull \hbox (8.30586pt too wide) in paragraph at lines 3559--3567
note: Rerunning TeX because "main.out" changed ...
warning: main.tex:1230: Overfull \hbox (41.86017pt too wide) in paragraph at lines 1224--1230
warning: main.tex:1240: Overfull \hbox (69.30627pt too wide) in paragraph at lines 1232--1240
warning: main.tex:1523: Overfull \hbox (11.70905pt too wide) detected at line 1523
warning: main.tex:1650: Overfull \hbox (17.6817pt too wide) detected at line 1650
warning: main.tex:3567: Overfull \hbox (8.30586pt too wide) in paragraph at lines 3559--3567
note: Rerunning TeX because "main.aux" changed ...
warning: main.tex:1230: Overfull \hbox (41.86017pt too wide) in paragraph at lines 1224--1230
warning: main.tex:1240: Overfull \hbox (69.30627pt too wide) in paragraph at lines 1232--1240
warning: main.tex:1523: Overfull \hbox (11.70905pt too wide) detected at line 1523
warning: main.tex:1650: Overfull \hbox (17.6817pt too wide) detected at line 1650
warning: main.tex:3567: Overfull \hbox (8.30586pt too wide) in paragraph at lines 3559--3567
warning: warnings were issued by the TeX engine; use --print and/or --keep-logs for details.
note: Running xdvipdfmx ...
note: Writing `main.pdf` (475.0654296875 KiB)
note: Skipped writing 3 intermediate files (use --keep-intermediates to keep them)
