r=6 m=14 k=2 loops_only=False: min|S|=6 (failure iff <= 5) status=0 0.6s
r=6 m=15 k=2 loops_only=False: min|S|=6 (failure iff <= 5) status=0 1.4s
r=6 m=16 k=2 loops_only=False: min|S|=5 (failure iff <= 5) status=0 1.5s
 moduli/residues: [(11, 10), (12, 10), (13, 8), (14, 8), (15, 6), (16, 6)]
 covered: [6, 8, 10, 21, 22]
r=6 m=17 k=2 loops_only=False: min|S|=5 (failure iff <= 5) status=0 1.8s
 moduli/residues: [(12, 10), (13, 9), (14, 8), (15, 10), (16, 9), (17, 8)]
 covered: [8, 9, 10, 22, 25]
r=6 m=18 k=2 loops_only=False: min|S|=5 (failure iff <= 5) status=0 1.3s
 moduli/residues: [(13, 12), (14, 11), (15, 12), (16, 11), (17, 12), (18, 11)]
 covered: [11, 12, 25, 27, 29]
r=6 m=19 k=2 loops_only=False: min|S|=5 (failure iff <= 5) status=0 2.1s
 moduli/residues: [(14, 12), (15, 12), (16, 10), (17, 10), (18, 8), (19, 8)]
 covered: [8, 10, 12, 26, 27]
r=6 m=20 k=2 loops_only=False: min|S|=5 (failure iff <= 5) status=0 1.9s
 moduli/residues: [(14, 13), (15, 13), (16, 13), (18, 9), (19, 9), (20, 9)]
 covered: [9, 13, 27, 28, 29]
r=6 m=21 k=2 loops_only=False: min|S|=5 (failure iff <= 5) status=0 2.5s
 moduli/residues: [(16, 15), (17, 14), (18, 15), (19, 14), (20, 15), (21, 14)]
 covered: [14, 15, 31, 33, 35]
r=6 m=22 k=2 loops_only=False: min|S|=5 (failure iff <= 5) status=0 3.1s
 moduli/residues: [(15, 14), (16, 14), (17, 12), (18, 12), (21, 8), (22, 8)]
 covered: [8, 12, 14, 29, 30]
