This is pdfTeX, Version 3.141592653-2.6-1.40.29 (TeX Live 2026) (preloaded format=pdflatex)
 restricted \write18 enabled.
entering extended mode
(./main.tex
LaTeX2e <2026-06-01>
L3 programming layer <2026-08-10>
($HOME/.TinyTeX/TinyTeX/texmf-dist/tex/latex/base/article.cls
Document Class: article 2025/01/22 v1.4n Standard LaTeX document class
($HOME/.TinyTeX/TinyTeX/texmf-dist/tex/latex/base/size11.clo)) ($HOME/.TinyTeX/TinyTeX/texmf-dist/tex/latex/geometry/geometry.sty ($HOME/.TinyTeX/TinyTeX/texmf-dist/tex/latex/graphics/keyval.sty) ($HOME/.TinyTeX/TinyTeX/texmf-dist/tex/generic/iftex/ifvtex.sty ($HOME/.TinyTeX/TinyTeX/texmf-dist/tex/generic/iftex/iftex.sty))) ($HOME/.TinyTeX/TinyTeX/texmf-dist/tex/latex/amsmath/amsmath.sty
For additional information on amsmath, use the `?' option.
($HOME/.TinyTeX/TinyTeX/texmf-dist/tex/latex/amsmath/amstext.sty ($HOME/.TinyTeX/TinyTeX/texmf-dist/tex/latex/amsmath/amsgen.sty)) ($HOME/.TinyTeX/TinyTeX/texmf-dist/tex/latex/amsmath/amsbsy.sty) ($HOME/.TinyTeX/TinyTeX/texmf-dist/tex/latex/amsmath/amsopn.sty)) ($HOME/.TinyTeX/TinyTeX/texmf-dist/tex/latex/amsfonts/amssymb.sty ($HOME/.TinyTeX/TinyTeX/texmf-dist/tex/latex/amsfonts/amsfonts.sty)) ($HOME/.TinyTeX/TinyTeX/texmf-dist/tex/latex/amscls/amsthm.sty) ($HOME/.TinyTeX/TinyTeX/texmf-dist/tex/latex/hyperref/hyperref.sty ($HOME/.TinyTeX/TinyTeX/texmf-dist/tex/latex/kvsetkeys/kvsetkeys.sty) ($HOME/.TinyTeX/TinyTeX/texmf-dist/tex/generic/kvdefinekeys/kvdefinekeys.sty) ($HOME/.TinyTeX/TinyTeX/texmf-dist/tex/generic/pdfescape/pdfescape.sty ($HOME/.TinyTeX/TinyTeX/texmf-dist/tex/generic/ltxcmds/ltxcmds.sty) ($HOME/.TinyTeX/TinyTeX/texmf-dist/tex/generic/pdftexcmds/pdftexcmds.sty ($HOME/.TinyTeX/TinyTeX/texmf-dist/tex/generic/infwarerr/infwarerr.sty))) ($HOME/.TinyTeX/TinyTeX/texmf-dist/tex/latex/hycolor/hycolor.sty) ($HOME/.TinyTeX/TinyTeX/texmf-dist/tex/latex/hyperref/nameref.sty ($HOME/.TinyTeX/TinyTeX/texmf-dist/tex/latex/refcount/refcount.sty) ($HOME/.TinyTeX/TinyTeX/texmf-dist/tex/generic/gettitlestring/gettitlestring.sty ($HOME/.TinyTeX/TinyTeX/texmf-dist/tex/latex/kvoptions/kvoptions.sty))) ($HOME/.TinyTeX/TinyTeX/texmf-dist/tex/latex/etoolbox/etoolbox.sty) ($HOME/.TinyTeX/TinyTeX/texmf-dist/tex/generic/stringenc/stringenc.sty) ($HOME/.TinyTeX/TinyTeX/texmf-dist/tex/latex/hyperref/pd1enc.def) ($HOME/.TinyTeX/TinyTeX/texmf-dist/tex/generic/intcalc/intcalc.sty) ($HOME/.TinyTeX/TinyTeX/texmf-dist/tex/latex/hyperref/puenc.def) ($HOME/.TinyTeX/TinyTeX/texmf-dist/tex/latex/url/url.sty) ($HOME/.TinyTeX/TinyTeX/texmf-dist/tex/generic/bitset/bitset.sty ($HOME/.TinyTeX/TinyTeX/texmf-dist/tex/generic/bigintcalc/bigintcalc.sty))) ($HOME/.TinyTeX/TinyTeX/texmf-dist/tex/latex/hyperref/hpdftex.def ($HOME/.TinyTeX/TinyTeX/texmf-dist/tex/latex/rerunfilecheck/rerunfilecheck.sty ($HOME/.TinyTeX/TinyTeX/texmf-dist/tex/generic/uniquecounter/uniquecounter.sty))) ($HOME/.TinyTeX/TinyTeX/texmf-dist/tex/latex/microtype/microtype.sty ($HOME/.TinyTeX/TinyTeX/texmf-dist/tex/latex/microtype/microtype-pdftex.def) ($HOME/.TinyTeX/TinyTeX/texmf-dist/tex/latex/microtype/microtype.cfg)) ($HOME/.TinyTeX/TinyTeX/texmf-dist/tex/latex/l3kernel/l3backend-pdftex.def) (./main.aux)
*geometry* driver: auto-detecting
*geometry* detected driver: pdftex
(./main.out) (./main.out) ($HOME/.TinyTeX/TinyTeX/texmf-dist/tex/latex/microtype/mt-cmr.cfg) ($HOME/.TinyTeX/TinyTeX/texmf-dist/tex/latex/amsfonts/umsa.fd) ($HOME/.TinyTeX/TinyTeX/texmf-dist/tex/latex/microtype/mt-msa.cfg) ($HOME/.TinyTeX/TinyTeX/texmf-dist/tex/latex/amsfonts/umsb.fd) ($HOME/.TinyTeX/TinyTeX/texmf-dist/tex/latex/microtype/mt-msb.cfg) [1{$HOME/.TinyTeX/TinyTeX/texmf-var/fonts/map/pdftex/updmap/pdftex.map}{$HOME/.TinyTeX/TinyTeX/texmf-dist/fonts/enc/dvips/cm-super/cm-super-ts1.enc}] [2] [3] [4] [5]
Overfull \hbox (3.897pt too wide) detected at line 329
[] \OML/cmm/m/it/10.95 t[] \OT1/cmr/m/n/10.95 = [](\OML/cmm/m/it/10.95 t \OMS/cmsy/m/n/10.95 ^^@ \OT1/cmr/m/n/10.95 1)[][][][] \OMS/cmsy/m/n/10.95 ^^T \OML/cmm/m/it/10.95 m [][]\OT1/cmr/m/n/10.95 1 + [][] \OMS/cmsy/m/n/10.95 ^^T \OML/cmm/m/it/10.95 m [][]\OT1/cmr/m/n/10.95 (\OML/cmm/m/it/10.95 t \OMS/cmsy/m/n/10.95 ^^@ \OT1/cmr/m/n/10.95 1) [] [][] \OMS/cmsy/m/n/10.95 ^^T \OML/cmm/m/it/10.95 m e[]
[6] [7]

Package hyperref Warning: Token not allowed in a PDF string (Unicode):
(hyperref)                removing `math shift' on input line 431.


Package hyperref Warning: Token not allowed in a PDF string (Unicode):
(hyperref)                removing `math shift' on input line 431.

[8] [9] [10] [11] [12]
Overfull \hbox (1.82527pt too wide) in paragraph at lines 735--746
[]\OT1/cmr/m/n/10.95 (-20) The best cer-tifi-cate is the op-ti-mum of a lin-ear pro-gramme: the dual of min-imis-ing $[][] \OML/cmm/m/it/10.95 n[]\OT1/cmr/m/n/10.95 (-20) (\OML/cmm/m/it/10.95 w[]\OT1/cmr/m/n/10.95 (-20) (\OML/cmm/m/it/10.95 t\OT1/cmr/m/n/10.95 (-20) ) \OMS/cmsy/m/n/10.95 ^^@
[13] [14] [15]

Package hyperref Warning: Token not allowed in a PDF string (Unicode):
(hyperref)                removing `math shift' on input line 856.


Package hyperref Warning: Token not allowed in a PDF string (Unicode):
(hyperref)                removing `\ln' on input line 856.


Package hyperref Warning: Token not allowed in a PDF string (Unicode):
(hyperref)                removing `\ln' on input line 856.


Package hyperref Warning: Token not allowed in a PDF string (Unicode):
(hyperref)                removing `math shift' on input line 856.

[16] [17] [18]

Package hyperref Warning: Token not allowed in a PDF string (Unicode):
(hyperref)                removing `math shift' on input line 1000.


Package hyperref Warning: Token not allowed in a PDF string (Unicode):
(hyperref)                removing `\ln' on input line 1000.


Package hyperref Warning: Token not allowed in a PDF string (Unicode):
(hyperref)                removing `\ln' on input line 1000.


Package hyperref Warning: Token not allowed in a PDF string (Unicode):
(hyperref)                removing `math shift' on input line 1000.

[19] [20] [21]
Overfull \hbox (87.024pt too wide) detected at line 1204
\OML/cmm/m/it/10.95 [] \OT1/cmr/m/n/10.95 := [](\OML/cmm/m/it/10.95 jz[]; \OT1/cmr/m/n/10.95 1) \OMS/cmsy/m/n/10.95 ^^@ []\OT1/cmr/m/n/10.95 ((\OML/cmm/m/it/10.95 j \OMS/cmsy/m/n/10.95 ^^@ \OT1/cmr/m/n/10.95 1)\OML/cmm/m/it/10.95 z[]; \OT1/cmr/m/n/10.95 1)  (\OML/cmm/m/it/10.95 j \OMS/cmsy/m/n/10.95 ^^U \OT1/cmr/m/n/10.95 1)\OML/cmm/m/it/10.95 ;  [] [] \OMS/cmsy/m/n/10.95 ^^U \OT1/cmr/m/n/10.95 0\OML/cmm/m/it/10.95 ;  [] [] \OMS/cmsy/m/n/10.95 ^^T \OT1/cmr/m/n/10.95 1\OML/cmm/m/it/10.95 ;  S\OT1/cmr/m/n/10.95 (\OML/cmm/m/it/10.95 n\OT1/cmr/m/n/10.95 ) = [] [] \OML/cmm/m/it/10.95 []\OT1/cmr/m/n/10.95 [\OML/cmm/m/it/10.95 p[] \OMS/cmsy/m/n/10.95 j \OML/cmm/m/it/10.95 n\OT1/cmr/m/n/10.95 ]\OML/cmm/m/it/10.95 :
[22] [23] [24] [25] (./sec_signed.tex

Package hyperref Warning: Token not allowed in a PDF string (Unicode):
(hyperref)                removing `math shift' on input line 1.


Package hyperref Warning: Token not allowed in a PDF string (Unicode):
(hyperref)                removing `math shift' on input line 1.

[26] [27]
Overfull \hbox (6.1792pt too wide) detected at line 68
\OML/cmm/m/it/10.95 M\OT1/cmr/m/n/10.95 (\OML/cmm/m/it/10.95 P\OT1/cmr/m/n/10.95 ) := [] \OML/cmm/m/it/10.95 d[]w[];  []  [] M\OT1/cmr/m/n/10.95 (\OML/cmm/m/it/10.95 P\OT1/cmr/m/n/10.95 ) = \OML/cmm/m/it/10.95 L[];  K[] \OT1/cmr/m/n/10.95 := \OMS/cmsy/m/n/10.95 b\OML/cmm/m/it/10.95 m=P\OMS/cmsy/m/n/10.95 c\OML/cmm/m/it/10.95 ;  c[] \OT1/cmr/m/n/10.95 := []\OML/cmm/m/it/10.95 :
[28] [29]
Overfull \hbox (21.05653pt too wide) in paragraph at lines 196--204
[]\OT1/cmr/m/n/10.95 (-20) For a dyadic $\OML/cmm/m/it/10.95 ^^R$ \OT1/cmr/m/n/10.95 (-20) the func-tion $[](\OML/cmm/m/it/10.95 b[]\OT1/cmr/m/n/10.95 (-20) (\OML/cmm/m/it/10.95 n\OT1/cmr/m/n/10.95 (-20) )\OML/cmm/m/it/10.95 ; ^^R\OT1/cmr/m/n/10.95 (-20) )$ tele-scopes over the re-tained lev-els at $\OML/cmm/m/it/10.95 p$\OT1/cmr/m/n/10.95 (-20) : $[](\OML/cmm/m/it/10.95 b[]\OT1/cmr/m/n/10.95 (-20) (\OML/cmm/m/it/10.95 n\OT1/cmr/m/n/10.95 (-20) )\OML/cmm/m/it/10.95 ; ^^R\OT1/cmr/m/n/10.95 (-20) ) =
[30]) [31] (./main.aux)

LaTeX Warning: Label(s) may have changed. Rerun to get cross-references right.

 )
(see the transcript file for additional information)<$HOME/.TinyTeX/TinyTeX/texmf-dist/fonts/type1/public/amsfonts/cm/cmbx10.pfb><$HOME/.TinyTeX/TinyTeX/texmf-dist/fonts/type1/public/amsfonts/cm/cmbx12.pfb><$HOME/.TinyTeX/TinyTeX/texmf-dist/fonts/type1/public/amsfonts/cm/cmbx9.pfb><$HOME/.TinyTeX/TinyTeX/texmf-dist/fonts/type1/public/amsfonts/cm/cmex10.pfb><$HOME/.TinyTeX/TinyTeX/texmf-dist/fonts/type1/public/amsfonts/cmextra/cmex8.pfb><$HOME/.TinyTeX/TinyTeX/texmf-dist/fonts/type1/public/amsfonts/cm/cmmi10.pfb><$HOME/.TinyTeX/TinyTeX/texmf-dist/fonts/type1/public/amsfonts/cm/cmmi12.pfb><$HOME/.TinyTeX/TinyTeX/texmf-dist/fonts/type1/public/amsfonts/cm/cmmi6.pfb><$HOME/.TinyTeX/TinyTeX/texmf-dist/fonts/type1/public/amsfonts/cm/cmmi7.pfb><$HOME/.TinyTeX/TinyTeX/texmf-dist/fonts/type1/public/amsfonts/cm/cmmi8.pfb><$HOME/.TinyTeX/TinyTeX/texmf-dist/fonts/type1/public/amsfonts/cm/cmmi9.pfb><$HOME/.TinyTeX/TinyTeX/texmf-dist/fonts/type1/public/amsfonts/cm/cmr10.pfb><$HOME/.TinyTeX/TinyTeX/texmf-dist/fonts/type1/public/amsfonts/cm/cmr12.pfb><$HOME/.TinyTeX/TinyTeX/texmf-dist/fonts/type1/public/amsfonts/cm/cmr17.pfb><$HOME/.TinyTeX/TinyTeX/texmf-dist/fonts/type1/public/amsfonts/cm/cmr6.pfb><$HOME/.TinyTeX/TinyTeX/texmf-dist/fonts/type1/public/amsfonts/cm/cmr7.pfb><$HOME/.TinyTeX/TinyTeX/texmf-dist/fonts/type1/public/amsfonts/cm/cmr8.pfb><$HOME/.TinyTeX/TinyTeX/texmf-dist/fonts/type1/public/amsfonts/cm/cmr9.pfb><$HOME/.TinyTeX/TinyTeX/texmf-dist/fonts/type1/public/amsfonts/cm/cmsy10.pfb><$HOME/.TinyTeX/TinyTeX/texmf-dist/fonts/type1/public/amsfonts/cm/cmsy6.pfb><$HOME/.TinyTeX/TinyTeX/texmf-dist/fonts/type1/public/amsfonts/cm/cmsy7.pfb><$HOME/.TinyTeX/TinyTeX/texmf-dist/fonts/type1/public/amsfonts/cm/cmsy8.pfb><$HOME/.TinyTeX/TinyTeX/texmf-dist/fonts/type1/public/amsfonts/cm/cmsy9.pfb><$HOME/.TinyTeX/TinyTeX/texmf-dist/fonts/type1/public/amsfonts/cm/cmti10.pfb><$HOME/.TinyTeX/TinyTeX/texmf-dist/fonts/type1/public/amsfonts/cm/cmti8.pfb><$HOME/.TinyTeX/TinyTeX/texmf-dist/fonts/type1/public/amsfonts/cm/cmtt10.pfb><$HOME/.TinyTeX/TinyTeX/texmf-dist/fonts/type1/public/amsfonts/symbols/msam10.pfb><$HOME/.TinyTeX/TinyTeX/texmf-dist/fonts/type1/public/amsfonts/symbols/msbm10.pfb><$HOME/.TinyTeX/TinyTeX/texmf-dist/fonts/type1/public/cm-super/sfrm0600.pfb><$HOME/.TinyTeX/TinyTeX/texmf-dist/fonts/type1/public/cm-super/sfrm0800.pfb><$HOME/.TinyTeX/TinyTeX/texmf-dist/fonts/type1/public/cm-super/sfrm1000.pfb><$HOME/.TinyTeX/TinyTeX/texmf-dist/fonts/type1/public/cm-super/sfrm1095.pfb>
Output written on main.pdf (31 pages, 600015 bytes).
Transcript written on main.log.
This is pdfTeX, Version 3.141592653-2.6-1.40.29 (TeX Live 2026) (preloaded format=pdflatex)
 restricted \write18 enabled.
entering extended mode
(./main.tex
LaTeX2e <2026-06-01>
L3 programming layer <2026-08-10>
($HOME/.TinyTeX/TinyTeX/texmf-dist/tex/latex/base/article.cls
Document Class: article 2025/01/22 v1.4n Standard LaTeX document class
($HOME/.TinyTeX/TinyTeX/texmf-dist/tex/latex/base/size11.clo)) ($HOME/.TinyTeX/TinyTeX/texmf-dist/tex/latex/geometry/geometry.sty ($HOME/.TinyTeX/TinyTeX/texmf-dist/tex/latex/graphics/keyval.sty) ($HOME/.TinyTeX/TinyTeX/texmf-dist/tex/generic/iftex/ifvtex.sty ($HOME/.TinyTeX/TinyTeX/texmf-dist/tex/generic/iftex/iftex.sty))) ($HOME/.TinyTeX/TinyTeX/texmf-dist/tex/latex/amsmath/amsmath.sty
For additional information on amsmath, use the `?' option.
($HOME/.TinyTeX/TinyTeX/texmf-dist/tex/latex/amsmath/amstext.sty ($HOME/.TinyTeX/TinyTeX/texmf-dist/tex/latex/amsmath/amsgen.sty)) ($HOME/.TinyTeX/TinyTeX/texmf-dist/tex/latex/amsmath/amsbsy.sty) ($HOME/.TinyTeX/TinyTeX/texmf-dist/tex/latex/amsmath/amsopn.sty)) ($HOME/.TinyTeX/TinyTeX/texmf-dist/tex/latex/amsfonts/amssymb.sty ($HOME/.TinyTeX/TinyTeX/texmf-dist/tex/latex/amsfonts/amsfonts.sty)) ($HOME/.TinyTeX/TinyTeX/texmf-dist/tex/latex/amscls/amsthm.sty) ($HOME/.TinyTeX/TinyTeX/texmf-dist/tex/latex/hyperref/hyperref.sty ($HOME/.TinyTeX/TinyTeX/texmf-dist/tex/latex/kvsetkeys/kvsetkeys.sty) ($HOME/.TinyTeX/TinyTeX/texmf-dist/tex/generic/kvdefinekeys/kvdefinekeys.sty) ($HOME/.TinyTeX/TinyTeX/texmf-dist/tex/generic/pdfescape/pdfescape.sty ($HOME/.TinyTeX/TinyTeX/texmf-dist/tex/generic/ltxcmds/ltxcmds.sty) ($HOME/.TinyTeX/TinyTeX/texmf-dist/tex/generic/pdftexcmds/pdftexcmds.sty ($HOME/.TinyTeX/TinyTeX/texmf-dist/tex/generic/infwarerr/infwarerr.sty))) ($HOME/.TinyTeX/TinyTeX/texmf-dist/tex/latex/hycolor/hycolor.sty) ($HOME/.TinyTeX/TinyTeX/texmf-dist/tex/latex/hyperref/nameref.sty ($HOME/.TinyTeX/TinyTeX/texmf-dist/tex/latex/refcount/refcount.sty) ($HOME/.TinyTeX/TinyTeX/texmf-dist/tex/generic/gettitlestring/gettitlestring.sty ($HOME/.TinyTeX/TinyTeX/texmf-dist/tex/latex/kvoptions/kvoptions.sty))) ($HOME/.TinyTeX/TinyTeX/texmf-dist/tex/latex/etoolbox/etoolbox.sty) ($HOME/.TinyTeX/TinyTeX/texmf-dist/tex/generic/stringenc/stringenc.sty) ($HOME/.TinyTeX/TinyTeX/texmf-dist/tex/latex/hyperref/pd1enc.def) ($HOME/.TinyTeX/TinyTeX/texmf-dist/tex/generic/intcalc/intcalc.sty) ($HOME/.TinyTeX/TinyTeX/texmf-dist/tex/latex/hyperref/puenc.def) ($HOME/.TinyTeX/TinyTeX/texmf-dist/tex/latex/url/url.sty) ($HOME/.TinyTeX/TinyTeX/texmf-dist/tex/generic/bitset/bitset.sty ($HOME/.TinyTeX/TinyTeX/texmf-dist/tex/generic/bigintcalc/bigintcalc.sty))) ($HOME/.TinyTeX/TinyTeX/texmf-dist/tex/latex/hyperref/hpdftex.def ($HOME/.TinyTeX/TinyTeX/texmf-dist/tex/latex/rerunfilecheck/rerunfilecheck.sty ($HOME/.TinyTeX/TinyTeX/texmf-dist/tex/generic/uniquecounter/uniquecounter.sty))) ($HOME/.TinyTeX/TinyTeX/texmf-dist/tex/latex/microtype/microtype.sty ($HOME/.TinyTeX/TinyTeX/texmf-dist/tex/latex/microtype/microtype-pdftex.def) ($HOME/.TinyTeX/TinyTeX/texmf-dist/tex/latex/microtype/microtype.cfg)) ($HOME/.TinyTeX/TinyTeX/texmf-dist/tex/latex/l3kernel/l3backend-pdftex.def) (./main.aux)
*geometry* driver: auto-detecting
*geometry* detected driver: pdftex
(./main.out) (./main.out) ($HOME/.TinyTeX/TinyTeX/texmf-dist/tex/latex/microtype/mt-cmr.cfg) ($HOME/.TinyTeX/TinyTeX/texmf-dist/tex/latex/amsfonts/umsa.fd) ($HOME/.TinyTeX/TinyTeX/texmf-dist/tex/latex/microtype/mt-msa.cfg) ($HOME/.TinyTeX/TinyTeX/texmf-dist/tex/latex/amsfonts/umsb.fd) ($HOME/.TinyTeX/TinyTeX/texmf-dist/tex/latex/microtype/mt-msb.cfg) [1{$HOME/.TinyTeX/TinyTeX/texmf-var/fonts/map/pdftex/updmap/pdftex.map}{$HOME/.TinyTeX/TinyTeX/texmf-dist/fonts/enc/dvips/cm-super/cm-super-ts1.enc}] [2] [3] [4] [5]
Overfull \hbox (3.897pt too wide) detected at line 329
[] \OML/cmm/m/it/10.95 t[] \OT1/cmr/m/n/10.95 = [](\OML/cmm/m/it/10.95 t \OMS/cmsy/m/n/10.95 ^^@ \OT1/cmr/m/n/10.95 1)[][][][] \OMS/cmsy/m/n/10.95 ^^T \OML/cmm/m/it/10.95 m [][]\OT1/cmr/m/n/10.95 1 + [][] \OMS/cmsy/m/n/10.95 ^^T \OML/cmm/m/it/10.95 m [][]\OT1/cmr/m/n/10.95 (\OML/cmm/m/it/10.95 t \OMS/cmsy/m/n/10.95 ^^@ \OT1/cmr/m/n/10.95 1) [] [][] \OMS/cmsy/m/n/10.95 ^^T \OML/cmm/m/it/10.95 m e[]
[6] [7]

Package hyperref Warning: Token not allowed in a PDF string (Unicode):
(hyperref)                removing `math shift' on input line 431.


Package hyperref Warning: Token not allowed in a PDF string (Unicode):
(hyperref)                removing `math shift' on input line 431.

[8] [9] [10] [11] [12]
Overfull \hbox (1.82527pt too wide) in paragraph at lines 735--746
[]\OT1/cmr/m/n/10.95 (-20) The best cer-tifi-cate is the op-ti-mum of a lin-ear pro-gramme: the dual of min-imis-ing $[][] \OML/cmm/m/it/10.95 n[]\OT1/cmr/m/n/10.95 (-20) (\OML/cmm/m/it/10.95 w[]\OT1/cmr/m/n/10.95 (-20) (\OML/cmm/m/it/10.95 t\OT1/cmr/m/n/10.95 (-20) ) \OMS/cmsy/m/n/10.95 ^^@
[13] [14] [15]

Package hyperref Warning: Token not allowed in a PDF string (Unicode):
(hyperref)                removing `math shift' on input line 856.


Package hyperref Warning: Token not allowed in a PDF string (Unicode):
(hyperref)                removing `\ln' on input line 856.


Package hyperref Warning: Token not allowed in a PDF string (Unicode):
(hyperref)                removing `\ln' on input line 856.


Package hyperref Warning: Token not allowed in a PDF string (Unicode):
(hyperref)                removing `math shift' on input line 856.

[16] [17] [18]

Package hyperref Warning: Token not allowed in a PDF string (Unicode):
(hyperref)                removing `math shift' on input line 1000.


Package hyperref Warning: Token not allowed in a PDF string (Unicode):
(hyperref)                removing `\ln' on input line 1000.


Package hyperref Warning: Token not allowed in a PDF string (Unicode):
(hyperref)                removing `\ln' on input line 1000.


Package hyperref Warning: Token not allowed in a PDF string (Unicode):
(hyperref)                removing `math shift' on input line 1000.

[19] [20] [21]
Overfull \hbox (87.024pt too wide) detected at line 1204
\OML/cmm/m/it/10.95 [] \OT1/cmr/m/n/10.95 := [](\OML/cmm/m/it/10.95 jz[]; \OT1/cmr/m/n/10.95 1) \OMS/cmsy/m/n/10.95 ^^@ []\OT1/cmr/m/n/10.95 ((\OML/cmm/m/it/10.95 j \OMS/cmsy/m/n/10.95 ^^@ \OT1/cmr/m/n/10.95 1)\OML/cmm/m/it/10.95 z[]; \OT1/cmr/m/n/10.95 1)  (\OML/cmm/m/it/10.95 j \OMS/cmsy/m/n/10.95 ^^U \OT1/cmr/m/n/10.95 1)\OML/cmm/m/it/10.95 ;  [] [] \OMS/cmsy/m/n/10.95 ^^U \OT1/cmr/m/n/10.95 0\OML/cmm/m/it/10.95 ;  [] [] \OMS/cmsy/m/n/10.95 ^^T \OT1/cmr/m/n/10.95 1\OML/cmm/m/it/10.95 ;  S\OT1/cmr/m/n/10.95 (\OML/cmm/m/it/10.95 n\OT1/cmr/m/n/10.95 ) = [] [] \OML/cmm/m/it/10.95 []\OT1/cmr/m/n/10.95 [\OML/cmm/m/it/10.95 p[] \OMS/cmsy/m/n/10.95 j \OML/cmm/m/it/10.95 n\OT1/cmr/m/n/10.95 ]\OML/cmm/m/it/10.95 :
[22] [23] [24] [25] (./sec_signed.tex

Package hyperref Warning: Token not allowed in a PDF string (Unicode):
(hyperref)                removing `math shift' on input line 1.


Package hyperref Warning: Token not allowed in a PDF string (Unicode):
(hyperref)                removing `math shift' on input line 1.

[26] [27]
Overfull \hbox (6.1792pt too wide) detected at line 68
\OML/cmm/m/it/10.95 M\OT1/cmr/m/n/10.95 (\OML/cmm/m/it/10.95 P\OT1/cmr/m/n/10.95 ) := [] \OML/cmm/m/it/10.95 d[]w[];  []  [] M\OT1/cmr/m/n/10.95 (\OML/cmm/m/it/10.95 P\OT1/cmr/m/n/10.95 ) = \OML/cmm/m/it/10.95 L[];  K[] \OT1/cmr/m/n/10.95 := \OMS/cmsy/m/n/10.95 b\OML/cmm/m/it/10.95 m=P\OMS/cmsy/m/n/10.95 c\OML/cmm/m/it/10.95 ;  c[] \OT1/cmr/m/n/10.95 := []\OML/cmm/m/it/10.95 :
[28] [29]
Overfull \hbox (21.05653pt too wide) in paragraph at lines 196--204
[]\OT1/cmr/m/n/10.95 (-20) For a dyadic $\OML/cmm/m/it/10.95 ^^R$ \OT1/cmr/m/n/10.95 (-20) the func-tion $[](\OML/cmm/m/it/10.95 b[]\OT1/cmr/m/n/10.95 (-20) (\OML/cmm/m/it/10.95 n\OT1/cmr/m/n/10.95 (-20) )\OML/cmm/m/it/10.95 ; ^^R\OT1/cmr/m/n/10.95 (-20) )$ tele-scopes over the re-tained lev-els at $\OML/cmm/m/it/10.95 p$\OT1/cmr/m/n/10.95 (-20) : $[](\OML/cmm/m/it/10.95 b[]\OT1/cmr/m/n/10.95 (-20) (\OML/cmm/m/it/10.95 n\OT1/cmr/m/n/10.95 (-20) )\OML/cmm/m/it/10.95 ; ^^R\OT1/cmr/m/n/10.95 (-20) ) =
[30]) [31] (./main.aux) )
(see the transcript file for additional information)<$HOME/.TinyTeX/TinyTeX/texmf-dist/fonts/type1/public/amsfonts/cm/cmbx10.pfb><$HOME/.TinyTeX/TinyTeX/texmf-dist/fonts/type1/public/amsfonts/cm/cmbx12.pfb><$HOME/.TinyTeX/TinyTeX/texmf-dist/fonts/type1/public/amsfonts/cm/cmbx9.pfb><$HOME/.TinyTeX/TinyTeX/texmf-dist/fonts/type1/public/amsfonts/cm/cmex10.pfb><$HOME/.TinyTeX/TinyTeX/texmf-dist/fonts/type1/public/amsfonts/cmextra/cmex8.pfb><$HOME/.TinyTeX/TinyTeX/texmf-dist/fonts/type1/public/amsfonts/cm/cmmi10.pfb><$HOME/.TinyTeX/TinyTeX/texmf-dist/fonts/type1/public/amsfonts/cm/cmmi12.pfb><$HOME/.TinyTeX/TinyTeX/texmf-dist/fonts/type1/public/amsfonts/cm/cmmi6.pfb><$HOME/.TinyTeX/TinyTeX/texmf-dist/fonts/type1/public/amsfonts/cm/cmmi7.pfb><$HOME/.TinyTeX/TinyTeX/texmf-dist/fonts/type1/public/amsfonts/cm/cmmi8.pfb><$HOME/.TinyTeX/TinyTeX/texmf-dist/fonts/type1/public/amsfonts/cm/cmmi9.pfb><$HOME/.TinyTeX/TinyTeX/texmf-dist/fonts/type1/public/amsfonts/cm/cmr10.pfb><$HOME/.TinyTeX/TinyTeX/texmf-dist/fonts/type1/public/amsfonts/cm/cmr12.pfb><$HOME/.TinyTeX/TinyTeX/texmf-dist/fonts/type1/public/amsfonts/cm/cmr17.pfb><$HOME/.TinyTeX/TinyTeX/texmf-dist/fonts/type1/public/amsfonts/cm/cmr6.pfb><$HOME/.TinyTeX/TinyTeX/texmf-dist/fonts/type1/public/amsfonts/cm/cmr7.pfb><$HOME/.TinyTeX/TinyTeX/texmf-dist/fonts/type1/public/amsfonts/cm/cmr8.pfb><$HOME/.TinyTeX/TinyTeX/texmf-dist/fonts/type1/public/amsfonts/cm/cmr9.pfb><$HOME/.TinyTeX/TinyTeX/texmf-dist/fonts/type1/public/amsfonts/cm/cmsy10.pfb><$HOME/.TinyTeX/TinyTeX/texmf-dist/fonts/type1/public/amsfonts/cm/cmsy6.pfb><$HOME/.TinyTeX/TinyTeX/texmf-dist/fonts/type1/public/amsfonts/cm/cmsy7.pfb><$HOME/.TinyTeX/TinyTeX/texmf-dist/fonts/type1/public/amsfonts/cm/cmsy8.pfb><$HOME/.TinyTeX/TinyTeX/texmf-dist/fonts/type1/public/amsfonts/cm/cmsy9.pfb><$HOME/.TinyTeX/TinyTeX/texmf-dist/fonts/type1/public/amsfonts/cm/cmti10.pfb><$HOME/.TinyTeX/TinyTeX/texmf-dist/fonts/type1/public/amsfonts/cm/cmti8.pfb><$HOME/.TinyTeX/TinyTeX/texmf-dist/fonts/type1/public/amsfonts/cm/cmtt10.pfb><$HOME/.TinyTeX/TinyTeX/texmf-dist/fonts/type1/public/amsfonts/symbols/msam10.pfb><$HOME/.TinyTeX/TinyTeX/texmf-dist/fonts/type1/public/amsfonts/symbols/msbm10.pfb><$HOME/.TinyTeX/TinyTeX/texmf-dist/fonts/type1/public/cm-super/sfrm0600.pfb><$HOME/.TinyTeX/TinyTeX/texmf-dist/fonts/type1/public/cm-super/sfrm0800.pfb><$HOME/.TinyTeX/TinyTeX/texmf-dist/fonts/type1/public/cm-super/sfrm1000.pfb><$HOME/.TinyTeX/TinyTeX/texmf-dist/fonts/type1/public/cm-super/sfrm1095.pfb>
Output written on main.pdf (31 pages, 600015 bytes).
Transcript written on main.log.
