H=e ln(1+ln L): max (A*+1)/H over b in 4..200000 = 8.9690 at (b,H,Q)=(17, 6.93, 5)
   b=4: ratio=7.204 H=3.61 Q=2
   b=5: ratio=8.420 H=4.07 Q=3
   b=6: ratio=8.128 H=4.46 Q=3
   b=8: ratio=7.881 H=5.11 Q=3
   b=10: ratio=8.727 H=5.63 Q=4
   b=16: ratio=8.266 H=6.78 Q=4
   b=32: ratio=8.441 H=8.54 Q=5
   b=100: ratio=8.616 H=11.56 Q=7
   b=1000: ratio=8.391 H=17.78 Q=10
   b=10000: ratio=8.247 H=24.04 Q=14
   b=100000: ratio=8.064 H=30.30 Q=17
   b=200000: ratio=8.022 H=32.18 Q=18
H_RS: max (A*+1)/H over b in 4..200000 = 12.7461 at (b,H,Q)=(65, 4.07, 7)
   b=4: ratio=6.875 H=4.00 Q=2
   b=5: ratio=8.375 H=4.00 Q=3
   b=6: ratio=8.438 H=4.00 Q=3
   b=8: ratio=8.562 H=4.00 Q=3
   b=10: ratio=9.875 H=4.00 Q=4
   b=16: ratio=10.062 H=4.00 Q=4
   b=32: ratio=11.141 H=4.00 Q=5
   b=100: ratio=12.332 H=4.50 Q=7
   b=1000: ratio=11.873 H=6.80 Q=10
   b=10000: ratio=11.742 H=9.11 Q=14
   b=100000: ratio=11.356 H=11.41 Q=17
   b=200000: ratio=11.269 H=12.10 Q=18
SCAN H=e ln(1+ln L): sup (A*+1)/H = 8.9712 at (b, t/40, H, Q) = (17, 1, 6.939, 5)
SCAN H_RS: sup (A*+1)/H = 12.7461 at (b, t/40, H, Q) = (65, 0, 4.07, 7)
