
=== gen_witness.py run start N=10000000 block_size=1000000 pid=47647 time=2026-09-25 14:36:23 ===
MAXV=10000694 (buffer=694) building SPF sieve...
SPF sieve built in 0.07s, array bytes=40002780
[mem] after SPF sieve: VmRSS=79300KB VmHWM=79300KB VmPeak=519980KB
[task1] block [1,1000000] done, never_in_block=29 elapsed=0.4s
[task1] block [1000001,2000000] done, never_in_block=0 elapsed=0.5s
[task1] block [2000001,3000000] done, never_in_block=0 elapsed=0.6s
[task1] block [3000001,4000000] done, never_in_block=0 elapsed=0.8s
[task1] block [4000001,5000000] done, never_in_block=0 elapsed=0.9s
[task1] block [5000001,6000000] done, never_in_block=0 elapsed=1.0s
[task1] block [6000001,7000000] done, never_in_block=0 elapsed=1.1s
[task1] block [7000001,8000000] done, never_in_block=0 elapsed=1.3s
[task1] block [8000001,9000000] done, never_in_block=0 elapsed=1.4s
[task1] block [9000001,10000000] done, never_in_block=0 elapsed=1.5s
[task1] done. remaining_without_witness=29, elapsed=1.5s
[mem] after task1: VmRSS=97144KB VmHWM=148264KB VmPeak=588244KB
[mem] after task1 cleanup, before task2: VmRSS=97144KB VmHWM=148264KB VmPeak=588244KB
[task2 l=1] done. exceptions=29, elapsed=1.4s
[mem] after task2 l=1: VmRSS=84452KB VmHWM=148264KB VmPeak=588244KB
[task2 l=2] done. exceptions=103, elapsed=2.0s
[mem] after task2 l=2: VmRSS=84452KB VmHWM=148264KB VmPeak=588244KB
[task2 l=3] done. exceptions=187, elapsed=2.2s
[mem] after task2 l=3: VmRSS=84452KB VmHWM=148264KB VmPeak=588244KB
[task2 l=5] done. exceptions=383, elapsed=2.5s
[mem] after task2 l=5: VmRSS=84484KB VmHWM=148264KB VmPeak=588244KB
[task2 l=8] done. exceptions=722, elapsed=2.8s
[mem] after task2 l=8: VmRSS=84500KB VmHWM=148264KB VmPeak=588244KB
[task2 l=13] done. exceptions=1531, elapsed=3.5s
[mem] after task2 l=13: VmRSS=84564KB VmHWM=148264KB VmPeak=588244KB
[task2 l=20] done. exceptions=2817, elapsed=3.8s
[mem] after task2 l=20: VmRSS=84596KB VmHWM=148264KB VmPeak=588244KB
=== gen_witness.py run end. total_elapsed=19.9s ===
