[    5.0s] A=2 secs=5.01 maxk3(l0)=70 none0=2053 minsig(C10)=[-15, 1654, 74, 21]
[    5.3s] A=1000002 secs=5.29 maxk3(l0)=53 none0=26 minsig(C10)=[-7, 1070152, 138, 33]
[    5.7s] A=2000002 secs=5.67 maxk3(l0)=93 none0=12 minsig(C10)=[-6, 2137891, 145, 34]
[    5.7s] A=3000002 secs=5.68 maxk3(l0)=63 none0=3 minsig(C10)=[-6, 3099856, 149, 35]
[    5.9s] A=4000002 secs=5.84 maxk3(l0)=113 none0=5 minsig(C10)=[-5, 4281236, 152, 36]
[   11.1s] A=5000002 secs=6.05 maxk3(l0)=57 none0=3 minsig(C10)=[-5, 5738827, 155, 36]
[   11.4s] A=6000002 secs=6.08 maxk3(l0)=54 none0=5 minsig(C10)=[-3, 6073567, 156, 36]
[   11.8s] A=7000002 secs=6.12 maxk3(l0)=70 none0=1 minsig(C10)=[-4, 7409197, 158, 37]
[   11.8s] A=8000002 secs=6.14 maxk3(l0)=42 none0=0 minsig(C10)=[-3, 8323047, 159, 37]
[   12.0s] A=9000002 secs=6.14 maxk3(l0)=27 none0=1 minsig(C10)=[-3, 9214966, 160, 37]
[   16.7s] A=10000002 secs=5.63 maxk3(l0)=30 none0=0 minsig(C10)=[-3, 10044978, 161, 37]
[   17.0s] A=11000002 secs=5.63 maxk3(l0)=78 none0=0 minsig(C10)=[-2, 11000227, 162, 37]
[   17.5s] A=12000002 secs=5.67 maxk3(l0)=50 none0=0 minsig(C10)=[-5, 12906393, 163, 38]
[   17.5s] A=13000002 secs=5.65 maxk3(l0)=23 none0=1 minsig(C10)=[-3, 13115184, 163, 38]
[   17.8s] A=14000002 secs=5.77 maxk3(l0)=42 none0=1 minsig(C10)=[-2, 14116347, 164, 38]
[   22.5s] A=15000002 secs=5.78 maxk3(l0)=25 none0=0 minsig(C10)=[-2, 15151117, 165, 38]
[   22.8s] A=16000002 secs=5.75 maxk3(l0)=47 none0=0 minsig(C10)=[-3, 16135121, 165, 38]
[   23.8s] A=17000002 secs=6.25 maxk3(l0)=25 none0=0 minsig(C10)=[-2, 17328327, 166, 38]
[   23.8s] A=18000002 secs=6.3 maxk3(l0)=30 none0=0 minsig(C10)=[-3, 18735412, 167, 39]
[   23.9s] A=19000002 secs=6.13 maxk3(l0)=30 none0=0 minsig(C10)=[-2, 19222227, 167, 39]
[   29.5s] A=20000002 secs=6.96 maxk3(l0)=86 none0=0 minsig(C10)=[-3, 20141151, 168, 39]
[   29.5s] A=21000002 secs=6.69 maxk3(l0)=36 none0=0 minsig(C10)=[-2, 21036003, 168, 39]
[   30.3s] A=22000002 secs=6.58 maxk3(l0)=28 none0=0 minsig(C10)=[-2, 22991966, 169, 39]
[   30.7s] A=23000002 secs=6.85 maxk3(l0)=24 none0=0 minsig(C10)=[-2, 23314352, 169, 39]
[   30.7s] A=24000002 secs=6.54 maxk3(l0)=20 none0=0 minsig(C10)=[-2, 24352162, 170, 39]
[   36.1s] A=25000002 secs=6.57 maxk3(l0)=30 none0=0 minsig(C10)=[-2, 25038184, 170, 39]
[   36.2s] A=26000002 secs=6.72 maxk3(l0)=26 none0=0 minsig(C10)=[-2, 26093306, 170, 39]
[   36.8s] A=27000002 secs=6.45 maxk3(l0)=42 none0=0 minsig(C10)=[-1, 27158425, 171, 39]
[   37.0s] A=28000002 secs=6.56 maxk3(l0)=36 none0=0 minsig(C10)=[-2, 28515610, 171, 39]
[   37.1s] A=29000002 secs=6.41 maxk3(l0)=19 none0=0 minsig(C10)=[-1, 29293863, 171, 39]
[   42.5s] A=30000002 secs=6.41 maxk3(l0)=29 none0=0 minsig(C10)=[-1, 30793405, 172, 39]
[   42.7s] A=31000002 secs=6.47 maxk3(l0)=25 none0=0 minsig(C10)=[-2, 31007708, 172, 39]
[   43.3s] A=32000002 secs=6.5 maxk3(l0)=29 none0=0 minsig(C10)=[-1, 32069470, 172, 39]
[   43.6s] A=33000002 secs=6.54 maxk3(l0)=33 none0=0 minsig(C10)=[-3, 33170446, 173, 40]
[   43.6s] A=34000002 secs=6.3 maxk3(l0)=35 none0=0 minsig(C10)=[-1, 34228228, 173, 40]
[   48.6s] A=35000002 secs=6.06 maxk3(l0)=22 none0=0 minsig(C10)=[-1, 35224387, 173, 40]
[   48.7s] A=36000002 secs=5.99 maxk3(l0)=23 none0=0 minsig(C10)=[-1, 36958022, 174, 40]
[   49.1s] A=37000002 secs=5.78 maxk3(l0)=22 none0=0 minsig(C10)=[-1, 37392048, 174, 40]
[   49.5s] A=38000002 secs=6.13 maxk3(l0)=42 none0=0 minsig(C10)=[0, 38051883, 174, 40]
[   49.5s] A=39000002 secs=5.81 maxk3(l0)=35 none0=0 minsig(C10)=[-1, 39139402, 174, 40]
[   54.6s] A=40000002 secs=6.02 maxk3(l0)=35 none0=0 minsig(C10)=[-2, 40059277, 175, 40]
[   54.6s] A=41000002 secs=5.92 maxk3(l0)=21 none0=0 minsig(C10)=[-2, 41233486, 175, 40]
[   55.0s] A=42000002 secs=5.86 maxk3(l0)=21 none0=0 minsig(C10)=[-1, 42142717, 175, 40]
[   55.4s] A=43000002 secs=5.97 maxk3(l0)=30 none0=0 minsig(C10)=[0, 43645351, 175, 40]
[   55.8s] A=44000002 secs=6.22 maxk3(l0)=35 none0=0 minsig(C10)=[-2, 44216431, 176, 40]
[   61.3s] A=45000002 secs=6.62 maxk3(l0)=24 none0=0 minsig(C10)=[-1, 45624296, 176, 40]
[   61.3s] A=46000002 secs=6.15 maxk3(l0)=28 none0=0 minsig(C10)=[-1, 46379412, 176, 40]
[   61.3s] A=47000002 secs=6.2 maxk3(l0)=28 none0=0 minsig(C10)=[-1, 47194228, 176, 40]
[   61.7s] A=48000002 secs=6.29 maxk3(l0)=21 none0=0 minsig(C10)=[-1, 48786398, 177, 40]
[   62.6s] A=49000002 secs=6.81 maxk3(l0)=36 none0=0 minsig(C10)=[0, 49301030, 177, 40]
[   68.4s] A=50000002 secs=7.58 maxk3(l0)=38 none0=0 minsig(C10)=[-1, 50501362, 177, 40]
[   68.7s] A=51000002 secs=7.48 maxk3(l0)=27 none0=0 minsig(C10)=[-1, 51364412, 177, 40]
[   68.9s] A=52000002 secs=7.6 maxk3(l0)=22 none0=0 minsig(C10)=[0, 52026186, 177, 40]
[   69.1s] A=53000002 secs=7.46 maxk3(l0)=23 none0=0 minsig(C10)=[0, 53106889, 177, 40]
[   70.4s] A=54000002 secs=7.81 maxk3(l0)=22 none0=0 minsig(C10)=[0, 54472035, 178, 40]
[   74.6s] A=55000002 secs=6.23 maxk3(l0)=21 none0=0 minsig(C10)=[1, 55011248, 178, 40]
[   74.9s] A=56000002 secs=6.24 maxk3(l0)=28 none0=0 minsig(C10)=[0, 56172901, 178, 40]
[   75.2s] A=57000002 secs=6.3 maxk3(l0)=36 none0=0 minsig(C10)=[0, 57381416, 178, 40]
[   75.3s] A=58000002 secs=6.15 maxk3(l0)=36 none0=0 minsig(C10)=[-1, 58836348, 178, 40]
[   76.7s] A=59000002 secs=6.29 maxk3(l0)=20 none0=0 minsig(C10)=[0, 59175746, 178, 40]
[   81.1s] A=60000002 secs=6.49 maxk3(l0)=18 none0=0 minsig(C10)=[0, 60229051, 179, 41]
[   81.3s] A=61000002 secs=6.39 maxk3(l0)=27 none0=0 minsig(C10)=[-1, 61305922, 179, 41]
[   81.7s] A=62000002 secs=6.56 maxk3(l0)=21 none0=0 minsig(C10)=[0, 62340267, 179, 41]
[   81.7s] A=63000002 secs=6.39 maxk3(l0)=22 none0=0 minsig(C10)=[1, 63145420, 179, 41]
[   83.4s] A=64000002 secs=6.67 maxk3(l0)=24 none0=0 minsig(C10)=[-1, 64529222, 179, 41]
[   86.8s] A=65000002 secs=5.64 maxk3(l0)=20 none0=0 minsig(C10)=[0, 65097211, 179, 41]
[   87.0s] A=66000002 secs=5.65 maxk3(l0)=31 none0=0 minsig(C10)=[0, 66040511, 180, 41]
[   87.4s] A=67000002 secs=5.7 maxk3(l0)=24 none0=0 minsig(C10)=[-1, 67839817, 180, 41]
[   87.6s] A=68000002 secs=5.82 maxk3(l0)=61 none0=0 minsig(C10)=[-1, 68746281, 180, 41]
[   89.4s] A=69000002 secs=6.04 maxk3(l0)=22 none0=0 minsig(C10)=[0, 69446911, 180, 41]
[   93.3s] A=70000002 secs=6.54 maxk3(l0)=20 none0=0 minsig(C10)=[0, 70387535, 180, 41]
[   93.5s] A=71000002 secs=6.49 maxk3(l0)=19 none0=0 minsig(C10)=[0, 71489662, 180, 41]
[   94.1s] A=72000002 secs=6.69 maxk3(l0)=21 none0=0 minsig(C10)=[0, 72079816, 180, 41]
[   94.5s] A=73000002 secs=6.9 maxk3(l0)=17 none0=0 minsig(C10)=[0, 73378737, 181, 42]
[   97.2s] A=74000002 secs=7.71 maxk3(l0)=16 none0=0 minsig(C10)=[0, 74215551, 181, 42]
[  100.7s] A=75000002 secs=7.4 maxk3(l0)=26 none0=0 minsig(C10)=[0, 75354535, 181, 42]
[  100.8s] A=76000002 secs=7.25 maxk3(l0)=15 none0=0 minsig(C10)=[1, 76142018, 181, 42]
[  101.6s] A=77000002 secs=7.45 maxk3(l0)=32 none0=0 minsig(C10)=[0, 77365506, 181, 42]
[  101.7s] A=78000002 secs=7.2 maxk3(l0)=21 none0=0 minsig(C10)=[-1, 78105526, 181, 42]
[  104.7s] A=79000002 secs=7.54 maxk3(l0)=20 none0=0 minsig(C10)=[-1, 79715983, 181, 42]
[  108.0s] A=80000002 secs=7.24 maxk3(l0)=19 none0=0 minsig(C10)=[0, 80386087, 182, 42]
[  108.4s] A=81000002 secs=7.63 maxk3(l0)=20 none0=0 minsig(C10)=[0, 81244808, 182, 42]
[  109.7s] A=82000002 secs=8.11 maxk3(l0)=18 none0=0 minsig(C10)=[-1, 82897305, 182, 42]
[  109.7s] A=83000002 secs=7.48 maxk3(l0)=18 none0=0 minsig(C10)=[0, 83686502, 182, 42]
[  113.0s] A=84000002 secs=8.22 maxk3(l0)=18 none0=0 minsig(C10)=[1, 84408451, 182, 42]
[  115.2s] A=85000002 secs=7.23 maxk3(l0)=18 none0=0 minsig(C10)=[-1, 85386590, 182, 42]
[  115.5s] A=86000002 secs=7.06 maxk3(l0)=28 none0=0 minsig(C10)=[0, 86356456, 182, 42]
[  116.4s] A=87000002 secs=7.21 maxk3(l0)=27 none0=0 minsig(C10)=[-1, 87077061, 182, 42]
[  116.8s] A=88000002 secs=7.11 maxk3(l0)=18 none0=0 minsig(C10)=[1, 88176631, 182, 42]
[  120.0s] A=89000002 secs=7.02 maxk3(l0)=25 none0=0 minsig(C10)=[1, 89705958, 183, 42]
[  122.6s] A=90000002 secs=7.31 maxk3(l0)=16 none0=0 minsig(C10)=[0, 90270259, 183, 42]
[  123.0s] A=91000002 secs=7.46 maxk3(l0)=25 none0=0 minsig(C10)=[-1, 91464262, 183, 42]
[  123.4s] A=92000002 secs=6.96 maxk3(l0)=16 none0=0 minsig(C10)=[1, 92131068, 183, 42]
[  124.1s] A=93000002 secs=7.32 maxk3(l0)=18 none0=0 minsig(C10)=[1, 93026266, 183, 42]
[  127.1s] A=94000002 secs=7.09 maxk3(l0)=17 none0=0 minsig(C10)=[1, 94072942, 183, 42]
[  129.0s] A=95000002 secs=6.46 maxk3(l0)=30 none0=0 minsig(C10)=[1, 95832232, 183, 42]
[  129.3s] A=96000002 secs=6.33 maxk3(l0)=16 none0=0 minsig(C10)=[1, 96578637, 183, 42]
[  130.0s] A=97000002 secs=6.62 maxk3(l0)=20 none0=0 minsig(C10)=[0, 97771598, 183, 42]
[  131.1s] A=98000002 secs=6.96 maxk3(l0)=15 none0=0 minsig(C10)=[0, 98899984, 184, 42]
[  134.3s] A=99000002 secs=7.19 maxk3(l0)=19 none0=0 minsig(C10)=[-1, 99506487, 184, 42]
[  135.8s] A=100000002 secs=6.79 maxk3(l0)=28 none0=0 minsig(C10)=[1, 100254640, 184, 42]
[  136.2s] A=101000002 secs=6.87 maxk3(l0)=21 none0=0 minsig(C10)=[1, 101240889, 184, 42]
[  136.5s] A=102000002 secs=6.5 maxk3(l0)=27 none0=0 minsig(C10)=[0, 102601192, 184, 42]
[  137.7s] A=103000002 secs=6.62 maxk3(l0)=20 none0=0 minsig(C10)=[1, 103601075, 184, 42]
[  141.1s] A=104000002 secs=6.78 maxk3(l0)=26 none0=0 minsig(C10)=[0, 104569245, 184, 42]
[  142.6s] A=105000002 secs=6.72 maxk3(l0)=17 none0=0 minsig(C10)=[1, 105329576, 184, 42]
[  142.9s] A=106000002 secs=6.68 maxk3(l0)=16 none0=0 minsig(C10)=[1, 106143909, 184, 42]
[  143.3s] A=107000002 secs=6.78 maxk3(l0)=16 none0=0 minsig(C10)=[0, 107325615, 184, 42]
[  144.8s] A=108000002 secs=7.02 maxk3(l0)=27 none0=0 minsig(C10)=[1, 108183561, 184, 42]
[  148.0s] A=109000002 secs=6.87 maxk3(l0)=22 none0=0 minsig(C10)=[1, 109019968, 185, 42]
[  150.0s] A=110000002 secs=7.41 maxk3(l0)=18 none0=0 minsig(C10)=[1, 110664650, 185, 42]
[  150.1s] A=111000002 secs=7.2 maxk3(l0)=35 none0=0 minsig(C10)=[1, 111318213, 185, 42]
[  150.8s] A=112000002 secs=7.46 maxk3(l0)=27 none0=0 minsig(C10)=[0, 112292547, 185, 42]
[  152.4s] A=113000002 secs=7.63 maxk3(l0)=20 none0=0 minsig(C10)=[1, 113214427, 185, 42]
[  155.3s] A=114000002 secs=7.25 maxk3(l0)=22 none0=0 minsig(C10)=[0, 114246607, 185, 42]
[  155.8s] A=115000002 secs=5.84 maxk3(l0)=18 none0=0 minsig(C10)=[1, 115893493, 185, 42]
[  155.9s] A=116000002 secs=5.79 maxk3(l0)=22 none0=0 minsig(C10)=[1, 116237881, 185, 42]
[  156.6s] A=117000002 secs=5.84 maxk3(l0)=22 none0=0 minsig(C10)=[0, 117768950, 185, 42]
[  158.2s] A=118000002 secs=5.79 maxk3(l0)=35 none0=0 minsig(C10)=[0, 118864331, 185, 42]
[  160.8s] A=119000002 secs=5.54 maxk3(l0)=18 none0=0 minsig(C10)=[1, 119520740, 185, 42]
[  161.1s] A=120000002 secs=5.26 maxk3(l0)=22 none0=0 minsig(C10)=[2, 120191931, 186, 42]
[  161.1s] A=121000002 secs=5.16 maxk3(l0)=27 none0=0 minsig(C10)=[1, 121209817, 186, 42]
[  161.8s] A=122000002 secs=5.24 maxk3(l0)=20 none0=0 minsig(C10)=[1, 122525187, 186, 42]
[  163.7s] A=123000002 secs=5.51 maxk3(l0)=18 none0=0 minsig(C10)=[1, 123567565, 186, 42]
[  166.3s] A=124000002 secs=5.5 maxk3(l0)=16 none0=0 minsig(C10)=[1, 124656745, 186, 42]
[  166.3s] A=125000002 secs=5.28 maxk3(l0)=18 none0=0 minsig(C10)=[1, 125886413, 186, 42]
[  166.5s] A=126000002 secs=5.34 maxk3(l0)=17 none0=0 minsig(C10)=[1, 126108932, 186, 42]
[  167.0s] A=127000002 secs=5.17 maxk3(l0)=26 none0=0 minsig(C10)=[-2, 127184379, 186, 42]
[  169.3s] A=128000002 secs=5.61 maxk3(l0)=40 none0=0 minsig(C10)=[1, 128319999, 186, 42]
[  171.6s] A=129000002 secs=5.24 maxk3(l0)=21 none0=0 minsig(C10)=[0, 129613564, 186, 42]
[  171.8s] A=130000002 secs=5.44 maxk3(l0)=30 none0=0 minsig(C10)=[1, 130234057, 186, 42]
[  171.8s] A=131000002 secs=5.24 maxk3(l0)=19 none0=0 minsig(C10)=[1, 131576341, 186, 42]
[  172.2s] A=132000002 secs=5.15 maxk3(l0)=16 none0=0 minsig(C10)=[1, 132620791, 187, 42]
[  174.7s] A=133000002 secs=5.39 maxk3(l0)=19 none0=0 minsig(C10)=[0, 133384945, 187, 42]
[  176.7s] A=134000002 secs=5.17 maxk3(l0)=25 none0=0 minsig(C10)=[2, 134353642, 187, 42]
[  176.9s] A=135000002 secs=5.23 maxk3(l0)=15 none0=0 minsig(C10)=[1, 135935164, 187, 42]
[  177.2s] A=136000002 secs=5.4 maxk3(l0)=16 none0=0 minsig(C10)=[1, 136741700, 187, 42]
[  177.3s] A=137000002 secs=5.14 maxk3(l0)=21 none0=0 minsig(C10)=[2, 137212232, 187, 42]
[  180.2s] A=138000002 secs=5.43 maxk3(l0)=21 none0=0 minsig(C10)=[0, 138208216, 187, 42]
[  181.9s] A=139000002 secs=5.17 maxk3(l0)=16 none0=0 minsig(C10)=[1, 139695091, 187, 42]
[  182.1s] A=140000002 secs=5.13 maxk3(l0)=16 none0=0 minsig(C10)=[1, 140070191, 187, 42]
[  182.6s] A=141000002 secs=5.41 maxk3(l0)=21 none0=0 minsig(C10)=[1, 141700044, 187, 42]
[  182.6s] A=142000002 secs=5.12 maxk3(l0)=16 none0=0 minsig(C10)=[1, 142512038, 187, 42]
[  185.5s] A=143000002 secs=5.33 maxk3(l0)=22 none0=0 minsig(C10)=[1, 143308134, 187, 42]
[  187.1s] A=144000002 secs=5.17 maxk3(l0)=31 none0=0 minsig(C10)=[2, 144012832, 187, 42]
[  187.2s] A=145000002 secs=5.07 maxk3(l0)=28 none0=0 minsig(C10)=[1, 145837465, 187, 42]
[  187.5s] A=146000002 secs=5.08 maxk3(l0)=22 none0=0 minsig(C10)=[1, 146528156, 188, 42]
[  188.0s] A=147000002 secs=5.38 maxk3(l0)=20 none0=0 minsig(C10)=[1, 147738067, 188, 42]
[  190.9s] A=148000002 secs=5.39 maxk3(l0)=25 none0=0 minsig(C10)=[1, 148362385, 188, 42]
[  192.2s] A=149000002 secs=5.13 maxk3(l0)=22 none0=0 minsig(C10)=[1, 149357148, 188, 42]
[  192.3s] A=150000002 secs=5.11 maxk3(l0)=19 none0=0 minsig(C10)=[1, 150289778, 188, 42]
[  192.6s] A=151000002 secs=5.03 maxk3(l0)=18 none0=0 minsig(C10)=[0, 151789927, 188, 42]
[  193.3s] A=152000002 secs=5.31 maxk3(l0)=18 none0=0 minsig(C10)=[1, 152766187, 188, 42]
[  196.2s] A=153000002 secs=5.33 maxk3(l0)=18 none0=0 minsig(C10)=[0, 153580144, 188, 42]
[  197.4s] A=154000002 secs=5.15 maxk3(l0)=21 none0=0 minsig(C10)=[1, 154400794, 188, 42]
[  197.4s] A=155000002 secs=5.13 maxk3(l0)=17 none0=0 minsig(C10)=[0, 155043803, 188, 42]
[  197.7s] A=156000002 secs=5.12 maxk3(l0)=22 none0=0 minsig(C10)=[1, 156725176, 188, 42]
[  198.7s] A=157000002 secs=5.39 maxk3(l0)=18 none0=0 minsig(C10)=[0, 157175247, 188, 42]
[  201.5s] A=158000002 secs=5.32 maxk3(l0)=22 none0=0 minsig(C10)=[2, 158248327, 188, 42]
[  202.6s] A=159000002 secs=5.22 maxk3(l0)=19 none0=0 minsig(C10)=[1, 159255105, 188, 42]
[  202.6s] A=160000002 secs=5.16 maxk3(l0)=17 none0=0 minsig(C10)=[1, 160437404, 188, 42]
[  202.8s] A=161000002 secs=5.08 maxk3(l0)=18 none0=0 minsig(C10)=[2, 161053147, 188, 42]
[  204.0s] A=162000002 secs=5.36 maxk3(l0)=17 none0=0 minsig(C10)=[1, 162931435, 189, 42]
[  207.0s] A=163000002 secs=5.41 maxk3(l0)=25 none0=0 minsig(C10)=[1, 163306357, 189, 42]
[  207.8s] A=164000002 secs=5.25 maxk3(l0)=16 none0=0 minsig(C10)=[2, 164028027, 189, 42]
[  207.9s] A=165000002 secs=5.34 maxk3(l0)=18 none0=0 minsig(C10)=[2, 165601345, 189, 42]
[  208.1s] A=166000002 secs=5.32 maxk3(l0)=20 none0=0 minsig(C10)=[2, 166511402, 189, 42]
[  209.7s] A=167000002 secs=5.63 maxk3(l0)=19 none0=0 minsig(C10)=[1, 167166616, 189, 42]
[  212.4s] A=168000002 secs=5.46 maxk3(l0)=20 none0=0 minsig(C10)=[1, 168965131, 189, 42]
[  213.1s] A=169000002 secs=5.31 maxk3(l0)=19 none0=0 minsig(C10)=[3, 169070021, 189, 42]
[  213.2s] A=170000002 secs=5.26 maxk3(l0)=20 none0=0 minsig(C10)=[2, 170294336, 189, 42]
[  213.3s] A=171000002 secs=5.18 maxk3(l0)=20 none0=0 minsig(C10)=[1, 171333548, 189, 42]
[  215.1s] A=172000002 secs=5.42 maxk3(l0)=23 none0=0 minsig(C10)=[0, 172026367, 189, 42]
[  218.1s] A=173000002 secs=5.71 maxk3(l0)=14 none0=0 minsig(C10)=[2, 173090162, 189, 42]
[  218.6s] A=174000002 secs=5.42 maxk3(l0)=21 none0=0 minsig(C10)=[2, 174092671, 189, 42]
[  218.8s] A=175000002 secs=5.58 maxk3(l0)=20 none0=0 minsig(C10)=[2, 175116712, 189, 42]
[  218.8s] A=176000002 secs=5.46 maxk3(l0)=18 none0=0 minsig(C10)=[2, 176102067, 189, 42]
[  220.7s] A=177000002 secs=5.58 maxk3(l0)=18 none0=0 minsig(C10)=[1, 177126327, 189, 42]
[  223.3s] A=178000002 secs=5.16 maxk3(l0)=20 none0=0 minsig(C10)=[2, 178575972, 190, 42]
[  223.6s] A=179000002 secs=5.06 maxk3(l0)=27 none0=0 minsig(C10)=[2, 179171956, 190, 42]
[  223.8s] A=180000002 secs=5.06 maxk3(l0)=21 none0=0 minsig(C10)=[2, 180434932, 190, 42]
[  223.9s] A=181000002 secs=5.07 maxk3(l0)=30 none0=0 minsig(C10)=[2, 181173308, 190, 42]
[  226.0s] A=182000002 secs=5.32 maxk3(l0)=34 none0=0 minsig(C10)=[0, 182900845, 190, 42]
[  228.7s] A=183000002 secs=5.45 maxk3(l0)=22 none0=0 minsig(C10)=[2, 183596986, 190, 42]
[  228.7s] A=184000002 secs=5.03 maxk3(l0)=17 none0=0 minsig(C10)=[1, 184296806, 190, 42]
[  228.9s] A=185000002 secs=5.12 maxk3(l0)=17 none0=0 minsig(C10)=[2, 185103843, 190, 42]
[  229.0s] A=186000002 secs=5.16 maxk3(l0)=20 none0=0 minsig(C10)=[2, 186458031, 190, 42]
[  231.3s] A=187000002 secs=5.25 maxk3(l0)=24 none0=0 minsig(C10)=[1, 187127941, 190, 42]
[  233.6s] A=188000002 secs=4.97 maxk3(l0)=23 none0=0 minsig(C10)=[1, 188131626, 190, 42]
[  234.0s] A=189000002 secs=5.25 maxk3(l0)=24 none0=0 minsig(C10)=[2, 189180202, 190, 42]
[  234.0s] A=190000002 secs=5.05 maxk3(l0)=18 none0=0 minsig(C10)=[0, 190190188, 190, 42]
[  234.1s] A=191000002 secs=5.05 maxk3(l0)=22 none0=0 minsig(C10)=[3, 191158663, 190, 42]
[  236.5s] A=192000002 secs=5.22 maxk3(l0)=19 none0=0 minsig(C10)=[2, 192178343, 190, 42]
[  238.7s] A=193000002 secs=5.03 maxk3(l0)=22 none0=0 minsig(C10)=[2, 193254531, 190, 42]
[  239.1s] A=194000002 secs=5.08 maxk3(l0)=22 none0=0 minsig(C10)=[2, 194436717, 190, 42]
[  239.3s] A=195000002 secs=5.33 maxk3(l0)=15 none0=0 minsig(C10)=[3, 195032541, 190, 42]
[  239.3s] A=196000002 secs=5.03 maxk3(l0)=16 none0=0 minsig(C10)=[2, 196135177, 190, 42]
[  241.7s] A=197000002 secs=5.19 maxk3(l0)=17 none0=0 minsig(C10)=[1, 197838707, 191, 43]
[  243.7s] A=198000002 secs=5.01 maxk3(l0)=16 none0=0 minsig(C10)=[2, 198305773, 191, 43]
[  244.1s] A=199000002 secs=5.08 maxk3(l0)=25 none0=0 minsig(C10)=[2, 199228076, 191, 43]
[  244.2s] A=200000002 secs=5.12 maxk3(l0)=16 none0=0 minsig(C10)=[1, 200982487, 191, 43]
[  244.6s] A=201000002 secs=5.24 maxk3(l0)=28 none0=0 minsig(C10)=[2, 201268958, 191, 43]
[  246.9s] A=202000002 secs=5.25 maxk3(l0)=17 none0=0 minsig(C10)=[2, 202365604, 191, 43]
[  248.7s] A=203000002 secs=5.01 maxk3(l0)=28 none0=0 minsig(C10)=[1, 203396247, 191, 43]
[  249.2s] A=204000002 secs=5.06 maxk3(l0)=18 none0=0 minsig(C10)=[1, 204075517, 191, 43]
[  249.4s] A=205000002 secs=5.12 maxk3(l0)=18 none0=0 minsig(C10)=[2, 205502207, 191, 43]
[  249.9s] A=206000002 secs=5.31 maxk3(l0)=18 none0=0 minsig(C10)=[1, 206240521, 191, 43]
[  252.3s] A=207000002 secs=5.39 maxk3(l0)=21 none0=0 minsig(C10)=[2, 207981681, 191, 43]
[  253.9s] A=208000002 secs=5.19 maxk3(l0)=17 none0=0 minsig(C10)=[2, 208085221, 191, 43]
[  254.4s] A=209000002 secs=5.23 maxk3(l0)=13 none0=0 minsig(C10)=[1, 209220021, 191, 43]
[  254.6s] A=210000002 secs=5.23 maxk3(l0)=16 none0=0 minsig(C10)=[3, 210035470, 191, 43]
[  255.2s] A=211000002 secs=5.32 maxk3(l0)=14 none0=0 minsig(C10)=[1, 211416565, 191, 43]
[  257.7s] A=212000002 secs=5.37 maxk3(l0)=21 none0=0 minsig(C10)=[2, 212090853, 191, 43]
[  258.9s] A=213000002 secs=5.06 maxk3(l0)=20 none0=0 minsig(C10)=[2, 213628257, 191, 43]
[  259.6s] A=214000002 secs=5.13 maxk3(l0)=16 none0=0 minsig(C10)=[2, 214089613, 191, 43]
[  259.7s] A=215000002 secs=5.06 maxk3(l0)=21 none0=0 minsig(C10)=[2, 215234181, 191, 43]
[  260.5s] A=216000002 secs=5.28 maxk3(l0)=14 none0=0 minsig(C10)=[2, 216378296, 191, 43]
[  263.0s] A=217000002 secs=5.26 maxk3(l0)=22 none0=0 minsig(C10)=[1, 217471246, 191, 43]
[  264.0s] A=218000002 secs=5.08 maxk3(l0)=21 none0=0 minsig(C10)=[2, 218378604, 192, 43]
[  264.8s] A=219000002 secs=5.22 maxk3(l0)=16 none0=0 minsig(C10)=[1, 219708415, 192, 43]
[  264.8s] A=220000002 secs=5.1 maxk3(l0)=16 none0=0 minsig(C10)=[2, 220150717, 192, 43]
[  265.9s] A=221000002 secs=5.44 maxk3(l0)=16 none0=0 minsig(C10)=[2, 221230115, 192, 43]
[  268.5s] A=222000002 secs=5.5 maxk3(l0)=22 none0=0 minsig(C10)=[2, 222739237, 192, 43]
[  269.3s] A=223000002 secs=5.28 maxk3(l0)=17 none0=0 minsig(C10)=[1, 223587878, 192, 43]
[  270.0s] A=224000002 secs=5.21 maxk3(l0)=18 none0=0 minsig(C10)=[1, 224329337, 192, 43]
[  270.2s] A=225000002 secs=5.36 maxk3(l0)=24 none0=0 minsig(C10)=[2, 225948837, 192, 43]
[  271.6s] A=226000002 secs=5.62 maxk3(l0)=19 none0=0 minsig(C10)=[2, 226411446, 192, 43]
[  274.0s] A=227000002 secs=5.53 maxk3(l0)=24 none0=0 minsig(C10)=[2, 227557346, 192, 43]
[  274.5s] A=228000002 secs=5.18 maxk3(l0)=29 none0=0 minsig(C10)=[2, 228486910, 192, 43]
[  275.2s] A=229000002 secs=5.24 maxk3(l0)=24 none0=0 minsig(C10)=[2, 229043109, 192, 43]
[  275.5s] A=230000002 secs=5.28 maxk3(l0)=16 none0=0 minsig(C10)=[2, 230105074, 192, 43]
[  277.0s] A=231000002 secs=5.42 maxk3(l0)=15 none0=0 minsig(C10)=[2, 231197374, 192, 43]
[  279.3s] A=232000002 secs=5.34 maxk3(l0)=26 none0=0 minsig(C10)=[3, 232017446, 192, 43]
[  279.6s] A=233000002 secs=5.15 maxk3(l0)=18 none0=0 minsig(C10)=[2, 233949500, 192, 43]
[  280.3s] A=234000002 secs=5.04 maxk3(l0)=21 none0=0 minsig(C10)=[1, 234751903, 192, 43]
[  280.6s] A=235000002 secs=5.17 maxk3(l0)=21 none0=0 minsig(C10)=[2, 235006146, 192, 43]
[  282.3s] A=236000002 secs=5.34 maxk3(l0)=36 none0=0 minsig(C10)=[2, 236336211, 192, 43]
[  284.6s] A=237000002 secs=5.29 maxk3(l0)=16 none0=0 minsig(C10)=[2, 237381874, 192, 43]
[  284.8s] A=238000002 secs=5.11 maxk3(l0)=26 none0=0 minsig(C10)=[1, 238377574, 192, 43]
[  285.3s] A=239000002 secs=5.06 maxk3(l0)=20 none0=0 minsig(C10)=[3, 239104945, 192, 43]
[  285.7s] A=240000002 secs=5.11 maxk3(l0)=20 none0=0 minsig(C10)=[3, 240113059, 192, 43]
[  287.9s] A=241000002 secs=5.59 maxk3(l0)=17 none0=0 minsig(C10)=[2, 241099436, 193, 44]
[  290.2s] A=242000002 secs=5.57 maxk3(l0)=25 none0=0 minsig(C10)=[3, 242019158, 193, 44]
[  290.2s] A=243000002 secs=5.28 maxk3(l0)=16 none0=0 minsig(C10)=[2, 243161194, 193, 44]
[  290.6s] A=244000002 secs=5.33 maxk3(l0)=24 none0=0 minsig(C10)=[2, 244135238, 193, 44]
[  291.0s] A=245000002 secs=5.21 maxk3(l0)=23 none0=0 minsig(C10)=[2, 245339553, 193, 44]
[  293.4s] A=246000002 secs=5.44 maxk3(l0)=15 none0=0 minsig(C10)=[2, 246673311, 193, 44]
[  295.2s] A=247000002 secs=5.2 maxk3(l0)=22 none0=0 minsig(C10)=[0, 247741328, 193, 44]
[  295.6s] A=248000002 secs=5.38 maxk3(l0)=26 none0=0 minsig(C10)=[0, 248599898, 193, 44]
[  295.8s] A=249000002 secs=5.18 maxk3(l0)=16 none0=0 minsig(C10)=[2, 249079437, 193, 44]
[  296.2s] A=250000002 secs=5.26 maxk3(l0)=18 none0=0 minsig(C10)=[2, 250233783, 193, 44]
[  298.8s] A=251000002 secs=5.44 maxk3(l0)=17 none0=0 minsig(C10)=[2, 251378535, 193, 44]
[  300.4s] A=252000002 secs=5.18 maxk3(l0)=19 none0=0 minsig(C10)=[2, 252780686, 193, 44]
[  301.1s] A=253000002 secs=5.45 maxk3(l0)=16 none0=0 minsig(C10)=[2, 253619994, 193, 44]
[  301.1s] A=254000002 secs=5.16 maxk3(l0)=15 none0=0 minsig(C10)=[2, 254544494, 193, 44]
[  301.4s] A=255000002 secs=5.15 maxk3(l0)=19 none0=0 minsig(C10)=[1, 255338836, 193, 44]
[  304.4s] A=256000002 secs=5.59 maxk3(l0)=17 none0=0 minsig(C10)=[2, 256799912, 193, 44]
[  305.8s] A=257000002 secs=5.33 maxk3(l0)=18 none0=0 minsig(C10)=[2, 257661121, 193, 44]
[  306.3s] A=258000002 secs=5.32 maxk3(l0)=22 none0=0 minsig(C10)=[2, 258034094, 193, 44]
[  306.7s] A=259000002 secs=5.65 maxk3(l0)=13 none0=0 minsig(C10)=[3, 259013246, 193, 44]
[  306.7s] A=260000002 secs=5.27 maxk3(l0)=16 none0=0 minsig(C10)=[1, 260530988, 193, 44]
[  309.9s] A=261000002 secs=5.5 maxk3(l0)=23 none0=0 minsig(C10)=[2, 261175405, 193, 44]
[  311.0s] A=262000002 secs=5.26 maxk3(l0)=23 none0=0 minsig(C10)=[2, 262890926, 193, 44]
[  311.6s] A=263000002 secs=5.28 maxk3(l0)=18 none0=0 minsig(C10)=[1, 263995350, 193, 44]
[  312.0s] A=264000002 secs=5.33 maxk3(l0)=20 none0=0 minsig(C10)=[2, 264298821, 193, 44]
[  312.2s] A=265000002 secs=5.51 maxk3(l0)=21 none0=0 minsig(C10)=[1, 265871842, 193, 44]
[  315.4s] A=266000002 secs=5.51 maxk3(l0)=14 none0=0 minsig(C10)=[3, 266130596, 193, 44]
[  316.3s] A=267000002 secs=5.28 maxk3(l0)=17 none0=0 minsig(C10)=[2, 267043981, 194, 44]
[  316.9s] A=268000002 secs=5.32 maxk3(l0)=14 none0=0 minsig(C10)=[3, 268984105, 194, 44]
[  317.3s] A=269000002 secs=5.36 maxk3(l0)=22 none0=0 minsig(C10)=[2, 269582986, 194, 44]
[  317.7s] A=270000002 secs=5.49 maxk3(l0)=16 none0=0 minsig(C10)=[1, 270178222, 194, 44]
[  321.0s] A=271000002 secs=5.56 maxk3(l0)=17 none0=0 minsig(C10)=[3, 271251768, 194, 44]
[  321.7s] A=272000002 secs=5.38 maxk3(l0)=19 none0=0 minsig(C10)=[1, 272869299, 194, 44]
[  322.4s] A=273000002 secs=5.45 maxk3(l0)=19 none0=0 minsig(C10)=[2, 273004099, 194, 44]
[  322.6s] A=274000002 secs=5.29 maxk3(l0)=16 none0=0 minsig(C10)=[3, 274177166, 194, 44]
[  323.3s] A=275000002 secs=5.57 maxk3(l0)=16 none0=0 minsig(C10)=[1, 275230606, 194, 44]
[  326.7s] A=276000002 secs=5.69 maxk3(l0)=16 none0=0 minsig(C10)=[2, 276068567, 194, 44]
[  327.0s] A=277000002 secs=5.32 maxk3(l0)=17 none0=0 minsig(C10)=[2, 277042167, 194, 44]
[  327.9s] A=278000002 secs=5.5 maxk3(l0)=14 none0=0 minsig(C10)=[3, 278536315, 194, 44]
[  328.1s] A=279000002 secs=5.45 maxk3(l0)=16 none0=0 minsig(C10)=[1, 279562471, 194, 44]
[  329.1s] A=280000002 secs=5.79 maxk3(l0)=23 none0=0 minsig(C10)=[3, 280210008, 194, 44]
[  332.2s] A=281000002 secs=5.52 maxk3(l0)=29 none0=0 minsig(C10)=[3, 281095711, 194, 44]
[  332.3s] A=282000002 secs=5.31 maxk3(l0)=15 none0=0 minsig(C10)=[2, 282582458, 194, 44]
[  333.2s] A=283000002 secs=5.36 maxk3(l0)=21 none0=0 minsig(C10)=[1, 283504294, 194, 44]
[  333.4s] A=284000002 secs=5.35 maxk3(l0)=17 none0=0 minsig(C10)=[2, 284129217, 194, 44]
[  334.8s] A=285000002 secs=5.7 maxk3(l0)=17 none0=0 minsig(C10)=[3, 285169072, 194, 44]
[  337.9s] A=286000002 secs=5.71 maxk3(l0)=18 none0=0 minsig(C10)=[2, 286105617, 194, 44]
[  337.9s] A=287000002 secs=5.49 maxk3(l0)=22 none0=0 minsig(C10)=[2, 287041117, 194, 44]
[  338.7s] A=288000002 secs=5.46 maxk3(l0)=16 none0=0 minsig(C10)=[1, 288429001, 194, 44]
[  338.8s] A=289000002 secs=5.38 maxk3(l0)=16 none0=0 minsig(C10)=[3, 289043448, 194, 44]
[  340.5s] A=290000002 secs=5.7 maxk3(l0)=13 none0=0 minsig(C10)=[2, 290881722, 194, 44]
[  343.9s] A=291000002 secs=6.02 maxk3(l0)=17 none0=0 minsig(C10)=[3, 291641956, 194, 44]
[  344.0s] A=292000002 secs=6.07 maxk3(l0)=14 none0=0 minsig(C10)=[3, 292339114, 194, 44]
[  344.8s] A=293000002 secs=6.12 maxk3(l0)=30 none0=0 minsig(C10)=[1, 293398744, 194, 44]
[  344.9s] A=294000002 secs=6.03 maxk3(l0)=18 none0=0 minsig(C10)=[3, 294231510, 194, 44]
[  347.4s] A=295000002 secs=6.94 maxk3(l0)=13 none0=0 minsig(C10)=[2, 295811120, 195, 44]
[  350.5s] A=296000002 secs=6.63 maxk3(l0)=20 none0=0 minsig(C10)=[2, 296206936, 195, 44]
[  350.7s] A=297000002 secs=6.72 maxk3(l0)=15 none0=0 minsig(C10)=[3, 297457256, 195, 44]
[  351.2s] A=298000002 secs=6.39 maxk3(l0)=21 none0=0 minsig(C10)=[2, 298595011, 195, 44]
[  351.4s] A=299000002 secs=6.55 maxk3(l0)=15 none0=0 minsig(C10)=[2, 299256352, 195, 44]
[  353.6s] A=300000002 secs=6.19 maxk3(l0)=17 none0=0 minsig(C10)=[3, 300116251, 195, 44]
[  356.4s] A=301000002 secs=5.91 maxk3(l0)=16 none0=0 minsig(C10)=[3, 301013904, 195, 44]
[  356.8s] A=302000002 secs=6.02 maxk3(l0)=13 none0=0 minsig(C10)=[3, 302409591, 195, 44]
[  357.0s] A=303000002 secs=5.79 maxk3(l0)=16 none0=0 minsig(C10)=[3, 303281207, 195, 44]
[  357.2s] A=304000002 secs=5.8 maxk3(l0)=22 none0=0 minsig(C10)=[3, 304068805, 195, 44]
[  359.8s] A=305000002 secs=6.11 maxk3(l0)=17 none0=0 minsig(C10)=[2, 305106279, 195, 44]
[  362.4s] A=306000002 secs=5.94 maxk3(l0)=14 none0=0 minsig(C10)=[1, 306256850, 195, 44]
[  363.0s] A=307000002 secs=6.27 maxk3(l0)=17 none0=0 minsig(C10)=[2, 307249111, 195, 44]
[  363.0s] A=308000002 secs=5.97 maxk3(l0)=16 none0=0 minsig(C10)=[2, 308330116, 195, 44]
[  363.2s] A=309000002 secs=6.0 maxk3(l0)=18 none0=0 minsig(C10)=[2, 309749476, 195, 44]
[  365.9s] A=310000002 secs=6.16 maxk3(l0)=16 none0=0 minsig(C10)=[2, 310098751, 195, 44]
[  368.3s] A=311000002 secs=5.91 maxk3(l0)=23 none0=0 minsig(C10)=[3, 311255707, 195, 44]
[  368.9s] A=312000002 secs=5.9 maxk3(l0)=21 none0=0 minsig(C10)=[1, 312355146, 195, 44]
[  369.3s] A=313000002 secs=6.23 maxk3(l0)=21 none0=0 minsig(C10)=[3, 313030290, 195, 44]
[  369.3s] A=314000002 secs=5.66 maxk3(l0)=23 none0=0 minsig(C10)=[2, 314677398, 195, 44]
[  372.0s] A=315000002 secs=6.05 maxk3(l0)=17 none0=0 minsig(C10)=[2, 315937012, 195, 44]
[  374.1s] A=316000002 secs=5.84 maxk3(l0)=15 none0=0 minsig(C10)=[2, 316134513, 195, 44]
[  374.7s] A=317000002 secs=5.76 maxk3(l0)=15 none0=0 minsig(C10)=[3, 317106142, 195, 44]
[  374.7s] A=318000002 secs=5.72 maxk3(l0)=21 none0=0 minsig(C10)=[3, 318390081, 195, 44]
[  375.2s] A=319000002 secs=5.89 maxk3(l0)=18 none0=0 minsig(C10)=[2, 319256763, 195, 44]
[  377.8s] A=320000002 secs=5.8 maxk3(l0)=17 none0=0 minsig(C10)=[3, 320013592, 195, 44]
[  379.6s] A=321000002 secs=5.5 maxk3(l0)=15 none0=0 minsig(C10)=[3, 321190156, 195, 44]
[  380.3s] A=322000002 secs=5.66 maxk3(l0)=17 none0=0 minsig(C10)=[3, 322004761, 195, 44]
[  380.3s] A=323000002 secs=5.57 maxk3(l0)=26 none0=0 minsig(C10)=[2, 323159418, 195, 44]
[  381.0s] A=324000002 secs=5.86 maxk3(l0)=18 none0=0 minsig(C10)=[3, 324104418, 195, 44]
[  383.6s] A=325000002 secs=5.76 maxk3(l0)=14 none0=0 minsig(C10)=[3, 325154418, 195, 44]
[  385.2s] A=326000002 secs=5.52 maxk3(l0)=16 none0=0 minsig(C10)=[2, 326347607, 196, 44]
[  385.8s] A=327000002 secs=5.53 maxk3(l0)=14 none0=0 minsig(C10)=[2, 327818739, 196, 44]
[  385.8s] A=328000002 secs=5.42 maxk3(l0)=16 none0=0 minsig(C10)=[1, 328744852, 196, 44]
[  386.9s] A=329000002 secs=5.88 maxk3(l0)=21 none0=0 minsig(C10)=[2, 329857875, 196, 44]
[  389.2s] A=330000002 secs=5.62 maxk3(l0)=17 none0=0 minsig(C10)=[3, 330179686, 196, 44]
[  390.8s] A=331000002 secs=5.61 maxk3(l0)=25 none0=0 minsig(C10)=[3, 331003612, 196, 44]
[  391.2s] A=332000002 secs=5.48 maxk3(l0)=15 none0=0 minsig(C10)=[3, 332466831, 196, 44]
[  391.4s] A=333000002 secs=5.6 maxk3(l0)=21 none0=0 minsig(C10)=[3, 333674206, 196, 44]
[  392.7s] A=334000002 secs=5.79 maxk3(l0)=17 none0=0 minsig(C10)=[3, 334471203, 196, 44]
[  395.0s] A=335000002 secs=5.75 maxk3(l0)=12 none0=0 minsig(C10)=[3, 335085460, 196, 44]
[  396.3s] A=336000002 secs=5.55 maxk3(l0)=20 none0=0 minsig(C10)=[3, 336645391, 196, 44]
[  396.7s] A=337000002 secs=5.48 maxk3(l0)=18 none0=0 minsig(C10)=[2, 337061961, 196, 44]
[  397.1s] A=338000002 secs=5.66 maxk3(l0)=17 none0=0 minsig(C10)=[3, 338816095, 196, 44]
[  398.7s] A=339000002 secs=5.97 maxk3(l0)=16 none0=0 minsig(C10)=[2, 339347187, 196, 44]
[  400.7s] A=340000002 secs=5.74 maxk3(l0)=15 none0=0 minsig(C10)=[3, 340120448, 196, 44]
[  401.9s] A=341000002 secs=5.58 maxk3(l0)=16 none0=0 minsig(C10)=[3, 341370235, 196, 44]
[  402.3s] A=342000002 secs=5.53 maxk3(l0)=19 none0=0 minsig(C10)=[2, 342319642, 196, 44]
[  402.5s] A=343000002 secs=5.48 maxk3(l0)=20 none0=0 minsig(C10)=[2, 343352710, 196, 44]
[  404.2s] A=344000002 secs=5.47 maxk3(l0)=22 none0=0 minsig(C10)=[3, 344038250, 196, 44]
[  406.7s] A=345000002 secs=5.95 maxk3(l0)=17 none0=0 minsig(C10)=[3, 345130025, 196, 44]
[  407.7s] A=346000002 secs=5.75 maxk3(l0)=15 none0=0 minsig(C10)=[3, 346416403, 196, 44]
[  408.2s] A=347000002 secs=5.94 maxk3(l0)=15 none0=0 minsig(C10)=[3, 347037883, 196, 44]
[  408.4s] A=348000002 secs=5.82 maxk3(l0)=14 none0=0 minsig(C10)=[1, 348452764, 196, 44]
[  410.6s] A=349000002 secs=6.4 maxk3(l0)=27 none0=0 minsig(C10)=[2, 349773951, 196, 44]
[  412.9s] A=350000002 secs=6.19 maxk3(l0)=14 none0=0 minsig(C10)=[1, 350369511, 196, 44]
[  413.8s] A=351000002 secs=6.08 maxk3(l0)=19 none0=0 minsig(C10)=[4, 351048438, 196, 44]
[  414.5s] A=352000002 secs=6.24 maxk3(l0)=15 none0=0 minsig(C10)=[2, 352577116, 196, 44]
[  414.5s] A=353000002 secs=6.0 maxk3(l0)=16 none0=0 minsig(C10)=[3, 353009697, 196, 44]
[  416.3s] A=354000002 secs=5.69 maxk3(l0)=15 none0=0 minsig(C10)=[3, 354491121, 196, 44]
[  419.1s] A=355000002 secs=6.19 maxk3(l0)=16 none0=0 minsig(C10)=[3, 355069171, 196, 44]
[  419.8s] A=356000002 secs=6.05 maxk3(l0)=13 none0=0 minsig(C10)=[3, 356324626, 196, 44]
[  420.6s] A=357000002 secs=6.25 maxk3(l0)=15 none0=0 minsig(C10)=[3, 357045886, 196, 44]
[  420.7s] A=358000002 secs=6.26 maxk3(l0)=28 none0=0 minsig(C10)=[1, 358590002, 196, 44]
[  422.5s] A=359000002 secs=6.25 maxk3(l0)=16 none0=0 minsig(C10)=[2, 359256496, 196, 44]
[  425.5s] A=360000002 secs=6.35 maxk3(l0)=19 none0=0 minsig(C10)=[3, 360547117, 197, 45]
[  425.8s] A=361000002 secs=6.01 maxk3(l0)=18 none0=0 minsig(C10)=[2, 361104432, 197, 45]
[  426.8s] A=362000002 secs=6.18 maxk3(l0)=18 none0=0 minsig(C10)=[3, 362475670, 197, 45]
[  426.9s] A=363000002 secs=6.18 maxk3(l0)=18 none0=0 minsig(C10)=[3, 363093911, 197, 45]
[  428.8s] A=364000002 secs=6.26 maxk3(l0)=18 none0=0 minsig(C10)=[3, 364149214, 197, 45]
[  431.9s] A=365000002 secs=6.39 maxk3(l0)=19 none0=0 minsig(C10)=[4, 365126178, 197, 45]
[  431.9s] A=366000002 secs=6.02 maxk3(l0)=16 none0=0 minsig(C10)=[3, 366040016, 197, 45]
[  433.0s] A=367000002 secs=6.17 maxk3(l0)=30 none0=0 minsig(C10)=[3, 367256555, 197, 45]
[  433.1s] A=368000002 secs=6.2 maxk3(l0)=16 none0=0 minsig(C10)=[3, 368138491, 197, 45]
[  435.0s] A=369000002 secs=6.23 maxk3(l0)=15 none0=0 minsig(C10)=[4, 369071718, 197, 45]
[  437.9s] A=370000002 secs=6.01 maxk3(l0)=21 none0=0 minsig(C10)=[3, 370927952, 197, 45]
[  437.9s] A=371000002 secs=5.74 maxk3(l0)=16 none0=0 minsig(C10)=[3, 371096587, 197, 45]
[  438.7s] A=372000002 secs=5.67 maxk3(l0)=13 none0=0 minsig(C10)=[3, 372637255, 197, 45]
[  438.9s] A=373000002 secs=5.75 maxk3(l0)=18 none0=0 minsig(C10)=[3, 373867418, 197, 45]
[  440.6s] A=374000002 secs=5.62 maxk3(l0)=17 none0=0 minsig(C10)=[3, 374355997, 197, 45]
[  443.2s] A=375000002 secs=5.54 maxk3(l0)=23 none0=0 minsig(C10)=[3, 375431281, 197, 45]
[  443.8s] A=376000002 secs=5.96 maxk3(l0)=15 none0=0 minsig(C10)=[3, 376280903, 197, 45]
[  444.3s] A=377000002 secs=5.63 maxk3(l0)=28 none0=0 minsig(C10)=[3, 377018601, 197, 45]
[  444.6s] A=378000002 secs=5.7 maxk3(l0)=18 none0=0 minsig(C10)=[3, 378005733, 197, 45]
[  446.6s] A=379000002 secs=5.97 maxk3(l0)=16 none0=0 minsig(C10)=[4, 379183712, 197, 45]
[  449.0s] A=380000002 secs=5.84 maxk3(l0)=19 none0=0 minsig(C10)=[3, 380140078, 197, 45]
[  449.9s] A=381000002 secs=6.06 maxk3(l0)=18 none0=0 minsig(C10)=[3, 381729856, 197, 45]
[  450.3s] A=382000002 secs=5.95 maxk3(l0)=17 none0=0 minsig(C10)=[2, 382766875, 197, 45]
[  450.4s] A=383000002 secs=5.82 maxk3(l0)=15 none0=0 minsig(C10)=[3, 383116151, 197, 45]
[  452.0s] A=384000002 secs=5.35 maxk3(l0)=14 none0=0 minsig(C10)=[3, 384188275, 197, 45]
[  454.4s] A=385000002 secs=5.37 maxk3(l0)=12 none0=0 minsig(C10)=[3, 385036545, 197, 45]
[  455.5s] A=386000002 secs=5.58 maxk3(l0)=18 none0=0 minsig(C10)=[3, 386192386, 197, 45]
[  455.8s] A=387000002 secs=5.55 maxk3(l0)=15 none0=0 minsig(C10)=[3, 387034292, 197, 45]
[  455.9s] A=388000002 secs=5.47 maxk3(l0)=20 none0=0 minsig(C10)=[3, 388627920, 197, 45]
[  457.6s] A=389000002 secs=5.61 maxk3(l0)=27 none0=0 minsig(C10)=[3, 389103541, 197, 45]
[  460.2s] A=390000002 secs=5.74 maxk3(l0)=25 none0=0 minsig(C10)=[0, 390085061, 197, 45]
[  461.5s] A=391000002 secs=6.03 maxk3(l0)=21 none0=0 minsig(C10)=[2, 391843796, 197, 45]
[  461.6s] A=392000002 secs=5.77 maxk3(l0)=17 none0=0 minsig(C10)=[3, 392301592, 197, 45]
[  461.7s] A=393000002 secs=5.81 maxk3(l0)=13 none0=0 minsig(C10)=[3, 393011662, 197, 45]
[  463.3s] A=394000002 secs=5.67 maxk3(l0)=19 none0=0 minsig(C10)=[3, 394527428, 197, 45]
[  465.7s] A=395000002 secs=5.5 maxk3(l0)=16 none0=0 minsig(C10)=[3, 395312701, 197, 45]
[  467.5s] A=396000002 secs=5.98 maxk3(l0)=24 none0=0 minsig(C10)=[2, 396200886, 197, 45]
[  467.5s] A=397000002 secs=5.65 maxk3(l0)=15 none0=0 minsig(C10)=[2, 397230551, 198, 45]
[  467.6s] A=398000002 secs=5.84 maxk3(l0)=15 none0=0 minsig(C10)=[4, 398049302, 198, 45]
[  469.0s] A=399000002 secs=5.74 maxk3(l0)=15 none0=0 minsig(C10)=[3, 399048532, 198, 45]
[  471.3s] A=400000002 secs=5.63 maxk3(l0)=15 none0=0 minsig(C10)=[3, 400859880, 198, 45]
[  472.9s] A=401000002 secs=5.64 maxk3(l0)=14 none0=0 minsig(C10)=[3, 401351871, 198, 45]
[  473.3s] A=402000002 secs=5.82 maxk3(l0)=20 none0=0 minsig(C10)=[4, 402035755, 198, 45]
[  473.3s] A=403000002 secs=5.59 maxk3(l0)=17 none0=0 minsig(C10)=[2, 403266802, 198, 45]
[  474.7s] A=404000002 secs=5.65 maxk3(l0)=15 none0=0 minsig(C10)=[3, 404857945, 198, 45]
[  477.1s] A=405000002 secs=5.78 maxk3(l0)=16 none0=0 minsig(C10)=[2, 405007255, 198, 45]
[  478.8s] A=406000002 secs=5.89 maxk3(l0)=15 none0=0 minsig(C10)=[3, 406584439, 198, 45]
[  478.9s] A=407000002 secs=5.78 maxk3(l0)=17 none0=0 minsig(C10)=[4, 407192725, 198, 45]
[  479.2s] A=408000002 secs=5.87 maxk3(l0)=24 none0=0 minsig(C10)=[3, 408020361, 198, 45]
[  480.6s] A=409000002 secs=5.95 maxk3(l0)=15 none0=0 minsig(C10)=[2, 409281115, 198, 45]
[  482.9s] A=410000002 secs=5.8 maxk3(l0)=18 none0=0 minsig(C10)=[1, 410106586, 198, 45]
[  485.5s] A=411000002 secs=6.68 maxk3(l0)=13 none0=0 minsig(C10)=[2, 411998528, 198, 45]
[  485.5s] A=412000002 secs=6.56 maxk3(l0)=21 none0=0 minsig(C10)=[2, 412845955, 198, 45]
[  485.9s] A=413000002 secs=6.74 maxk3(l0)=18 none0=0 minsig(C10)=[3, 413111645, 198, 45]
[  487.1s] A=414000002 secs=6.49 maxk3(l0)=20 none0=0 minsig(C10)=[2, 414067994, 198, 45]
[  489.3s] A=415000002 secs=6.39 maxk3(l0)=15 none0=0 minsig(C10)=[2, 415280825, 198, 45]
[  491.4s] A=416000002 secs=5.84 maxk3(l0)=17 none0=0 minsig(C10)=[3, 416667139, 198, 45]
[  491.4s] A=417000002 secs=5.84 maxk3(l0)=16 none0=0 minsig(C10)=[2, 417843843, 198, 45]
[  492.0s] A=418000002 secs=6.03 maxk3(l0)=23 none0=0 minsig(C10)=[1, 418336088, 198, 45]
[  493.1s] A=419000002 secs=5.93 maxk3(l0)=13 none0=0 minsig(C10)=[3, 419274556, 198, 45]
[  495.2s] A=420000002 secs=5.88 maxk3(l0)=16 none0=0 minsig(C10)=[3, 420223066, 198, 45]
[  497.1s] A=421000002 secs=5.78 maxk3(l0)=17 none0=0 minsig(C10)=[2, 421982752, 198, 45]
[  497.2s] A=422000002 secs=5.79 maxk3(l0)=17 none0=0 minsig(C10)=[3, 422651373, 198, 45]
[  498.0s] A=423000002 secs=6.02 maxk3(l0)=25 none0=0 minsig(C10)=[2, 423322197, 198, 45]
[  498.8s] A=424000002 secs=5.69 maxk3(l0)=18 none0=0 minsig(C10)=[4, 424250542, 198, 45]
[  500.6s] A=425000002 secs=5.45 maxk3(l0)=30 none0=0 minsig(C10)=[4, 425111101, 198, 45]
[  502.6s] A=426000002 secs=5.46 maxk3(l0)=15 none0=0 minsig(C10)=[3, 426037537, 198, 45]
[  502.6s] A=427000002 secs=5.47 maxk3(l0)=15 none0=0 minsig(C10)=[2, 427141177, 198, 45]
[  503.6s] A=428000002 secs=5.63 maxk3(l0)=22 none0=0 minsig(C10)=[3, 428682286, 198, 45]
[  504.3s] A=429000002 secs=5.5 maxk3(l0)=17 none0=0 minsig(C10)=[3, 429117270, 198, 45]
[  506.1s] A=430000002 secs=5.47 maxk3(l0)=18 none0=0 minsig(C10)=[3, 430220905, 198, 45]
[  508.2s] A=431000002 secs=5.63 maxk3(l0)=15 none0=0 minsig(C10)=[2, 431554387, 198, 45]
[  508.2s] A=432000002 secs=5.6 maxk3(l0)=18 none0=0 minsig(C10)=[3, 432707874, 198, 45]
[  509.3s] A=433000002 secs=5.69 maxk3(l0)=15 none0=0 minsig(C10)=[3, 433349374, 198, 45]
[  509.8s] A=434000002 secs=5.51 maxk3(l0)=17 none0=0 minsig(C10)=[2, 434651456, 198, 45]
[  511.7s] A=435000002 secs=5.54 maxk3(l0)=16 none0=0 minsig(C10)=[3, 435003671, 198, 45]
[  513.8s] A=436000002 secs=5.52 maxk3(l0)=17 none0=0 minsig(C10)=[3, 436928476, 198, 45]
[  513.8s] A=437000002 secs=5.53 maxk3(l0)=15 none0=0 minsig(C10)=[2, 437629837, 198, 45]
[  515.1s] A=438000002 secs=5.74 maxk3(l0)=12 none0=0 minsig(C10)=[4, 438076614, 198, 45]
[  515.4s] A=439000002 secs=5.6 maxk3(l0)=13 none0=0 minsig(C10)=[3, 439976721, 199, 46]
[  517.3s] A=440000002 secs=5.61 maxk3(l0)=19 none0=0 minsig(C10)=[2, 440569627, 199, 46]
[  519.4s] A=441000002 secs=5.64 maxk3(l0)=15 none0=0 minsig(C10)=[3, 441164405, 199, 46]
[  519.4s] A=442000002 secs=5.51 maxk3(l0)=17 none0=0 minsig(C10)=[3, 442253576, 199, 46]
[  520.9s] A=443000002 secs=5.78 maxk3(l0)=14 none0=0 minsig(C10)=[4, 443067829, 199, 46]
[  521.0s] A=444000002 secs=5.59 maxk3(l0)=14 none0=0 minsig(C10)=[4, 444224938, 199, 46]
[  522.9s] A=445000002 secs=5.59 maxk3(l0)=17 none0=0 minsig(C10)=[3, 445520447, 199, 46]
[  524.9s] A=446000002 secs=5.56 maxk3(l0)=14 none0=0 minsig(C10)=[4, 446188128, 199, 46]
[  525.0s] A=447000002 secs=5.6 maxk3(l0)=13 none0=0 minsig(C10)=[3, 447017853, 199, 46]
[  526.7s] A=448000002 secs=5.84 maxk3(l0)=19 none0=0 minsig(C10)=[3, 448352792, 199, 46]
[  526.7s] A=449000002 secs=5.63 maxk3(l0)=13 none0=0 minsig(C10)=[3, 449386862, 199, 46]
[  528.6s] A=450000002 secs=5.67 maxk3(l0)=33 none0=0 minsig(C10)=[4, 450050351, 199, 46]
[  530.5s] A=451000002 secs=5.66 maxk3(l0)=14 none0=0 minsig(C10)=[2, 451058181, 199, 46]
[  530.6s] A=452000002 secs=5.57 maxk3(l0)=18 none0=0 minsig(C10)=[3, 452283526, 199, 46]
[  532.3s] A=453000002 secs=5.65 maxk3(l0)=18 none0=0 minsig(C10)=[3, 453390975, 199, 46]
[  532.6s] A=454000002 secs=5.84 maxk3(l0)=18 none0=0 minsig(C10)=[3, 454245001, 199, 46]
[  534.1s] A=455000002 secs=5.56 maxk3(l0)=15 none0=0 minsig(C10)=[2, 455614916, 199, 46]
[  536.3s] A=456000002 secs=5.76 maxk3(l0)=16 none0=0 minsig(C10)=[4, 456497725, 199, 46]
[  536.3s] A=457000002 secs=5.72 maxk3(l0)=23 none0=0 minsig(C10)=[3, 457394425, 199, 46]
[  537.8s] A=458000002 secs=5.54 maxk3(l0)=18 none0=0 minsig(C10)=[3, 458004355, 199, 46]
[  538.5s] A=459000002 secs=5.86 maxk3(l0)=15 none0=0 minsig(C10)=[2, 459502975, 199, 46]
[  539.8s] A=460000002 secs=5.63 maxk3(l0)=15 none0=0 minsig(C10)=[3, 460777178, 199, 46]
[  541.7s] A=461000002 secs=5.41 maxk3(l0)=22 none0=0 minsig(C10)=[3, 461508357, 199, 46]
[  541.8s] A=462000002 secs=5.47 maxk3(l0)=17 none0=0 minsig(C10)=[3, 462564292, 199, 46]
[  543.5s] A=463000002 secs=5.61 maxk3(l0)=26 none0=0 minsig(C10)=[4, 463127522, 199, 46]
[  544.2s] A=464000002 secs=5.79 maxk3(l0)=18 none0=0 minsig(C10)=[3, 464150526, 199, 46]
[  545.2s] A=465000002 secs=5.48 maxk3(l0)=17 none0=0 minsig(C10)=[2, 465131462, 199, 46]
[  547.3s] A=466000002 secs=5.62 maxk3(l0)=20 none0=0 minsig(C10)=[3, 466295767, 199, 46]
[  547.3s] A=467000002 secs=5.52 maxk3(l0)=18 none0=0 minsig(C10)=[2, 467487031, 199, 46]
[  549.0s] A=468000002 secs=5.51 maxk3(l0)=12 none0=0 minsig(C10)=[3, 468054115, 199, 46]
[  549.9s] A=469000002 secs=5.63 maxk3(l0)=20 none0=0 minsig(C10)=[3, 469096257, 199, 46]
[  550.8s] A=470000002 secs=5.56 maxk3(l0)=14 none0=0 minsig(C10)=[2, 470497921, 199, 46]
[  552.9s] A=471000002 secs=5.56 maxk3(l0)=21 none0=0 minsig(C10)=[2, 471015093, 199, 46]
[  553.0s] A=472000002 secs=5.61 maxk3(l0)=17 none0=0 minsig(C10)=[3, 472121950, 199, 46]
[  554.6s] A=473000002 secs=5.61 maxk3(l0)=18 none0=0 minsig(C10)=[3, 473597206, 199, 46]
[  555.7s] A=474000002 secs=5.79 maxk3(l0)=21 none0=0 minsig(C10)=[0, 474832975, 199, 46]
[  556.3s] A=475000002 secs=5.45 maxk3(l0)=12 none0=0 minsig(C10)=[3, 475180030, 199, 46]
[  558.5s] A=476000002 secs=5.63 maxk3(l0)=17 none0=0 minsig(C10)=[3, 476113160, 199, 46]
[  558.6s] A=477000002 secs=5.63 maxk3(l0)=22 none0=0 minsig(C10)=[2, 477128876, 199, 46]
[  560.4s] A=478000002 secs=5.79 maxk3(l0)=15 none0=0 minsig(C10)=[4, 478131244, 199, 46]
[  561.7s] A=479000002 secs=5.98 maxk3(l0)=20 none0=0 minsig(C10)=[4, 479194054, 199, 46]
[  562.1s] A=480000002 secs=5.86 maxk3(l0)=15 none0=0 minsig(C10)=[4, 480096991, 199, 46]
[  564.2s] A=481000002 secs=5.73 maxk3(l0)=16 none0=0 minsig(C10)=[4, 481344661, 199, 46]
[  564.2s] A=482000002 secs=5.63 maxk3(l0)=16 none0=0 minsig(C10)=[3, 482720275, 199, 46]
[  565.9s] A=483000002 secs=5.49 maxk3(l0)=24 none0=0 minsig(C10)=[3, 483147667, 199, 46]
[  567.4s] A=484000002 secs=5.76 maxk3(l0)=17 none0=0 minsig(C10)=[4, 484064483, 199, 46]
[  567.6s] A=485000002 secs=5.51 maxk3(l0)=13 none0=0 minsig(C10)=[2, 485630433, 200, 46]
[  569.8s] A=486000002 secs=5.56 maxk3(l0)=22 none0=0 minsig(C10)=[4, 486024640, 200, 46]
[  569.9s] A=487000002 secs=5.63 maxk3(l0)=15 none0=0 minsig(C10)=[2, 487448161, 200, 46]
[  571.4s] A=488000002 secs=5.55 maxk3(l0)=18 none0=0 minsig(C10)=[2, 488319816, 200, 46]
[  573.1s] A=489000002 secs=5.72 maxk3(l0)=19 none0=0 minsig(C10)=[3, 489952360, 200, 46]
[  573.1s] A=490000002 secs=5.38 maxk3(l0)=13 none0=0 minsig(C10)=[5, 490082046, 200, 46]
[  575.4s] A=491000002 secs=5.54 maxk3(l0)=22 none0=0 minsig(C10)=[3, 491437742, 200, 46]
[  575.4s] A=492000002 secs=5.44 maxk3(l0)=15 none0=0 minsig(C10)=[4, 492227268, 200, 46]
[  577.0s] A=493000002 secs=5.57 maxk3(l0)=16 none0=0 minsig(C10)=[3, 493048502, 200, 46]
[  578.7s] A=494000002 secs=5.65 maxk3(l0)=16 none0=0 minsig(C10)=[4, 494083591, 200, 46]
[  579.0s] A=495000002 secs=5.84 maxk3(l0)=16 none0=0 minsig(C10)=[3, 495082407, 200, 46]
[  580.9s] A=496000002 secs=5.58 maxk3(l0)=24 none0=0 minsig(C10)=[3, 496724133, 200, 46]
[  581.0s] A=497000002 secs=5.6 maxk3(l0)=17 none0=0 minsig(C10)=[4, 497360766, 200, 46]
[  582.6s] A=498000002 secs=5.53 maxk3(l0)=16 none0=0 minsig(C10)=[3, 498504421, 200, 46]
[  584.2s] A=499000002 secs=5.55 maxk3(l0)=26 none0=0 minsig(C10)=[3, 499030045, 200, 46]
[  584.7s] A=500000002 secs=5.72 maxk3(l0)=30 none0=0 minsig(C10)=[4, 500180755, 200, 46]
[  586.5s] A=501000002 secs=5.54 maxk3(l0)=19 none0=0 minsig(C10)=[3, 501019598, 200, 46]
[  586.7s] A=502000002 secs=5.71 maxk3(l0)=13 none0=0 minsig(C10)=[3, 502403023, 200, 46]
[  588.3s] A=503000002 secs=5.7 maxk3(l0)=17 none0=0 minsig(C10)=[3, 503460666, 200, 46]
[  589.8s] A=504000002 secs=5.6 maxk3(l0)=17 none0=0 minsig(C10)=[4, 504164168, 200, 46]
[  590.7s] A=505000002 secs=5.95 maxk3(l0)=17 none0=0 minsig(C10)=[3, 505335626, 200, 46]
[  592.1s] A=506000002 secs=5.69 maxk3(l0)=19 none0=0 minsig(C10)=[4, 506589346, 200, 46]
[  592.3s] A=507000002 secs=5.66 maxk3(l0)=14 none0=0 minsig(C10)=[4, 507187732, 200, 46]
[  593.8s] A=508000002 secs=5.55 maxk3(l0)=14 none0=0 minsig(C10)=[3, 508500551, 200, 46]
[  595.3s] A=509000002 secs=5.44 maxk3(l0)=15 none0=0 minsig(C10)=[3, 509733471, 200, 46]
[  596.4s] A=510000002 secs=5.7 maxk3(l0)=15 none0=0 minsig(C10)=[4, 510038741, 200, 46]
[  597.7s] A=511000002 secs=5.54 maxk3(l0)=15 none0=0 minsig(C10)=[4, 511254563, 200, 46]
[  597.8s] A=512000002 secs=5.49 maxk3(l0)=17 none0=0 minsig(C10)=[4, 512784071, 200, 46]
[  599.3s] A=513000002 secs=5.47 maxk3(l0)=17 none0=0 minsig(C10)=[3, 513029402, 200, 46]
[  600.8s] A=514000002 secs=5.55 maxk3(l0)=17 none0=0 minsig(C10)=[4, 514115590, 200, 46]
[  602.2s] A=515000002 secs=5.79 maxk3(l0)=16 none0=0 minsig(C10)=[3, 515033741, 200, 46]
[  603.4s] A=516000002 secs=5.66 maxk3(l0)=19 none0=0 minsig(C10)=[2, 516166846, 200, 46]
[  603.4s] A=517000002 secs=5.54 maxk3(l0)=13 none0=0 minsig(C10)=[3, 517174388, 200, 46]
[  605.0s] A=518000002 secs=5.71 maxk3(l0)=23 none0=0 minsig(C10)=[4, 518105688, 200, 46]
[  606.4s] A=519000002 secs=5.57 maxk3(l0)=27 none0=0 minsig(C10)=[2, 519127624, 200, 46]
[  608.1s] A=520000002 secs=5.91 maxk3(l0)=17 none0=0 minsig(C10)=[3, 520371855, 200, 46]
[  608.9s] A=521000002 secs=5.54 maxk3(l0)=26 none0=0 minsig(C10)=[4, 521118381, 200, 46]
[  609.0s] A=522000002 secs=5.64 maxk3(l0)=15 none0=0 minsig(C10)=[4, 522172707, 200, 46]
[  610.5s] A=523000002 secs=5.46 maxk3(l0)=15 none0=0 minsig(C10)=[4, 523035619, 200, 46]
[  612.0s] A=524000002 secs=5.58 maxk3(l0)=13 none0=0 minsig(C10)=[3, 524058132, 200, 46]
[  613.8s] A=525000002 secs=5.69 maxk3(l0)=16 none0=0 minsig(C10)=[4, 525026608, 200, 46]
[  614.4s] A=526000002 secs=5.54 maxk3(l0)=19 none0=0 minsig(C10)=[4, 526684348, 200, 46]
[  614.5s] A=527000002 secs=5.43 maxk3(l0)=12 none0=0 minsig(C10)=[1, 527384186, 200, 46]
[  616.1s] A=528000002 secs=5.61 maxk3(l0)=19 none0=0 minsig(C10)=[4, 528688238, 200, 46]
[  617.7s] A=529000002 secs=5.7 maxk3(l0)=25 none0=0 minsig(C10)=[4, 529213780, 200, 46]
[  619.7s] A=530000002 secs=5.9 maxk3(l0)=19 none0=0 minsig(C10)=[4, 530099618, 200, 46]
[  620.2s] A=531000002 secs=5.72 maxk3(l0)=17 none0=0 minsig(C10)=[4, 531246830, 200, 46]
[  620.2s] A=532000002 secs=5.65 maxk3(l0)=13 none0=0 minsig(C10)=[3, 532046027, 200, 46]
[  621.7s] A=533000002 secs=5.62 maxk3(l0)=15 none0=0 minsig(C10)=[3, 533173219, 200, 46]
[  623.3s] A=534000002 secs=5.58 maxk3(l0)=20 none0=0 minsig(C10)=[3, 534230516, 200, 46]
[  625.6s] A=535000002 secs=5.94 maxk3(l0)=17 none0=0 minsig(C10)=[4, 535000126, 200, 46]
[  625.7s] A=536000002 secs=5.55 maxk3(l0)=19 none0=0 minsig(C10)=[3, 536773303, 201, 46]
[  625.9s] A=537000002 secs=5.72 maxk3(l0)=17 none0=0 minsig(C10)=[3, 537486093, 201, 46]
[  627.4s] A=538000002 secs=5.69 maxk3(l0)=14 none0=0 minsig(C10)=[3, 538173303, 201, 46]
[  628.9s] A=539000002 secs=5.63 maxk3(l0)=22 none0=0 minsig(C10)=[3, 539857492, 201, 46]
[  631.5s] A=540000002 secs=5.81 maxk3(l0)=13 none0=0 minsig(C10)=[3, 540084054, 201, 46]
[  631.5s] A=541000002 secs=5.56 maxk3(l0)=15 none0=0 minsig(C10)=[4, 541106912, 201, 46]
[  631.5s] A=542000002 secs=5.62 maxk3(l0)=15 none0=0 minsig(C10)=[3, 542543186, 201, 46]
[  633.0s] A=543000002 secs=5.58 maxk3(l0)=20 none0=0 minsig(C10)=[4, 543136675, 201, 46]
[  634.6s] A=544000002 secs=5.69 maxk3(l0)=16 none0=0 minsig(C10)=[2, 544269121, 201, 46]
[  637.0s] A=545000002 secs=5.71 maxk3(l0)=34 none0=0 minsig(C10)=[3, 545339554, 201, 46]
[  637.3s] A=546000002 secs=5.81 maxk3(l0)=15 none0=0 minsig(C10)=[3, 546160533, 201, 46]
[  637.3s] A=547000002 secs=5.63 maxk3(l0)=14 none0=0 minsig(C10)=[3, 547537347, 201, 46]
[  638.7s] A=548000002 secs=5.65 maxk3(l0)=19 none0=0 minsig(C10)=[3, 548484688, 201, 46]
[  640.2s] A=549000002 secs=5.56 maxk3(l0)=28 none0=0 minsig(C10)=[4, 549470808, 201, 46]
[  642.5s] A=550000002 secs=5.55 maxk3(l0)=16 none0=0 minsig(C10)=[4, 550317398, 201, 46]
[  642.8s] A=551000002 secs=5.58 maxk3(l0)=17 none0=0 minsig(C10)=[4, 551234511, 201, 46]
[  643.0s] A=552000002 secs=5.7 maxk3(l0)=25 none0=0 minsig(C10)=[4, 552543005, 201, 46]
[  644.2s] A=553000002 secs=5.51 maxk3(l0)=15 none0=0 minsig(C10)=[3, 553121107, 201, 46]
[  645.7s] A=554000002 secs=5.49 maxk3(l0)=16 none0=0 minsig(C10)=[4, 554081195, 201, 46]
[  648.1s] A=555000002 secs=5.59 maxk3(l0)=31 none0=0 minsig(C10)=[4, 555165795, 201, 46]
[  648.3s] A=556000002 secs=5.51 maxk3(l0)=18 none0=0 minsig(C10)=[3, 556404687, 201, 46]
[  648.9s] A=557000002 secs=5.88 maxk3(l0)=17 none0=0 minsig(C10)=[4, 557125262, 201, 46]
[  649.7s] A=558000002 secs=5.53 maxk3(l0)=16 none0=0 minsig(C10)=[4, 558339956, 201, 46]
[  651.4s] A=559000002 secs=5.66 maxk3(l0)=15 none0=0 minsig(C10)=[4, 559355802, 201, 46]
[  653.7s] A=560000002 secs=5.6 maxk3(l0)=13 none0=0 minsig(C10)=[4, 560296081, 201, 46]
[  653.8s] A=561000002 secs=5.5 maxk3(l0)=18 none0=0 minsig(C10)=[4, 561116332, 201, 46]
[  654.7s] A=562000002 secs=5.79 maxk3(l0)=17 none0=0 minsig(C10)=[1, 562208846, 201, 46]
[  655.3s] A=563000002 secs=5.56 maxk3(l0)=13 none0=0 minsig(C10)=[3, 563304877, 201, 46]
[  656.7s] A=564000002 secs=5.39 maxk3(l0)=22 none0=0 minsig(C10)=[4, 564149887, 201, 46]
[  659.2s] A=565000002 secs=5.53 maxk3(l0)=13 none0=0 minsig(C10)=[4, 565354045, 201, 46]
[  659.3s] A=566000002 secs=5.56 maxk3(l0)=16 none0=0 minsig(C10)=[3, 566641735, 201, 46]
[  660.4s] A=567000002 secs=5.73 maxk3(l0)=12 none0=0 minsig(C10)=[3, 567118666, 201, 46]
[  660.9s] A=568000002 secs=5.56 maxk3(l0)=15 none0=0 minsig(C10)=[3, 568605857, 201, 46]
[  662.3s] A=569000002 secs=5.58 maxk3(l0)=18 none0=0 minsig(C10)=[4, 569206698, 201, 46]
[  664.8s] A=570000002 secs=5.56 maxk3(l0)=17 none0=0 minsig(C10)=[4, 570797211, 201, 46]
[  664.9s] A=571000002 secs=5.55 maxk3(l0)=14 none0=0 minsig(C10)=[3, 571274947, 201, 46]
[  666.2s] A=572000002 secs=5.76 maxk3(l0)=23 none0=0 minsig(C10)=[4, 572021068, 201, 46]
[  666.4s] A=573000002 secs=5.54 maxk3(l0)=21 none0=0 minsig(C10)=[4, 573729633, 201, 46]
[  668.0s] A=574000002 secs=5.7 maxk3(l0)=19 none0=0 minsig(C10)=[3, 574880315, 201, 46]
[  670.4s] A=575000002 secs=5.63 maxk3(l0)=16 none0=0 minsig(C10)=[3, 575592987, 201, 46]
[  670.5s] A=576000002 secs=5.64 maxk3(l0)=13 none0=0 minsig(C10)=[4, 576389859, 201, 46]
[  672.2s] A=577000002 secs=6.02 maxk3(l0)=17 none0=0 minsig(C10)=[2, 577977714, 201, 46]
[  672.3s] A=578000002 secs=5.82 maxk3(l0)=15 none0=0 minsig(C10)=[4, 578271121, 201, 46]
[  673.8s] A=579000002 secs=5.79 maxk3(l0)=16 none0=0 minsig(C10)=[4, 579304016, 201, 46]
[  676.2s] A=580000002 secs=5.77 maxk3(l0)=15 none0=0 minsig(C10)=[2, 580876363, 201, 46]
[  676.4s] A=581000002 secs=5.85 maxk3(l0)=11 none0=0 minsig(C10)=[4, 581085253, 201, 46]
[  678.2s] A=582000002 secs=5.99 maxk3(l0)=16 none0=0 minsig(C10)=[4, 582755407, 201, 46]
[  678.2s] A=583000002 secs=5.81 maxk3(l0)=21 none0=0 minsig(C10)=[4, 583249486, 201, 46]
[  679.5s] A=584000002 secs=5.66 maxk3(l0)=13 none0=0 minsig(C10)=[2, 584489613, 201, 46]
[  682.0s] A=585000002 secs=5.74 maxk3(l0)=14 none0=0 minsig(C10)=[3, 585561710, 201, 46]
[  682.1s] A=586000002 secs=5.68 maxk3(l0)=17 none0=0 minsig(C10)=[3, 586602694, 201, 46]
[  683.7s] A=587000002 secs=5.67 maxk3(l0)=14 none0=0 minsig(C10)=[4, 587164413, 201, 46]
[  683.9s] A=588000002 secs=5.74 maxk3(l0)=16 none0=0 minsig(C10)=[4, 588648949, 201, 46]
[  685.0s] A=589000002 secs=5.53 maxk3(l0)=19 none0=0 minsig(C10)=[3, 589682268, 201, 46]
[  687.5s] A=590000002 secs=5.54 maxk3(l0)=28 none0=0 minsig(C10)=[4, 590472709, 201, 46]
[  687.7s] A=591000002 secs=5.6 maxk3(l0)=18 none0=0 minsig(C10)=[4, 591054627, 201, 46]
[  689.3s] A=592000002 secs=5.5 maxk3(l0)=16 none0=0 minsig(C10)=[4, 592080632, 201, 46]
[  689.7s] A=593000002 secs=5.81 maxk3(l0)=13 none0=0 minsig(C10)=[3, 593450493, 202, 46]
[  690.5s] A=594000002 secs=5.48 maxk3(l0)=19 none0=0 minsig(C10)=[3, 594162402, 202, 46]
[  693.0s] A=595000002 secs=5.47 maxk3(l0)=18 none0=0 minsig(C10)=[2, 595075197, 202, 46]
[  693.2s] A=596000002 secs=5.54 maxk3(l0)=18 none0=0 minsig(C10)=[3, 596018379, 202, 46]
[  694.7s] A=597000002 secs=5.43 maxk3(l0)=15 none0=0 minsig(C10)=[4, 597389651, 202, 46]
[  695.4s] A=598000002 secs=5.66 maxk3(l0)=24 none0=0 minsig(C10)=[3, 598896822, 202, 46]
[  696.1s] A=599000002 secs=5.53 maxk3(l0)=26 none0=0 minsig(C10)=[4, 599258341, 202, 46]
[  698.6s] A=600000002 secs=5.61 maxk3(l0)=15 none0=0 minsig(C10)=[3, 600685532, 202, 46]
[  699.0s] A=601000002 secs=5.72 maxk3(l0)=18 none0=0 minsig(C10)=[4, 601253335, 202, 46]
[  700.4s] A=602000002 secs=5.74 maxk3(l0)=16 none0=0 minsig(C10)=[4, 602881591, 202, 46]
[  701.4s] A=603000002 secs=6.04 maxk3(l0)=27 none0=0 minsig(C10)=[4, 603239029, 202, 46]
[  701.7s] A=604000002 secs=5.67 maxk3(l0)=20 none0=0 minsig(C10)=[3, 604374543, 202, 46]
[  704.1s] A=605000002 secs=5.54 maxk3(l0)=21 none0=0 minsig(C10)=[3, 605560623, 202, 46]
[  704.6s] A=606000002 secs=5.58 maxk3(l0)=15 none0=0 minsig(C10)=[4, 606066772, 202, 46]
[  706.2s] A=607000002 secs=5.8 maxk3(l0)=15 none0=0 minsig(C10)=[3, 607123700, 202, 46]
[  707.4s] A=608000002 secs=5.96 maxk3(l0)=16 none0=0 minsig(C10)=[3, 608196572, 202, 46]
[  707.5s] A=609000002 secs=5.77 maxk3(l0)=17 none0=0 minsig(C10)=[4, 609295732, 202, 46]
[  709.9s] A=610000002 secs=5.75 maxk3(l0)=16 none0=0 minsig(C10)=[3, 610019710, 202, 46]
[  710.3s] A=611000002 secs=5.78 maxk3(l0)=18 none0=0 minsig(C10)=[4, 611164042, 202, 46]
[  712.0s] A=612000002 secs=5.76 maxk3(l0)=17 none0=0 minsig(C10)=[3, 612860613, 202, 46]
[  713.3s] A=613000002 secs=5.9 maxk3(l0)=15 none0=0 minsig(C10)=[3, 613691963, 202, 46]
[  713.3s] A=614000002 secs=5.57 maxk3(l0)=20 none0=0 minsig(C10)=[3, 614881178, 202, 46]
[  715.6s] A=615000002 secs=5.72 maxk3(l0)=17 none0=0 minsig(C10)=[4, 615668571, 202, 46]
[  716.0s] A=616000002 secs=5.67 maxk3(l0)=16 none0=0 minsig(C10)=[4, 616545922, 202, 46]
[  717.8s] A=617000002 secs=5.77 maxk3(l0)=14 none0=0 minsig(C10)=[4, 617231865, 202, 46]
[  719.0s] A=618000002 secs=5.87 maxk3(l0)=18 none0=0 minsig(C10)=[4, 618374953, 202, 46]
[  719.4s] A=619000002 secs=6.05 maxk3(l0)=15 none0=0 minsig(C10)=[4, 619390330, 202, 46]
[  721.3s] A=620000002 secs=5.62 maxk3(l0)=15 none0=0 minsig(C10)=[2, 620172309, 202, 46]
[  721.6s] A=621000002 secs=5.59 maxk3(l0)=15 none0=0 minsig(C10)=[4, 621032362, 202, 46]
[  723.3s] A=622000002 secs=5.54 maxk3(l0)=17 none0=0 minsig(C10)=[3, 622154079, 202, 46]
[  724.6s] A=623000002 secs=5.62 maxk3(l0)=14 none0=0 minsig(C10)=[4, 623321877, 202, 46]
[  725.3s] A=624000002 secs=5.95 maxk3(l0)=16 none0=0 minsig(C10)=[3, 624680882, 202, 46]
[  726.9s] A=625000002 secs=5.68 maxk3(l0)=12 none0=0 minsig(C10)=[3, 625135340, 202, 46]
[  727.3s] A=626000002 secs=5.72 maxk3(l0)=14 none0=0 minsig(C10)=[4, 626093042, 202, 46]
[  729.0s] A=627000002 secs=5.7 maxk3(l0)=15 none0=0 minsig(C10)=[3, 627251011, 202, 46]
[  730.2s] A=628000002 secs=5.6 maxk3(l0)=14 none0=0 minsig(C10)=[3, 628678106, 202, 46]
[  731.1s] A=629000002 secs=5.8 maxk3(l0)=18 none0=0 minsig(C10)=[4, 629249966, 202, 46]
[  732.5s] A=630000002 secs=5.6 maxk3(l0)=16 none0=0 minsig(C10)=[4, 630626060, 202, 46]
[  732.9s] A=631000002 secs=5.54 maxk3(l0)=17 none0=0 minsig(C10)=[4, 631874024, 202, 46]
[  734.9s] A=632000002 secs=5.82 maxk3(l0)=15 none0=0 minsig(C10)=[2, 632767539, 202, 46]
[  736.0s] A=633000002 secs=5.75 maxk3(l0)=19 none0=0 minsig(C10)=[3, 633104403, 202, 46]
[  737.2s] A=634000002 secs=6.02 maxk3(l0)=14 none0=0 minsig(C10)=[4, 634339021, 202, 46]
[  738.3s] A=635000002 secs=5.78 maxk3(l0)=15 none0=0 minsig(C10)=[1, 635018110, 202, 46]
[  738.7s] A=636000002 secs=5.85 maxk3(l0)=26 none0=0 minsig(C10)=[3, 636569011, 202, 46]
[  740.6s] A=637000002 secs=5.78 maxk3(l0)=14 none0=0 minsig(C10)=[5, 637038451, 202, 46]
[  741.6s] A=638000002 secs=5.64 maxk3(l0)=22 none0=0 minsig(C10)=[4, 638314372, 202, 46]
[  743.0s] A=639000002 secs=5.87 maxk3(l0)=19 none0=0 minsig(C10)=[4, 639079597, 202, 46]
[  743.9s] A=640000002 secs=5.59 maxk3(l0)=15 none0=0 minsig(C10)=[3, 640157739, 202, 46]
[  744.4s] A=641000002 secs=5.63 maxk3(l0)=17 none0=0 minsig(C10)=[4, 641164084, 202, 46]
[  746.3s] A=642000002 secs=5.68 maxk3(l0)=13 none0=0 minsig(C10)=[2, 642703757, 202, 46]
[  747.2s] A=643000002 secs=5.57 maxk3(l0)=13 none0=0 minsig(C10)=[5, 643232657, 202, 46]
[  748.8s] A=644000002 secs=5.8 maxk3(l0)=15 none0=0 minsig(C10)=[4, 644169783, 202, 46]
[  749.6s] A=645000002 secs=5.65 maxk3(l0)=15 none0=0 minsig(C10)=[4, 645217736, 202, 46]
[  750.0s] A=646000002 secs=5.61 maxk3(l0)=14 none0=0 minsig(C10)=[3, 646734847, 202, 46]
[  751.9s] A=647000002 secs=5.57 maxk3(l0)=26 none0=0 minsig(C10)=[4, 647036101, 202, 46]
[  752.8s] A=648000002 secs=5.6 maxk3(l0)=18 none0=0 minsig(C10)=[2, 648405994, 202, 46]
[  754.8s] A=649000002 secs=5.95 maxk3(l0)=12 none0=0 minsig(C10)=[5, 649115995, 202, 46]
[  755.3s] A=650000002 secs=5.68 maxk3(l0)=20 none0=0 minsig(C10)=[3, 650674984, 202, 46]
[  755.7s] A=651000002 secs=5.69 maxk3(l0)=14 none0=0 minsig(C10)=[3, 651948987, 202, 46]
[  757.6s] A=652000002 secs=5.69 maxk3(l0)=16 none0=0 minsig(C10)=[2, 652590825, 202, 46]
[  758.5s] A=653000002 secs=5.76 maxk3(l0)=14 none0=0 minsig(C10)=[3, 653977255, 202, 46]
[  760.6s] A=654000002 secs=5.79 maxk3(l0)=16 none0=0 minsig(C10)=[4, 654263816, 202, 46]
[  760.9s] A=655000002 secs=5.59 maxk3(l0)=14 none0=0 minsig(C10)=[4, 655058078, 203, 46]
[  761.3s] A=656000002 secs=5.62 maxk3(l0)=14 none0=0 minsig(C10)=[3, 656368351, 203, 46]
[  763.2s] A=657000002 secs=5.55 maxk3(l0)=16 none0=0 minsig(C10)=[5, 657059080, 203, 46]
[  764.1s] A=658000002 secs=5.51 maxk3(l0)=17 none0=0 minsig(C10)=[4, 658409571, 203, 46]
[  766.5s] A=659000002 secs=5.87 maxk3(l0)=19 none0=0 minsig(C10)=[4, 659541227, 203, 46]
[  766.5s] A=660000002 secs=5.66 maxk3(l0)=17 none0=0 minsig(C10)=[4, 660485856, 203, 46]
[  767.0s] A=661000002 secs=5.7 maxk3(l0)=40 none0=0 minsig(C10)=[4, 661194146, 203, 46]
[  768.9s] A=662000002 secs=5.7 maxk3(l0)=14 none0=0 minsig(C10)=[4, 662053009, 203, 46]
[  769.8s] A=663000002 secs=5.71 maxk3(l0)=13 none0=0 minsig(C10)=[4, 663299683, 203, 46]
[  772.4s] A=664000002 secs=5.88 maxk3(l0)=14 none0=0 minsig(C10)=[3, 664836460, 203, 46]
[  772.4s] A=665000002 secs=5.69 maxk3(l0)=17 none0=0 minsig(C10)=[3, 665514236, 203, 46]
[  772.6s] A=666000002 secs=5.53 maxk3(l0)=17 none0=0 minsig(C10)=[4, 666103762, 203, 46]
[  774.6s] A=667000002 secs=5.77 maxk3(l0)=15 none0=0 minsig(C10)=[5, 667000658, 203, 46]
[  775.5s] A=668000002 secs=5.73 maxk3(l0)=16 none0=0 minsig(C10)=[3, 668201997, 203, 46]
[  778.0s] A=669000002 secs=5.8 maxk3(l0)=17 none0=0 minsig(C10)=[4, 669827667, 203, 46]
[  778.3s] A=670000002 secs=5.96 maxk3(l0)=12 none0=0 minsig(C10)=[3, 670503775, 203, 46]
[  778.3s] A=671000002 secs=5.71 maxk3(l0)=19 none0=0 minsig(C10)=[4, 671708251, 203, 46]
[  780.2s] A=672000002 secs=5.54 maxk3(l0)=16 none0=0 minsig(C10)=[4, 672012218, 203, 46]
[  781.2s] A=673000002 secs=5.63 maxk3(l0)=19 none0=0 minsig(C10)=[4, 673149142, 203, 46]
[  783.7s] A=674000002 secs=5.62 maxk3(l0)=13 none0=0 minsig(C10)=[4, 674478561, 203, 46]
[  783.8s] A=675000002 secs=5.57 maxk3(l0)=17 none0=0 minsig(C10)=[4, 675163504, 203, 46]
[  784.2s] A=676000002 secs=5.85 maxk3(l0)=19 none0=0 minsig(C10)=[4, 676065757, 203, 46]
[  785.8s] A=677000002 secs=5.57 maxk3(l0)=18 none0=0 minsig(C10)=[4, 677568865, 203, 46]
[  786.8s] A=678000002 secs=5.61 maxk3(l0)=13 none0=0 minsig(C10)=[2, 678989732, 203, 46]
[  789.3s] A=679000002 secs=5.6 maxk3(l0)=14 none0=0 minsig(C10)=[4, 679282893, 203, 46]
[  789.6s] A=680000002 secs=5.71 maxk3(l0)=25 none0=0 minsig(C10)=[4, 680234137, 203, 46]
[  790.0s] A=681000002 secs=5.86 maxk3(l0)=17 none0=0 minsig(C10)=[4, 681240536, 203, 46]
[  791.5s] A=682000002 secs=5.76 maxk3(l0)=18 none0=0 minsig(C10)=[3, 682678096, 203, 46]
[  792.5s] A=683000002 secs=5.75 maxk3(l0)=14 none0=0 minsig(C10)=[4, 683013927, 203, 46]
[  795.1s] A=684000002 secs=5.78 maxk3(l0)=62 none0=0 minsig(C10)=[4, 684501763, 203, 46]
[  795.3s] A=685000002 secs=5.77 maxk3(l0)=19 none0=0 minsig(C10)=[3, 685565563, 203, 46]
[  796.2s] A=686000002 secs=6.13 maxk3(l0)=19 none0=0 minsig(C10)=[4, 686448687, 203, 46]
[  797.2s] A=687000002 secs=5.71 maxk3(l0)=20 none0=0 minsig(C10)=[2, 687932899, 203, 46]
[  798.2s] A=688000002 secs=5.68 maxk3(l0)=13 none0=0 minsig(C10)=[4, 688213906, 203, 46]
[  800.7s] A=689000002 secs=5.61 maxk3(l0)=20 none0=0 minsig(C10)=[3, 689223223, 203, 46]
[  801.0s] A=690000002 secs=5.61 maxk3(l0)=22 none0=0 minsig(C10)=[4, 690575601, 203, 46]
[  801.9s] A=691000002 secs=5.75 maxk3(l0)=18 none0=0 minsig(C10)=[4, 691235524, 203, 46]
[  802.8s] A=692000002 secs=5.54 maxk3(l0)=15 none0=0 minsig(C10)=[3, 692119812, 203, 46]
[  803.9s] A=693000002 secs=5.72 maxk3(l0)=15 none0=0 minsig(C10)=[4, 693439828, 203, 46]
[  806.4s] A=694000002 secs=5.71 maxk3(l0)=14 none0=0 minsig(C10)=[4, 694159753, 203, 46]
[  806.7s] A=695000002 secs=5.72 maxk3(l0)=15 none0=0 minsig(C10)=[4, 695008744, 203, 46]
[  808.0s] A=696000002 secs=6.02 maxk3(l0)=13 none0=0 minsig(C10)=[3, 696433012, 203, 46]
[  808.6s] A=697000002 secs=5.8 maxk3(l0)=19 none0=0 minsig(C10)=[5, 697061256, 203, 46]
[  809.6s] A=698000002 secs=5.67 maxk3(l0)=17 none0=0 minsig(C10)=[4, 698353811, 203, 46]
[  812.1s] A=699000002 secs=5.67 maxk3(l0)=18 none0=0 minsig(C10)=[4, 699503305, 203, 46]
[  812.5s] A=700000002 secs=5.79 maxk3(l0)=14 none0=0 minsig(C10)=[2, 700262411, 203, 46]
[  814.1s] A=701000002 secs=6.08 maxk3(l0)=15 none0=0 minsig(C10)=[4, 701444986, 203, 46]
[  814.2s] A=702000002 secs=5.59 maxk3(l0)=23 none0=0 minsig(C10)=[4, 702298602, 203, 46]
[  815.3s] A=703000002 secs=5.7 maxk3(l0)=19 none0=0 minsig(C10)=[4, 703178965, 203, 46]
[  817.8s] A=704000002 secs=5.68 maxk3(l0)=16 none0=0 minsig(C10)=[3, 704159972, 203, 46]
[  818.2s] A=705000002 secs=5.74 maxk3(l0)=14 none0=0 minsig(C10)=[3, 705188266, 203, 46]
[  820.0s] A=706000002 secs=5.91 maxk3(l0)=14 none0=0 minsig(C10)=[4, 706863512, 203, 46]
[  820.0s] A=707000002 secs=5.68 maxk3(l0)=17 none0=0 minsig(C10)=[4, 707281618, 203, 46]
[  821.0s] A=708000002 secs=5.67 maxk3(l0)=17 none0=0 minsig(C10)=[4, 708998211, 203, 46]
[  823.3s] A=709000002 secs=5.5 maxk3(l0)=12 none0=0 minsig(C10)=[4, 709107301, 203, 46]
[  823.6s] A=710000002 secs=5.38 maxk3(l0)=23 none0=0 minsig(C10)=[4, 710063797, 203, 46]
[  825.4s] A=711000002 secs=5.56 maxk3(l0)=14 none0=0 minsig(C10)=[4, 711732572, 203, 46]
[  825.8s] A=712000002 secs=5.83 maxk3(l0)=29 none0=0 minsig(C10)=[5, 712127088, 203, 46]
[  826.6s] A=713000002 secs=5.63 maxk3(l0)=14 none0=0 minsig(C10)=[3, 713034304, 203, 46]
[  828.9s] A=714000002 secs=5.67 maxk3(l0)=17 none0=0 minsig(C10)=[4, 714713679, 203, 46]
[  829.5s] A=715000002 secs=5.87 maxk3(l0)=19 none0=0 minsig(C10)=[4, 715459903, 203, 46]
[  831.1s] A=716000002 secs=5.62 maxk3(l0)=18 none0=0 minsig(C10)=[3, 716189717, 203, 46]
[  831.7s] A=717000002 secs=5.88 maxk3(l0)=16 none0=0 minsig(C10)=[3, 717237670, 203, 46]
[  832.1s] A=718000002 secs=5.46 maxk3(l0)=17 none0=0 minsig(C10)=[4, 718905694, 203, 46]
[  834.4s] A=719000002 secs=5.48 maxk3(l0)=19 none0=0 minsig(C10)=[4, 719066701, 203, 46]
[  835.1s] A=720000002 secs=5.57 maxk3(l0)=13 none0=0 minsig(C10)=[4, 720147188, 203, 46]
[  836.7s] A=721000002 secs=5.58 maxk3(l0)=16 none0=0 minsig(C10)=[4, 721257874, 203, 46]
[  837.4s] A=722000002 secs=5.71 maxk3(l0)=16 none0=0 minsig(C10)=[3, 722222079, 203, 46]
[  837.6s] A=723000002 secs=5.44 maxk3(l0)=14 none0=0 minsig(C10)=[4, 723775111, 203, 46]
[  840.0s] A=724000002 secs=5.57 maxk3(l0)=17 none0=0 minsig(C10)=[4, 724168207, 204, 46]
[  840.6s] A=725000002 secs=5.53 maxk3(l0)=15 none0=0 minsig(C10)=[4, 725556304, 204, 46]
[  842.3s] A=726000002 secs=5.62 maxk3(l0)=19 none0=0 minsig(C10)=[4, 726990812, 204, 46]
[  843.3s] A=727000002 secs=5.83 maxk3(l0)=20 none0=0 minsig(C10)=[4, 727765041, 204, 46]
[  843.3s] A=728000002 secs=5.64 maxk3(l0)=19 none0=0 minsig(C10)=[5, 728072021, 204, 46]
[  845.6s] A=729000002 secs=5.61 maxk3(l0)=13 none0=0 minsig(C10)=[5, 729064617, 204, 46]
[  846.1s] A=730000002 secs=5.54 maxk3(l0)=17 none0=0 minsig(C10)=[4, 730205698, 204, 46]
[  848.0s] A=731000002 secs=5.75 maxk3(l0)=15 none0=0 minsig(C10)=[4, 731312947, 204, 46]
[  848.9s] A=732000002 secs=5.69 maxk3(l0)=15 none0=0 minsig(C10)=[4, 732529186, 204, 46]
[  849.3s] A=733000002 secs=6.06 maxk3(l0)=16 none0=0 minsig(C10)=[5, 733116820, 204, 46]
[  851.3s] A=734000002 secs=5.7 maxk3(l0)=16 none0=0 minsig(C10)=[4, 734253531, 204, 46]
[  851.9s] A=735000002 secs=5.73 maxk3(l0)=14 none0=0 minsig(C10)=[5, 735011600, 204, 46]
[  853.8s] A=736000002 secs=5.72 maxk3(l0)=17 none0=0 minsig(C10)=[4, 736693854, 204, 46]
[  854.5s] A=737000002 secs=5.64 maxk3(l0)=15 none0=0 minsig(C10)=[4, 737102977, 204, 46]
[  855.3s] A=738000002 secs=5.91 maxk3(l0)=17 none0=0 minsig(C10)=[5, 738143584, 204, 46]
[  856.9s] A=739000002 secs=5.57 maxk3(l0)=15 none0=0 minsig(C10)=[4, 739043403, 204, 46]
[  857.5s] A=740000002 secs=5.61 maxk3(l0)=15 none0=0 minsig(C10)=[4, 740926681, 204, 46]
[  859.3s] A=741000002 secs=5.55 maxk3(l0)=15 none0=0 minsig(C10)=[5, 741149151, 204, 46]
[  859.9s] A=742000002 secs=5.4 maxk3(l0)=15 none0=0 minsig(C10)=[5, 742044513, 204, 46]
[  861.0s] A=743000002 secs=5.72 maxk3(l0)=17 none0=0 minsig(C10)=[4, 743093726, 204, 46]
[  862.4s] A=744000002 secs=5.47 maxk3(l0)=17 none0=0 minsig(C10)=[5, 744246421, 204, 46]
[  863.1s] A=745000002 secs=5.58 maxk3(l0)=16 none0=0 minsig(C10)=[4, 745150632, 204, 46]
[  864.9s] A=746000002 secs=5.62 maxk3(l0)=16 none0=0 minsig(C10)=[4, 746670198, 204, 46]
[  865.4s] A=747000002 secs=5.5 maxk3(l0)=15 none0=0 minsig(C10)=[4, 747564351, 204, 46]
[  866.8s] A=748000002 secs=5.79 maxk3(l0)=16 none0=0 minsig(C10)=[5, 748020693, 204, 46]
[  868.0s] A=749000002 secs=5.64 maxk3(l0)=13 none0=0 minsig(C10)=[4, 749248567, 204, 46]
[  868.6s] A=750000002 secs=5.53 maxk3(l0)=16 none0=0 minsig(C10)=[4, 750725854, 204, 46]
[  870.6s] A=751000002 secs=5.62 maxk3(l0)=16 none0=0 minsig(C10)=[5, 751053493, 204, 46]
[  871.0s] A=752000002 secs=5.58 maxk3(l0)=15 none0=0 minsig(C10)=[5, 752004266, 204, 46]
[  872.5s] A=753000002 secs=5.7 maxk3(l0)=16 none0=0 minsig(C10)=[4, 753982675, 204, 46]
[  873.5s] A=754000002 secs=5.45 maxk3(l0)=15 none0=0 minsig(C10)=[4, 754479477, 204, 46]
[  874.1s] A=755000002 secs=5.52 maxk3(l0)=14 none0=0 minsig(C10)=[3, 755251386, 204, 46]
[  876.3s] A=756000002 secs=5.68 maxk3(l0)=15 none0=0 minsig(C10)=[3, 756079054, 204, 46]
[  876.8s] A=757000002 secs=5.72 maxk3(l0)=17 none0=0 minsig(C10)=[5, 757115003, 204, 46]
[  878.3s] A=758000002 secs=5.87 maxk3(l0)=14 none0=0 minsig(C10)=[4, 758440776, 204, 46]
[  879.3s] A=759000002 secs=5.81 maxk3(l0)=16 none0=0 minsig(C10)=[4, 759905858, 204, 46]
[  879.8s] A=760000002 secs=5.62 maxk3(l0)=16 none0=0 minsig(C10)=[4, 760352751, 204, 46]
[  881.8s] A=761000002 secs=5.48 maxk3(l0)=15 none0=0 minsig(C10)=[4, 761249385, 204, 46]
[  882.4s] A=762000002 secs=5.6 maxk3(l0)=14 none0=0 minsig(C10)=[4, 762014689, 204, 46]
[  884.1s] A=763000002 secs=5.76 maxk3(l0)=20 none0=0 minsig(C10)=[5, 763076889, 204, 46]
[  884.8s] A=764000002 secs=5.48 maxk3(l0)=14 none0=0 minsig(C10)=[5, 764016853, 204, 46]
[  885.4s] A=765000002 secs=5.61 maxk3(l0)=14 none0=0 minsig(C10)=[4, 765249776, 204, 46]
[  887.6s] A=766000002 secs=5.85 maxk3(l0)=16 none0=0 minsig(C10)=[2, 766263613, 204, 46]
[  888.2s] A=767000002 secs=5.85 maxk3(l0)=13 none0=0 minsig(C10)=[4, 767862031, 204, 46]
[  890.2s] A=768000002 secs=6.03 maxk3(l0)=12 none0=0 minsig(C10)=[3, 768976803, 204, 46]
[  890.6s] A=769000002 secs=5.77 maxk3(l0)=16 none0=0 minsig(C10)=[5, 769033851, 204, 46]
[  891.1s] A=770000002 secs=5.74 maxk3(l0)=13 none0=0 minsig(C10)=[5, 770007038, 204, 46]
[  893.2s] A=771000002 secs=5.54 maxk3(l0)=13 none0=0 minsig(C10)=[2, 771054495, 204, 46]
[  893.8s] A=772000002 secs=5.57 maxk3(l0)=14 none0=0 minsig(C10)=[4, 772684853, 204, 46]
[  896.1s] A=773000002 secs=5.97 maxk3(l0)=22 none0=0 minsig(C10)=[4, 773746429, 204, 46]
[  896.3s] A=774000002 secs=5.71 maxk3(l0)=16 none0=0 minsig(C10)=[4, 774995903, 204, 46]
[  896.8s] A=775000002 secs=5.65 maxk3(l0)=13 none0=0 minsig(C10)=[5, 775135707, 204, 46]
[  898.9s] A=776000002 secs=5.75 maxk3(l0)=14 none0=0 minsig(C10)=[4, 776446731, 204, 46]
[  899.5s] A=777000002 secs=5.7 maxk3(l0)=16 none0=0 minsig(C10)=[3, 777478992, 204, 46]
[  901.9s] A=778000002 secs=5.82 maxk3(l0)=14 none0=0 minsig(C10)=[5, 778027827, 204, 46]
[  901.9s] A=779000002 secs=5.57 maxk3(l0)=15 none0=0 minsig(C10)=[4, 779733826, 204, 46]
[  902.3s] A=780000002 secs=5.54 maxk3(l0)=14 none0=0 minsig(C10)=[4, 780091803, 204, 46]
[  904.4s] A=781000002 secs=5.46 maxk3(l0)=15 none0=0 minsig(C10)=[4, 781349147, 204, 46]
[  904.9s] A=782000002 secs=5.43 maxk3(l0)=15 none0=0 minsig(C10)=[3, 782189607, 204, 46]
[  907.5s] A=783000002 secs=5.61 maxk3(l0)=14 none0=0 minsig(C10)=[3, 783622467, 204, 46]
[  907.8s] A=784000002 secs=5.85 maxk3(l0)=17 none0=0 minsig(C10)=[5, 784296536, 204, 46]
[  908.0s] A=785000002 secs=5.62 maxk3(l0)=14 none0=0 minsig(C10)=[5, 785137400, 204, 46]
[  910.1s] A=786000002 secs=5.73 maxk3(l0)=16 none0=0 minsig(C10)=[4, 786487600, 204, 46]
[  910.7s] A=787000002 secs=5.71 maxk3(l0)=20 none0=0 minsig(C10)=[5, 787264283, 204, 46]
[  913.1s] A=788000002 secs=5.63 maxk3(l0)=13 none0=0 minsig(C10)=[4, 788023876, 204, 46]
[  913.6s] A=789000002 secs=5.81 maxk3(l0)=14 none0=0 minsig(C10)=[3, 789307151, 204, 46]
[  913.6s] A=790000002 secs=5.53 maxk3(l0)=14 none0=0 minsig(C10)=[4, 790387508, 204, 46]
[  915.7s] A=791000002 secs=5.57 maxk3(l0)=16 none0=0 minsig(C10)=[5, 791310220, 204, 46]
[  916.2s] A=792000002 secs=5.54 maxk3(l0)=13 none0=0 minsig(C10)=[5, 792089377, 204, 46]
[  918.6s] A=793000002 secs=5.45 maxk3(l0)=20 none0=0 minsig(C10)=[4, 793739573, 204, 46]
[  919.0s] A=794000002 secs=5.53 maxk3(l0)=16 none0=0 minsig(C10)=[4, 794690079, 204, 46]
[  919.4s] A=795000002 secs=5.76 maxk3(l0)=16 none0=0 minsig(C10)=[5, 795069215, 204, 46]
[  921.2s] A=796000002 secs=5.51 maxk3(l0)=13 none0=0 minsig(C10)=[4, 796354106, 204, 46]
[  921.7s] A=797000002 secs=5.47 maxk3(l0)=12 none0=0 minsig(C10)=[4, 797063976, 204, 46]
[  924.0s] A=798000002 secs=5.41 maxk3(l0)=16 none0=0 minsig(C10)=[4, 798017900, 204, 46]
[  924.5s] A=799000002 secs=5.47 maxk3(l0)=14 none0=0 minsig(C10)=[4, 799392717, 204, 46]
[  925.2s] A=800000002 secs=5.77 maxk3(l0)=15 none0=0 minsig(C10)=[4, 800299882, 205, 46]
[  926.8s] A=801000002 secs=5.56 maxk3(l0)=12 none0=0 minsig(C10)=[3, 801475733, 205, 46]
[  927.2s] A=802000002 secs=5.49 maxk3(l0)=13 none0=0 minsig(C10)=[5, 802320892, 205, 46]
[  929.4s] A=803000002 secs=5.47 maxk3(l0)=15 none0=0 minsig(C10)=[3, 803736772, 205, 46]
[  930.1s] A=804000002 secs=5.61 maxk3(l0)=20 none0=0 minsig(C10)=[4, 804209075, 205, 46]
[  931.1s] A=805000002 secs=5.9 maxk3(l0)=13 none0=0 minsig(C10)=[4, 805757614, 205, 46]
[  932.3s] A=806000002 secs=5.52 maxk3(l0)=17 none0=0 minsig(C10)=[5, 806132127, 205, 46]
[  932.7s] A=807000002 secs=5.49 maxk3(l0)=13 none0=0 minsig(C10)=[4, 807064351, 205, 46]
[  934.9s] A=808000002 secs=5.46 maxk3(l0)=13 none0=0 minsig(C10)=[4, 808371152, 205, 46]
[  935.7s] A=809000002 secs=5.62 maxk3(l0)=17 none0=0 minsig(C10)=[5, 809201365, 205, 46]
[  937.0s] A=810000002 secs=5.91 maxk3(l0)=22 none0=0 minsig(C10)=[4, 810415076, 205, 46]
[  937.9s] A=811000002 secs=5.64 maxk3(l0)=15 none0=0 minsig(C10)=[5, 811135201, 205, 46]
[  938.4s] A=812000002 secs=5.74 maxk3(l0)=15 none0=0 minsig(C10)=[3, 812652669, 205, 46]
[  940.8s] A=813000002 secs=5.83 maxk3(l0)=16 none0=0 minsig(C10)=[4, 813482988, 205, 46]
[  941.5s] A=814000002 secs=5.75 maxk3(l0)=18 none0=0 minsig(C10)=[4, 814046192, 205, 46]
[  943.0s] A=815000002 secs=5.97 maxk3(l0)=19 none0=0 minsig(C10)=[4, 815118536, 205, 46]
[  943.7s] A=816000002 secs=5.73 maxk3(l0)=21 none0=0 minsig(C10)=[4, 816073322, 205, 46]
[  944.1s] A=817000002 secs=5.65 maxk3(l0)=14 none0=0 minsig(C10)=[5, 817129867, 205, 46]
[  946.3s] A=818000002 secs=5.53 maxk3(l0)=20 none0=0 minsig(C10)=[4, 818369521, 205, 46]
[  947.0s] A=819000002 secs=5.52 maxk3(l0)=15 none0=0 minsig(C10)=[4, 819449677, 205, 46]
[  949.0s] A=820000002 secs=6.04 maxk3(l0)=16 none0=0 minsig(C10)=[5, 820109316, 205, 46]
[  949.5s] A=821000002 secs=5.8 maxk3(l0)=15 none0=0 minsig(C10)=[3, 821780367, 205, 46]
[  949.8s] A=822000002 secs=5.68 maxk3(l0)=28 none0=0 minsig(C10)=[3, 822998891, 205, 46]
[  951.9s] A=823000002 secs=5.64 maxk3(l0)=13 none0=0 minsig(C10)=[4, 823273861, 205, 46]
[  952.8s] A=824000002 secs=5.79 maxk3(l0)=19 none0=0 minsig(C10)=[5, 824659596, 205, 46]
[  954.9s] A=825000002 secs=5.86 maxk3(l0)=16 none0=0 minsig(C10)=[4, 825728872, 205, 46]
[  955.1s] A=826000002 secs=5.6 maxk3(l0)=14 none0=0 minsig(C10)=[4, 826504064, 205, 46]
[  955.3s] A=827000002 secs=5.58 maxk3(l0)=16 none0=0 minsig(C10)=[2, 827775801, 205, 46]
[  957.5s] A=828000002 secs=5.5 maxk3(l0)=18 none0=0 minsig(C10)=[4, 828665791, 205, 46]
[  958.5s] A=829000002 secs=5.64 maxk3(l0)=15 none0=0 minsig(C10)=[4, 829307167, 205, 46]
[  960.7s] A=830000002 secs=5.8 maxk3(l0)=13 none0=0 minsig(C10)=[5, 830101143, 205, 46]
[  960.8s] A=831000002 secs=5.65 maxk3(l0)=16 none0=0 minsig(C10)=[5, 831263881, 205, 46]
[  960.8s] A=832000002 secs=5.5 maxk3(l0)=17 none0=0 minsig(C10)=[3, 832626716, 205, 46]
[  963.2s] A=833000002 secs=5.7 maxk3(l0)=16 none0=0 minsig(C10)=[4, 833496886, 205, 46]
[  964.1s] A=834000002 secs=5.58 maxk3(l0)=15 none0=0 minsig(C10)=[4, 834300723, 205, 46]
[  966.7s] A=835000002 secs=6.06 maxk3(l0)=19 none0=0 minsig(C10)=[5, 835374964, 205, 46]
[  966.8s] A=836000002 secs=5.66 maxk3(l0)=13 none0=0 minsig(C10)=[5, 836321996, 205, 46]
[  966.8s] A=837000002 secs=5.72 maxk3(l0)=16 none0=0 minsig(C10)=[3, 837020752, 205, 46]
[  968.9s] A=838000002 secs=5.74 maxk3(l0)=16 none0=0 minsig(C10)=[4, 838041404, 205, 46]
[  969.7s] A=839000002 secs=5.66 maxk3(l0)=13 none0=0 minsig(C10)=[4, 839500532, 205, 46]
[  972.1s] A=840000002 secs=5.71 maxk3(l0)=15 none0=0 minsig(C10)=[4, 840485476, 205, 46]
[  972.2s] A=841000002 secs=5.67 maxk3(l0)=16 none0=0 minsig(C10)=[4, 841642974, 205, 46]
[  972.7s] A=842000002 secs=5.93 maxk3(l0)=14 none0=0 minsig(C10)=[4, 842639306, 205, 46]
[  974.5s] A=843000002 secs=5.62 maxk3(l0)=17 none0=0 minsig(C10)=[5, 843148756, 205, 46]
[  975.2s] A=844000002 secs=5.45 maxk3(l0)=16 none0=0 minsig(C10)=[5, 844308246, 205, 46]
[  977.6s] A=845000002 secs=5.48 maxk3(l0)=16 none0=0 minsig(C10)=[4, 845293359, 205, 46]
[  977.8s] A=846000002 secs=5.53 maxk3(l0)=13 none0=0 minsig(C10)=[4, 846181911, 205, 46]
[  978.4s] A=847000002 secs=5.72 maxk3(l0)=15 none0=0 minsig(C10)=[4, 847102587, 205, 46]
[  980.1s] A=848000002 secs=5.57 maxk3(l0)=12 none0=0 minsig(C10)=[5, 848275585, 205, 46]
[  980.7s] A=849000002 secs=5.5 maxk3(l0)=12 none0=0 minsig(C10)=[4, 849204556, 205, 46]
[  983.3s] A=850000002 secs=5.62 maxk3(l0)=16 none0=0 minsig(C10)=[4, 850234156, 205, 46]
[  983.4s] A=851000002 secs=5.65 maxk3(l0)=17 none0=0 minsig(C10)=[4, 851715450, 205, 46]
[  984.4s] A=852000002 secs=5.98 maxk3(l0)=15 none0=0 minsig(C10)=[4, 852770756, 205, 46]
[  985.6s] A=853000002 secs=5.49 maxk3(l0)=18 none0=0 minsig(C10)=[5, 853010482, 205, 46]
[  986.3s] A=854000002 secs=5.6 maxk3(l0)=22 none0=0 minsig(C10)=[3, 854728891, 205, 46]
[  988.9s] A=855000002 secs=5.6 maxk3(l0)=12 none0=0 minsig(C10)=[4, 855834236, 205, 46]
[  989.0s] A=856000002 secs=5.57 maxk3(l0)=20 none0=0 minsig(C10)=[4, 856453462, 205, 46]
[  990.3s] A=857000002 secs=5.95 maxk3(l0)=25 none0=0 minsig(C10)=[4, 857292694, 205, 46]
[  991.3s] A=858000002 secs=5.71 maxk3(l0)=17 none0=0 minsig(C10)=[4, 858688833, 205, 46]
[  992.1s] A=859000002 secs=5.82 maxk3(l0)=17 none0=0 minsig(C10)=[4, 859581325, 205, 46]
[  994.5s] A=860000002 secs=5.67 maxk3(l0)=17 none0=0 minsig(C10)=[4, 860117493, 205, 46]
[  994.7s] A=861000002 secs=5.72 maxk3(l0)=18 none0=0 minsig(C10)=[5, 861451651, 205, 46]
[  996.3s] A=862000002 secs=5.97 maxk3(l0)=28 none0=0 minsig(C10)=[3, 862631830, 205, 46]
[  996.9s] A=863000002 secs=5.54 maxk3(l0)=16 none0=0 minsig(C10)=[4, 863130064, 205, 46]
[  997.7s] A=864000002 secs=5.54 maxk3(l0)=15 none0=0 minsig(C10)=[4, 864085371, 205, 46]
[ 1000.2s] A=865000002 secs=5.61 maxk3(l0)=15 none0=0 minsig(C10)=[4, 865105573, 205, 46]
[ 1000.4s] A=866000002 secs=5.65 maxk3(l0)=27 none0=0 minsig(C10)=[3, 866252257, 205, 46]
[ 1002.4s] A=867000002 secs=6.06 maxk3(l0)=15 none0=0 minsig(C10)=[4, 867324207, 205, 46]
[ 1002.5s] A=868000002 secs=5.67 maxk3(l0)=14 none0=0 minsig(C10)=[3, 868271761, 205, 46]
[ 1003.3s] A=869000002 secs=5.67 maxk3(l0)=15 none0=0 minsig(C10)=[4, 869213911, 205, 46]
[ 1005.8s] A=870000002 secs=5.64 maxk3(l0)=22 none0=0 minsig(C10)=[4, 870054715, 205, 46]
[ 1006.1s] A=871000002 secs=5.75 maxk3(l0)=16 none0=0 minsig(C10)=[4, 871505805, 205, 46]
[ 1008.5s] A=872000002 secs=6.13 maxk3(l0)=16 none0=0 minsig(C10)=[5, 872069965, 205, 46]
[ 1008.5s] A=873000002 secs=5.84 maxk3(l0)=16 none0=0 minsig(C10)=[5, 873242376, 205, 46]
[ 1009.1s] A=874000002 secs=5.82 maxk3(l0)=13 none0=0 minsig(C10)=[4, 874159936, 205, 46]
[ 1011.5s] A=875000002 secs=5.73 maxk3(l0)=18 none0=0 minsig(C10)=[3, 875594701, 205, 46]
[ 1011.9s] A=876000002 secs=5.72 maxk3(l0)=13 none0=0 minsig(C10)=[5, 876237146, 205, 46]
[ 1014.2s] A=877000002 secs=5.82 maxk3(l0)=21 none0=0 minsig(C10)=[4, 877084275, 205, 46]
[ 1014.5s] A=878000002 secs=5.96 maxk3(l0)=19 none0=0 minsig(C10)=[4, 878358280, 205, 46]
[ 1014.9s] A=879000002 secs=5.72 maxk3(l0)=17 none0=0 minsig(C10)=[5, 879039163, 205, 46]
[ 1017.3s] A=880000002 secs=5.78 maxk3(l0)=17 none0=0 minsig(C10)=[4, 880328065, 205, 46]
[ 1017.5s] A=881000002 secs=5.65 maxk3(l0)=23 none0=0 minsig(C10)=[5, 881139227, 205, 46]
[ 1019.9s] A=882000002 secs=5.66 maxk3(l0)=13 none0=0 minsig(C10)=[4, 882830545, 205, 46]
[ 1020.3s] A=883000002 secs=5.82 maxk3(l0)=18 none0=0 minsig(C10)=[3, 883397113, 205, 46]
[ 1020.5s] A=884000002 secs=5.62 maxk3(l0)=16 none0=0 minsig(C10)=[4, 884605725, 206, 46]
[ 1023.0s] A=885000002 secs=5.68 maxk3(l0)=15 none0=0 minsig(C10)=[5, 885210837, 206, 46]
[ 1023.3s] A=886000002 secs=5.73 maxk3(l0)=14 none0=0 minsig(C10)=[3, 886848888, 206, 46]
[ 1025.6s] A=887000002 secs=5.72 maxk3(l0)=18 none0=0 minsig(C10)=[4, 887169874, 206, 46]
[ 1026.3s] A=888000002 secs=6.0 maxk3(l0)=19 none0=0 minsig(C10)=[5, 888108476, 206, 46]
[ 1026.3s] A=889000002 secs=5.78 maxk3(l0)=15 none0=0 minsig(C10)=[4, 889183351, 206, 46]
[ 1028.7s] A=890000002 secs=5.72 maxk3(l0)=16 none0=0 minsig(C10)=[3, 890719091, 206, 46]
[ 1028.9s] A=891000002 secs=5.62 maxk3(l0)=16 none0=0 minsig(C10)=[3, 891039371, 206, 46]
[ 1031.4s] A=892000002 secs=5.76 maxk3(l0)=19 none0=0 minsig(C10)=[4, 892654473, 206, 46]
[ 1032.0s] A=893000002 secs=5.71 maxk3(l0)=12 none0=0 minsig(C10)=[4, 893394066, 206, 46]
[ 1032.3s] A=894000002 secs=6.01 maxk3(l0)=16 none0=0 minsig(C10)=[4, 894204184, 206, 46]
[ 1034.8s] A=895000002 secs=6.03 maxk3(l0)=18 none0=0 minsig(C10)=[5, 895139695, 206, 46]
[ 1034.8s] A=896000002 secs=5.82 maxk3(l0)=16 none0=0 minsig(C10)=[4, 896626417, 206, 46]
[ 1037.2s] A=897000002 secs=5.85 maxk3(l0)=16 none0=0 minsig(C10)=[4, 897535381, 206, 46]
[ 1037.9s] A=898000002 secs=5.87 maxk3(l0)=16 none0=0 minsig(C10)=[3, 898463391, 206, 46]
[ 1038.5s] A=899000002 secs=6.17 maxk3(l0)=14 none0=0 minsig(C10)=[4, 899705776, 206, 46]
[ 1040.4s] A=900000002 secs=5.71 maxk3(l0)=19 none0=0 minsig(C10)=[5, 900576568, 206, 46]
[ 1040.4s] A=901000002 secs=5.65 maxk3(l0)=14 none0=0 minsig(C10)=[4, 901312641, 206, 46]
[ 1042.7s] A=902000002 secs=5.48 maxk3(l0)=17 none0=0 minsig(C10)=[4, 902737333, 206, 46]
[ 1043.5s] A=903000002 secs=5.57 maxk3(l0)=14 none0=0 minsig(C10)=[4, 903138537, 206, 46]
[ 1044.5s] A=904000002 secs=5.96 maxk3(l0)=14 none0=0 minsig(C10)=[5, 904255433, 206, 46]
[ 1046.3s] A=905000002 secs=5.9 maxk3(l0)=15 none0=0 minsig(C10)=[5, 905257706, 206, 46]
[ 1046.4s] A=906000002 secs=5.75 maxk3(l0)=14 none0=0 minsig(C10)=[3, 906081736, 206, 46]
[ 1048.4s] A=907000002 secs=5.68 maxk3(l0)=19 none0=0 minsig(C10)=[5, 907665727, 206, 46]
[ 1049.3s] A=908000002 secs=5.78 maxk3(l0)=14 none0=0 minsig(C10)=[3, 908353953, 206, 46]
[ 1050.6s] A=909000002 secs=6.13 maxk3(l0)=16 none0=0 minsig(C10)=[3, 909643176, 206, 46]
[ 1051.8s] A=910000002 secs=5.6 maxk3(l0)=16 none0=0 minsig(C10)=[5, 910164297, 206, 46]
[ 1051.9s] A=911000002 secs=5.58 maxk3(l0)=18 none0=0 minsig(C10)=[4, 911222516, 206, 46]
[ 1053.9s] A=912000002 secs=5.46 maxk3(l0)=14 none0=0 minsig(C10)=[5, 912078871, 206, 46]
[ 1054.8s] A=913000002 secs=5.53 maxk3(l0)=16 none0=0 minsig(C10)=[4, 913625318, 206, 46]
[ 1056.5s] A=914000002 secs=5.92 maxk3(l0)=15 none0=0 minsig(C10)=[4, 914629467, 206, 46]
[ 1057.6s] A=915000002 secs=5.81 maxk3(l0)=23 none0=0 minsig(C10)=[5, 915273241, 206, 46]
[ 1057.7s] A=916000002 secs=5.79 maxk3(l0)=15 none0=0 minsig(C10)=[4, 916530505, 206, 46]
[ 1059.7s] A=917000002 secs=5.83 maxk3(l0)=14 none0=0 minsig(C10)=[5, 917035134, 206, 46]
[ 1060.6s] A=918000002 secs=5.8 maxk3(l0)=16 none0=0 minsig(C10)=[5, 918118261, 206, 46]
[ 1062.5s] A=919000002 secs=5.98 maxk3(l0)=14 none0=0 minsig(C10)=[4, 919584836, 206, 46]
[ 1063.4s] A=920000002 secs=5.77 maxk3(l0)=17 none0=0 minsig(C10)=[4, 920378702, 206, 46]
[ 1063.4s] A=921000002 secs=5.69 maxk3(l0)=20 none0=0 minsig(C10)=[4, 921176808, 206, 46]
[ 1065.6s] A=922000002 secs=5.87 maxk3(l0)=15 none0=0 minsig(C10)=[4, 922345362, 206, 46]
[ 1066.6s] A=923000002 secs=5.95 maxk3(l0)=14 none0=0 minsig(C10)=[4, 923527256, 206, 46]
[ 1068.9s] A=924000002 secs=6.38 maxk3(l0)=12 none0=0 minsig(C10)=[4, 924947500, 206, 46]
[ 1069.5s] A=925000002 secs=6.14 maxk3(l0)=12 none0=0 minsig(C10)=[4, 925040761, 206, 46]
[ 1069.5s] A=926000002 secs=6.09 maxk3(l0)=16 none0=0 minsig(C10)=[5, 926383747, 206, 46]
[ 1071.6s] A=927000002 secs=5.96 maxk3(l0)=12 none0=0 minsig(C10)=[5, 927294512, 206, 46]
[ 1072.5s] A=928000002 secs=5.96 maxk3(l0)=17 none0=0 minsig(C10)=[4, 928420383, 206, 46]
[ 1075.0s] A=929000002 secs=6.11 maxk3(l0)=12 none0=0 minsig(C10)=[4, 929396567, 206, 46]
[ 1075.3s] A=930000002 secs=5.79 maxk3(l0)=13 none0=0 minsig(C10)=[3, 930407794, 206, 46]
[ 1075.3s] A=931000002 secs=5.77 maxk3(l0)=16 none0=0 minsig(C10)=[5, 931132945, 206, 46]
[ 1077.4s] A=932000002 secs=5.87 maxk3(l0)=15 none0=0 minsig(C10)=[4, 932239106, 206, 46]
[ 1078.4s] A=933000002 secs=5.89 maxk3(l0)=14 none0=0 minsig(C10)=[3, 933937738, 206, 46]
[ 1081.2s] A=934000002 secs=6.2 maxk3(l0)=15 none0=0 minsig(C10)=[5, 934128552, 206, 46]
[ 1081.2s] A=935000002 secs=5.77 maxk3(l0)=22 none0=0 minsig(C10)=[4, 935708111, 206, 46]
[ 1081.2s] A=936000002 secs=5.89 maxk3(l0)=21 none0=0 minsig(C10)=[4, 936994753, 206, 46]
[ 1083.2s] A=937000002 secs=5.75 maxk3(l0)=13 none0=0 minsig(C10)=[5, 937071777, 206, 46]
[ 1084.1s] A=938000002 secs=5.71 maxk3(l0)=15 none0=0 minsig(C10)=[4, 938865292, 206, 46]
[ 1086.9s] A=939000002 secs=5.78 maxk3(l0)=15 none0=0 minsig(C10)=[3, 939179187, 206, 46]
[ 1087.0s] A=940000002 secs=5.79 maxk3(l0)=30 none0=0 minsig(C10)=[5, 940653255, 206, 46]
[ 1087.4s] A=941000002 secs=6.13 maxk3(l0)=19 none0=0 minsig(C10)=[5, 941163352, 206, 46]
[ 1089.0s] A=942000002 secs=5.77 maxk3(l0)=15 none0=0 minsig(C10)=[4, 942041425, 206, 46]
[ 1089.9s] A=943000002 secs=5.77 maxk3(l0)=17 none0=0 minsig(C10)=[5, 943147215, 206, 46]
[ 1092.6s] A=944000002 secs=5.73 maxk3(l0)=22 none0=0 minsig(C10)=[5, 944044303, 206, 46]
[ 1092.8s] A=945000002 secs=5.76 maxk3(l0)=16 none0=0 minsig(C10)=[6, 945032948, 206, 46]
[ 1093.3s] A=946000002 secs=5.96 maxk3(l0)=15 none0=0 minsig(C10)=[4, 946169436, 206, 46]
[ 1094.7s] A=947000002 secs=5.76 maxk3(l0)=14 none0=0 minsig(C10)=[5, 947424513, 206, 46]
[ 1095.7s] A=948000002 secs=5.77 maxk3(l0)=16 none0=0 minsig(C10)=[5, 948058885, 206, 46]
[ 1098.2s] A=949000002 secs=5.56 maxk3(l0)=20 none0=0 minsig(C10)=[4, 949243101, 206, 46]
[ 1098.5s] A=950000002 secs=5.72 maxk3(l0)=13 none0=0 minsig(C10)=[4, 950566323, 206, 46]
[ 1099.3s] A=951000002 secs=6.01 maxk3(l0)=16 none0=0 minsig(C10)=[3, 951776761, 206, 46]
[ 1100.4s] A=952000002 secs=5.61 maxk3(l0)=17 none0=0 minsig(C10)=[5, 952394029, 206, 46]
[ 1101.4s] A=953000002 secs=5.7 maxk3(l0)=11 none0=0 minsig(C10)=[4, 953304304, 206, 46]
[ 1103.9s] A=954000002 secs=5.69 maxk3(l0)=19 none0=0 minsig(C10)=[4, 954346837, 206, 46]
[ 1104.3s] A=955000002 secs=5.76 maxk3(l0)=17 none0=0 minsig(C10)=[5, 955468032, 206, 46]
[ 1105.3s] A=956000002 secs=5.96 maxk3(l0)=12 none0=0 minsig(C10)=[4, 956227586, 206, 46]
[ 1106.1s] A=957000002 secs=5.77 maxk3(l0)=16 none0=0 minsig(C10)=[4, 957945332, 206, 46]
[ 1107.2s] A=958000002 secs=5.76 maxk3(l0)=12 none0=0 minsig(C10)=[5, 958370757, 206, 46]
[ 1109.6s] A=959000002 secs=5.7 maxk3(l0)=16 none0=0 minsig(C10)=[4, 959328955, 206, 46]
[ 1110.0s] A=960000002 secs=5.69 maxk3(l0)=14 none0=0 minsig(C10)=[5, 960120904, 206, 46]
[ 1111.3s] A=961000002 secs=6.03 maxk3(l0)=18 none0=0 minsig(C10)=[5, 961810679, 206, 46]
[ 1112.0s] A=962000002 secs=5.83 maxk3(l0)=16 none0=0 minsig(C10)=[4, 962521887, 206, 46]
[ 1113.1s] A=963000002 secs=5.9 maxk3(l0)=15 none0=0 minsig(C10)=[4, 963038443, 206, 46]
[ 1115.3s] A=964000002 secs=5.7 maxk3(l0)=16 none0=0 minsig(C10)=[3, 964758691, 206, 46]
[ 1115.8s] A=965000002 secs=5.77 maxk3(l0)=18 none0=0 minsig(C10)=[5, 965097091, 206, 46]
[ 1117.3s] A=966000002 secs=5.99 maxk3(l0)=14 none0=0 minsig(C10)=[4, 966803425, 206, 46]
[ 1117.6s] A=967000002 secs=5.67 maxk3(l0)=19 none0=0 minsig(C10)=[4, 967350652, 206, 46]
[ 1118.7s] A=968000002 secs=5.67 maxk3(l0)=14 none0=0 minsig(C10)=[5, 968071947, 206, 46]
[ 1121.0s] A=969000002 secs=5.73 maxk3(l0)=16 none0=0 minsig(C10)=[5, 969281335, 206, 46]
[ 1121.5s] A=970000002 secs=5.7 maxk3(l0)=13 none0=0 minsig(C10)=[4, 970190352, 206, 46]
[ 1123.4s] A=971000002 secs=6.05 maxk3(l0)=16 none0=0 minsig(C10)=[5, 971231236, 206, 46]
[ 1123.5s] A=972000002 secs=5.8 maxk3(l0)=16 none0=0 minsig(C10)=[4, 972085354, 206, 46]
[ 1124.5s] A=973000002 secs=5.7 maxk3(l0)=19 none0=0 minsig(C10)=[4, 973955061, 206, 46]
[ 1126.8s] A=974000002 secs=5.79 maxk3(l0)=15 none0=0 minsig(C10)=[4, 974946955, 206, 46]
[ 1127.3s] A=975000002 secs=5.77 maxk3(l0)=14 none0=0 minsig(C10)=[4, 975117561, 206, 46]
[ 1129.5s] A=976000002 secs=6.11 maxk3(l0)=15 none0=0 minsig(C10)=[4, 976249128, 206, 46]
[ 1129.5s] A=977000002 secs=5.73 maxk3(l0)=18 none0=0 minsig(C10)=[5, 977282237, 207, 46]
[ 1130.3s] A=978000002 secs=5.85 maxk3(l0)=15 none0=0 minsig(C10)=[4, 978227732, 207, 46]
[ 1132.7s] A=979000002 secs=5.82 maxk3(l0)=13 none0=0 minsig(C10)=[6, 979126679, 207, 46]
[ 1133.0s] A=980000002 secs=5.76 maxk3(l0)=14 none0=0 minsig(C10)=[5, 980102071, 207, 46]
[ 1135.0s] A=981000002 secs=5.82 maxk3(l0)=14 none0=0 minsig(C10)=[5, 981052375, 207, 46]
[ 1135.5s] A=982000002 secs=5.96 maxk3(l0)=16 none0=0 minsig(C10)=[4, 982777721, 207, 46]
[ 1136.0s] A=983000002 secs=5.67 maxk3(l0)=14 none0=0 minsig(C10)=[4, 983149951, 207, 46]
[ 1138.4s] A=984000002 secs=5.77 maxk3(l0)=14 none0=0 minsig(C10)=[4, 984796314, 207, 46]
[ 1138.8s] A=985000002 secs=5.82 maxk3(l0)=17 none0=0 minsig(C10)=[5, 985206487, 207, 46]
[ 1140.7s] A=986000002 secs=5.64 maxk3(l0)=22 none0=0 minsig(C10)=[4, 986902947, 207, 46]
[ 1141.4s] A=987000002 secs=5.87 maxk3(l0)=14 none0=0 minsig(C10)=[5, 987069009, 207, 46]
[ 1141.6s] A=988000002 secs=5.66 maxk3(l0)=16 none0=0 minsig(C10)=[3, 988071475, 207, 46]
[ 1144.0s] A=989000002 secs=5.57 maxk3(l0)=12 none0=0 minsig(C10)=[4, 989952888, 207, 46]
[ 1144.4s] A=990000002 secs=5.57 maxk3(l0)=19 none0=0 minsig(C10)=[4, 990000538, 207, 46]
[ 1146.3s] A=991000002 secs=5.64 maxk3(l0)=15 none0=0 minsig(C10)=[4, 991729657, 207, 46]
[ 1147.4s] A=992000002 secs=6.02 maxk3(l0)=17 none0=0 minsig(C10)=[5, 992898075, 207, 46]
[ 1147.4s] A=993000002 secs=5.72 maxk3(l0)=18 none0=0 minsig(C10)=[4, 993743152, 207, 46]
[ 1149.7s] A=994000002 secs=5.67 maxk3(l0)=15 none0=0 minsig(C10)=[5, 994463710, 207, 46]
[ 1150.1s] A=995000002 secs=5.69 maxk3(l0)=14 none0=0 minsig(C10)=[4, 995255707, 207, 46]
[ 1151.7s] A=996000002 secs=5.42 maxk3(l0)=14 none0=0 minsig(C10)=[5, 996097671, 207, 46]
[ 1152.5s] A=997000002 secs=5.13 maxk3(l0)=14 none0=0 minsig(C10)=[4, 997360150, 207, 46]
[ 1152.7s] A=998000002 secs=5.33 maxk3(l0)=15 none0=0 minsig(C10)=[5, 998051618, 207, 46]
[ 1153.6s] A=999000002 secs=3.94 maxk3(l0)=15 none0=0 minsig(C10)=[4, 999941115, 207, 46]
