'K1695.l1_matrix_identity' depends on axioms: [propext, Classical.choice, Quot.sound]
'K1695.l1_mul_self' depends on axioms: [propext, Classical.choice, Quot.sound]
'K1695.l1_unit_inv' depends on axioms: [propext, Classical.choice, Quot.sound]
'K1695.l1_matrix_inv' depends on axioms: [propext, Classical.choice, Quot.sound]
'K1695.rank_mul_transposition' depends on axioms: [propext, Classical.choice, Quot.sound]
'K1695.smul_vecMulVec' depends on axioms: [propext, Quot.sound]
'K1695.l2_rank_identity' depends on axioms: [propext, Classical.choice, Quot.sound]
'K1695.matrix_rank_add_le' depends on axioms: [propext, Classical.choice, Quot.sound]
'K1695.l3_rank_one_update_bounds' depends on axioms: [propext, Classical.choice, Quot.sound]
'K1695.exists_ker_dotProduct_ne_zero_of_not_mem_range_transpose' depends on axioms: [propext,
 Classical.choice,
 Quot.sound]
'K1695.l6a_rank_one_update_eq_add_one' depends on axioms: [propext, Classical.choice, Quot.sound]
'K1695.l6prime_t2_corrected' depends on axioms: [propext, Classical.choice, Quot.sound]
'K1695.one_mu_coefficients_eq_zero' depends on axioms: [propext, Classical.choice, Quot.sound]
'K1695.l7_quadratic_descent_with_decomposition' depends on axioms: [propext, Classical.choice, Quot.sound]
'K1695.l4_t0' depends on axioms: [propext, Classical.choice, Quot.sound]
'K1695.l5_t3_corrected' depends on axioms: [propext, Classical.choice, Quot.sound]
'K1695.dotProduct_eq_zero_of_mem_range_transpose_of_mulVec_eq_zero' depends on axioms: [propext,
 Classical.choice,
 Quot.sound]
'K1695.dotProduct_preimage_well_defined' depends on axioms: [propext, Classical.choice, Quot.sound]
'K1695.rank_one_update_le_of_left_mem' depends on axioms: [propext, Classical.choice, Quot.sound]
'K1695.rank_one_update_le_of_right_mem' depends on axioms: [propext, Classical.choice, Quot.sound]
'K1695.rank_one_update_le_of_one_side_mem' depends on axioms: [propext, Classical.choice, Quot.sound]
'K1695.rank_one_update_eq_of_left_not_mem_right_mem' depends on axioms: [propext, Classical.choice, Quot.sound]
'K1695.rank_one_update_eq_of_left_mem_right_not_mem' depends on axioms: [propext, Classical.choice, Quot.sound]
'K1695.rank_one_update_eq_sub_one' depends on axioms: [propext, Classical.choice, Quot.sound]
'K1695.rank_one_update_eq_of_preimage_scalar_ne_zero' depends on axioms: [propext, Classical.choice, Quot.sound]
'K1695.t2_rank_le_of_one_side_mem' depends on axioms: [propext, Classical.choice, Quot.sound]
'K1695.t2_rank_eq_iff_both_sides_not_mem' depends on axioms: [propext, Classical.choice, Quot.sound]
'K1695.t1_rank_drop_iff' depends on axioms: [propext, Classical.choice, Quot.sound]
'K1695.t4_minpoly_mulVec_mem_range' depends on axioms: [propext, Classical.choice, Quot.sound]
'K1695.cubic_coefficients_eq_zero' depends on axioms: [propext, Classical.choice, Quot.sound]
'K1695.t4_cubic_descent_with_decomposition' depends on axioms: [propext, Classical.choice, Quot.sound]
'K1695.t4_cubic_minpoly_descent_with_decomposition' depends on axioms: [propext, Classical.choice, Quot.sound]
