
w133 round 31 -- ITEM 4: (A2-PATH) AS STATED IS FALSE, AND THE MECHANISM SAYS WHAT REPLACES IT.

THE TARGET.  r30 split A2 and left one half open:

    (A2-PATH)   path(G) >= path(G') + h

with  G' := the result of peeling every a = 1 vertex (F7),  h := the maximum distance in G
from a peeled vertex to V(G'),  and  path(-) := the number of VERTICES in a longest induced
path.  With F11 on G' (path(G') >= rad(G') + 4) and r30's inequality half
(rad(G) <= rad(G') + h), (A2-PATH) would close Problem A.  r30 called it "the whole new idea".

THE FINDING OF THIS FILE.

  *** (A2-PATH) IS FALSE.  A pendant vertex is a hair of length h = 1, and it lengthens a  ***
  *** longest induced path ONLY IF it is hung at a vertex that is already an ENDPOINT of   ***
  *** one.  Hang it anywhere else and path(G) = path(G'), while h = 1.                     ***

  The mechanism, and it is an EQUALITY, not a bound.  For G = G' + a pendant v at w:
      every induced path of G either avoids v, or ends at v (v is a leaf, so it can never
      be interior), hence
                 path(G)  =  max( path(G'),  1 + endpath(G', w) )
  where endpath(G', w) is the largest number of vertices on an induced path of G' having w
  as an ENDPOINT.  So (A2-PATH) at h = 1 is equivalent to  endpath(G', w) = path(G'),  i.e.
  to w being an endpoint of some longest induced path of G'.  Nothing forces that.

  *** h MEASURES DISTANCE; path IS PAID ONLY AT AN ENDPOINT.  The exchange A2 asks for is  ***
  *** not between two lengths, it is between a length and an ANCHORED length.              ***

HOW FAR THE REFUTATION REACHES -- measured in PART 4, not asserted.  The witnesses are pushed
as close to Problem A's class as this round could push them:
    connected           YES        C4-free            YES
    an a = 1 vertex     YES        rad(G) >= 5        YES  (two C9's sharing a vertex, plus a
                                                            pendant: n = 18, rad = 5, h = 1,
                                                            path(G) = path(G') = 15)
    l(G) > 4            NO   -- the ONE hypothesis no witness here carries (best l = 2.29).
So (A2-PATH) is false as stated AND false under rad >= 5.  **Any proof of it must consume
l > 4**, and l > 4 is a DENSITY hypothesis, while the failure above is a POSITIONAL one -- the
hair is hung where no longest induced path ends.  That mismatch is the finding.

WHAT THIS DOES NOT DO.  It does not refute route A2 and it does not touch Problem A: nothing
here is a counterexample inside Problem A's full class, and none is claimed.  PART 5 states
the anchored replacement that the route actually needs, and checks it on the witness.

RULING CZ: every predicate ships an input on which it MUST return True, and the counterexample
gate is shown DECLINING on graphs chosen to break the specific clause each one targets.
The peeling and longest-induced-path primitives are written here from scratch and CROSS-CHECKED
against r30's implementations on random inputs -- r30's own peel_all was defective before it
was fixed, so agreement is checked, not assumed.

No SAT.  Bounded pruned search only.  Wall-clock self-limit 300 s, exit(2) -- never `return`.


=== PART 0 -- POSITIVE CONTROLS, EACH ON AN INPUT WHERE IT MUST RETURN True ===
  [PASS] MUST-FIRE: C5 is connected and C4-free
  [PASS] MUST-FIRE: a(v) = 2 at every C5 vertex
  [PASS] MUST-FIRE: path(C5) = 4 vertices  -- got 4
  [PASS] MUST-FIRE: rad(C5) = 2
  [PASS] specificity: the star K_{1,3} IS detected as not C4-free? no -- it is C4-free
  [PASS] MUST-FIRE: peeling K_{1,3} strips the three leaves and leaves the centre (a(centre) = 3 - 0 = 3 first, then 0 once alone -- never 1)  -- got {0}
  [PASS] MUST-FIRE: peeling annihilates the triangle (every a = 2 - 1 = 1) and the peeler is ALLOWED to return empty  -- got set()
  [PASS] MUST-FIRE: a 4-cycle IS caught by c4free
  [PASS] MUST-FIRE: endpath(P4, endpoint) = 4 and endpath(P4, interior) = 3  -- 4 / 3
  [PASS] MUST-FIRE: the PG(2,3) incidence graph is C4-free, 4-regular, 26 vertices
  [PASS] MUST-FIRE: l(PG(2,3)) = 4.0 EXACTLY -- the brief's own published datum, so this control pins l's DEFINITION and not just its arithmetic  -- l = 4.000000
  [PASS] specificity: PG(2,3) is therefore NOT in the l > 4 class (the brief says so too)
  [PASS] MUST-FIRE: h = 1 for a single pendant
  [PASS] the r30 prefix loaded WITHOUT running r30's program (it defines peel_all/rad and printed nothing above this line)
  [PASS] CROSS-CHECK: this file's peel_all AGREES with r30's (post-fix) on 300 random graphs -- two implementations of a function that was WRONG in r30's first version  -- 0 mismatches
  [PASS] CROSS-CHECK: this file's rad AGREES with r30's on the connected ones  -- 0 mismatches

=== PART 1 -- path(G) >= path(G') is FREE; all the content is the '+ h' ===
  G' is an INDUCED subgraph of G, so an induced path of G' is an induced path of
  G.  Hence path(G) >= path(G') with no hypotheses at all.  Verified below on
  every graph this file builds, so the claim under test is only the '+ h'.

=== PART 2 -- BOUNDED SEARCH: hang one pendant, ask whether path pays for it ===
  A pendant is a hair of length h = 1, the SMALLEST case (A2-PATH) has to cover.
  base G'                                     path verts vertices where (A2-PATH) BREAKS
  C5                                             4     5 none
  C6                                             5     6 none
  C7                                             6     7 none
  C8                                             7     8 none
  two C5 sharing one vertex (bowtie of pentagons)     7     9 [0, 1, 4, 5, 8]
  three C5 sharing one vertex                    7    13 [0, 1, 4, 5, 8, 9, 12]
  two C5 joined by an edge                       8    10 [0, 1, 4, 5, 6, 9]
  Petersen                                       5    10 none
  2 cycles C5 sharing one vertex                 7     9 [0, 1, 4, 5, 8]
  3 cycles C5 sharing one vertex                 7    13 [0, 1, 4, 5, 8, 9, 12]
  2 cycles C7 sharing one vertex                11    13 [0, 1, 3, 4, 6, 7, 9, 10, 12]
  3 cycles C7 sharing one vertex                11    19 [0, 1, 3, 4, 6, 7, 9, 10, 12, 13, 15, 16, 18]
  2 cycles C9 sharing one vertex                15    17 [0, 1, 3, 4, 5, 6, 8, 9, 11, 12, 13, 14, 16]
  3 cycles C9 sharing one vertex                15    25 [0, 1, 3, 4, 5, 6, 8, 9, 11, 12, 13, 14, 16, 17, 19, 20, 21, 22, 24]
  2 cycles C11 sharing one vertex               19    21 [0, 1, 3, 4, 5, 6, 7, 8, 10, 11, 13, 14, 15, 16, 17, 18, 20]
  3 cycles C11 sharing one vertex               19    31 [0, 1, 3, 4, 5, 6, 7, 8, 10, 11, 13, 14, 15, 16, 17, 18, 20, 21, 23, 24, 25, 26, 27, 28, 30]
  2 cycles C13 sharing one vertex               23    25 [0, 1, 3, 4, 5, 6, 7, 8, 9, 10, 12, 13, 15, 16, 17, 18, 19, 20, 21, 22, 24]
  3 cycles C13 sharing one vertex               23    37 [0, 1, 3, 4, 5, 6, 7, 8, 9, 10, 12, 13, 15, 16, 17, 18, 19, 20, 21, 22, 24, 25, 27, 28, 29, 30, 31, 32, 33, 34, 36]
      bounded random sweep: 7 legal bases tried, 1 carry a breaking vertex
  [PASS] *** A WITNESS EXISTS: (A2-PATH) as stated is FALSE  -- 179 witnesses

=== PART 3 -- ONE WITNESS, EVERY CLAUSE CHECKED SEPARATELY ===
      base G'      : two C5 sharing one vertex (bowtie of pentagons)
      G            : V = [0, 1, 2, 3, 4, 5, 6, 7, 8, 9]
      G edge list  : [(0, 1), (0, 4), (0, 5), (0, 8), (0, 9), (1, 2), (2, 3), (3, 4), (5, 6), (6, 7), (7, 8)]
      pendant      : vertex 9, hung at w = 0
  [PASS] G is connected
  [PASS] G is C4-free
  [PASS] the pendant is the ONLY a = 1 vertex of G  -- a=1 at [9]
  [PASS] peeling G returns exactly the base: G' = base  -- G' = [0, 1, 2, 3, 4, 5, 6, 7, 8]
  [PASS] G' is connected and C4-free (so F11's shape applies to it)
  [PASS] h = 1 (the pendant is at distance 1 from G')  -- h = 1
      path(G')     : 7
      path(G)      : 7
      endpath(G',w): 4   <-- w is NOT an endpoint of any longest induced path
  [PASS] path(G) >= path(G') -- the free half holds, as PART 1 says it must
  [PASS] *** (A2-PATH) FAILS ON THIS GRAPH: path(G) = 7  <  path(G') + h = 8
  [PASS] MECHANISM, and it is an EQUALITY: path(G) = max(path(G'), 1 + endpath(G',w))  -- 7 vs 7

  HARDEST-FORM NEGATIVE CONTROL: hang the SAME pendant at a vertex that IS an
  endpoint of a longest induced path of the SAME base.  If the gate fired on
  'a pendant was added' rather than on WHERE, it would break here too.
      hung at w' = 2 (endpath = 7 = path(G')): path(G) = 8, path(G')+h = 8
  [PASS] NEGATIVE CONTROL: at an endpoint vertex (A2-PATH) HOLDS, with equality -- so the failure is about WHERE the hair hangs, not about hairs  -- 8 vs 8

=== PART 4 -- THE WITNESS'S SCOPE, MEASURED RATHER THAN GLOSSED ===
      witnesses examined: 179
      largest rad(G) over witnesses : 7  (2 cycles C13 sharing one vertex, hair at 6, l = 2.08, n = 26)
      largest l(G)   over witnesses : 2.286  (three C5 sharing one vertex, rad = 2, n = 14)
  [PASS] *** A WITNESS EXISTS WITH rad(G) >= 5 -- so (A2-PATH) is false even under Problem A's radius hypothesis, not merely on toy graphs  -- 2 cycles C9 sharing one vertex, hair at 4, rad = 5, l = 2.11, n = 18
  [PASS] that rad >= 5 witness is connected, C4-free, has exactly one a = 1 vertex, and peels back to its base
  [PASS] and it really breaks (A2-PATH): path(G) < path(G') + h  -- path(G)=15 path(G')=15 h=1
  [PASS] THE ONE HYPOTHESIS IT STILL MISSES IS l > 4, and that is stated rather than glossed  -- l = 2.111

      rad(G) = 2   (Problem A assumes rad >= 5)
      path(G) = 7 vertices
      G is C4-free: True ; connected: True
      G HAS an a = 1 vertex (Problem A's whole case): True
  [PASS] the witness satisfies C4-freeness and connectedness -- the hypotheses (A2-PATH) was stated under
  [PASS] and it does NOT satisfy rad(G) >= 5, which is stated here rather than glossed  -- rad = 2

  SO, EXACTLY: (A2-PATH) is refuted AS STATED (it carries no hypotheses at all,
  and r30 recorded it with none), AND it is refuted under rad(G) >= 5 as well.
  The ONE Problem A hypothesis no witness here carries is l > 4.
  What that settles is the SHAPE of any possible proof:
      a proof of (A2-PATH) MUST consume l > 4, because everything else in
      Problem A's hypothesis list is already satisfied by a counterexample.
      And the failure is not marginal: path(G) does not grow AT ALL while h = 1.
      Note the mismatch this exposes -- l > 4 is a DENSITY hypothesis and the
      failure is POSITIONAL (the hair hangs where no longest induced path ends).

=== PART 5 -- THE ANCHORED REPLACEMENT, AND IT IS WEAKER THAN (A2-PATH) ===
  Route A2 does not need (A2-PATH).  It needs  path(G) >= rad(G) + 4,  and it
  already has  rad(G) <= rad(G') + h  (r30).  So it is ENOUGH to prove

      (A2-ANCHOR)   path(G)  >=  rad(G') + 4 + h.

  And for a hair of length h reaching G' at w, path(G) >= h + endpath(G', w).
  So (A2-ANCHOR) follows from an ANCHORED F11:

      (F11-AT-w)   endpath(G', w)  >=  rad(G') + 4     for the attachment w
                   of a DEEPEST hair.

  F11 gives that number for SOME endpoint of G'.  (F11-AT-w) asks for it at a
  PRESCRIBED endpoint.  That is the real content of A2, it is strictly weaker
  than (A2-PATH), and it is where rad >= 5 / l > 4 would have to enter.

      on the witness: rad(G') = 2, endpath(G',w) = 4, rad(G')+4 = 6
  [PASS] the witness ALSO fails (F11-AT-w) -- consistent, and it shows the two forms fail together rather than the anchored one being vacuous  -- 4 < 6
      NOTE the witness fails F11's own hypotheses too (rad(G') = 2 < 5), so this
      is a consistency observation, NOT evidence against (F11-AT-w).  Nothing
      here proves or refutes the anchored form; it is proposed, not claimed.
  [PASS] EVERY PART RAN -- no part was skipped by a SystemExit escaping from a helper  -- ran ['part0', 'part1', 'part2', 'part3', 'part4', 'part5']

=== SUMMARY ===
  checks run: 35, failures: 0 
  wall clock: 0.25 s (self-limit 300 s)
