==============================================================================
[1] RULING V / DEBT-5 — every held-out ANSWER grepped against the FULL brief
==============================================================================
  PASS  the token `M1` appears NOWHERE before PART 6   [0 occurrences before PART 6]
  PASS  the token `M2` appears NOWHERE before PART 6   [0 occurrences before PART 6]
  PASS  U1 (Is M1 C4-free?) — no YES/NO verdict about M1 is stated anywhere in the brief
  PASS  U2 (a(0) = 2) — the answer is not printed anywhere in the brief
  PASS  U3 (a(7) = 3) — the answer is not printed anywhere in the brief
  PASS  U4 (dist(1,4) = 3) — the answer is not printed anywhere in the brief
  PASS  U5 (Does {0,1,2,3,4,5} induce a 6-cycle?) — no YES/NO verdict about M1 is stated anywhere in the brief
  PASS  U6 (path(M1) = 7) — the answer is not printed anywhere in the brief
  PASS  U7 (sum_v a(v) over all 10 vertices = 23) — the answer is not printed anywhere in the brief
  PASS  U8 (diam(M2) = 4) — the answer is not printed anywhere in the brief
  PASS  U9 (path(M2) = 8) — the answer is not printed anywhere in the brief
  PASS  no line outside the table/edge-lists states an `=` fact about M1 or M2
  PASS  the fragment `0-1, 1-2, 2-3, 3-4, 4-5, 5-0...` appears exactly 1 time(s)   [1]
  PASS  the fragment `0-6, 2-7, 4-8, 1-9, 3-10, 5-...` appears exactly 1 time(s)   [1]

==============================================================================
[2] RULING W — the refused route is cited by NAME, not restated
==============================================================================
  PASS  the brief does NOT reprint G49's size formula (`10 + 2k`)
  PASS  the brief does NOT reprint G49's size formula (`10+2k`)
  PASS  the brief does NOT reprint G49's a-value sum (`25 + 3k`)
  PASS  the brief does NOT reprint G49's a-value sum (`25+3k`)
  PASS  the brief does NOT reprint G49's construction (`pendant triangle`)
  PASS  the brief does NOT reprint G49's family symbol (`F_k`)
  PASS  the brief does NOT reprint G49's path value (`path(F_k)`)
  PASS  the brief DOES cite G49 by name and registry location
  PASS  and states only G49's CONCLUSION, with the omission declared

==============================================================================
[3] the round-18 false facts must be CORRECTED, not merely dropped
==============================================================================
  PASS  the brief states diam(CE-2) = 3
  PASS  the brief states path(R) = 6 with an induced witness
  PASS  the false PART-5 hint is replaced AND named as an error
  PASS  the corrected classification F8 ships with its proof

==============================================================================
[4] gate-shape obligations from the pre-registration
==============================================================================
  PASS  the table has exactly 9 rows   [9]
  PASS  at least 2 hand-derivable and at least 2 non-hand-derivable rows, tiers disclosed   [H=5 C=4]
  PASS  CANNOT COMPUTE is offered on every row
  PASS  all three controls are mandatory and named
  PASS  no API key or secret appears in the brief

FAILURES: 0
DISPATCH CLEARED
