WOWII-133 round 42 (second script) -- MINIMISING THE E44 WITNESS
interpreter: 3.9.6

SWEEP.  Necklaces of PG(2,q) blocks, q in {2,3}, m in 5..9, four matching-density
schedules, seeds 1..12.  DESIGNED family, seeded-random matchings, NOT exhaustive.
A host counts only if it is certified in class BY MACHINE: connected, C4-free by a
brute pair scan, mu >= 2, l > 4, rad >= 5.

  necklaces built                      : 1200
  certified IN CLASS (C4-free, mu>=2, l>4, rad>=5): 806
  of those, CARRYING an E44 instance   : 72
  POPULATION RULE 90: the count that could have come out the other way is the 806
  in-class hosts; every one of them was tested at every vertex.

  SMALLEST TEN HOSTS CARRYING AN E44 INSTANCE:
      n blocks                  sch seed   rad   diam       l  |Ctr| w's
     96 322222                    1    3     5      8  4.0208      2 [33, 35]
     96 322222                    1    5     5      7  4.0208      1 [7, 25]
     96 322222                    1    1     5      8  4.0208      1 [36]
     96 322222                    1    4     5      8  4.0208      1 [87]
    108 322322                    1    7     5      8  4.1852      2 [28, 50]
    108 322322                    1    4     5      8  4.1852      1 [104]
    108 322322                    2    2     5      9  4.1852      1 [32]
    108 322322                    2    9     5      8  4.1852      1 [44]
    110 3222222                   0    1     5      7  4.2364      1 [82, 83, 84, 85, 87, 89]
    110 3222222                   0    5     5      7  4.2364      1 [13, 20, 21, 27, 28, 31]

==============================================================================
THE MINIMAL WITNESS OF THIS SWEEP -- graded as an OBJECT before it is quoted
==============================================================================
  n = 96   |E| = 193   mu = 3   l = 4.0208   rad = 5   diam = 8   |Ctr| = 2  Ctr = [70, 71]
  w = 33 : ecc(w) = 6 = rad+1 ; d(c,w) = [5] for every centre ; CASE B
  w = 35 : ecc(w) = 6 = rad+1 ; d(c,w) = [5] for every centre ; CASE B

  EDGE LIST (the object; everything above is a claim ABOUT it):
    (0,14) (0,17) (0,20) (0,23) (0,28) (1,13) (1,17) (1,18) (1,19) (1,26) (2,32) (2,16) (2,17) (2,22)
    (2,24) (3,37) (3,15) (3,17) (3,21) (3,87) (3,25) (4,13) (4,14) (4,15) (4,16) (4,27) (5,33) (5,14)
    (5,19) (5,22) (5,25) (6,36) (6,14) (6,18) (6,21) (6,24) (7,35) (7,13) (7,23) (7,24) (7,25) (8,16)
    (8,82) (8,19) (8,21) (8,23) (8,30) (9,34) (9,15) (9,18) (9,22) (9,23) (10,13) (10,20) (10,21) (10,22)
    (10,84) (10,29) (11,38) (11,15) (11,19) (11,20) (11,24) (12,16) (12,18) (12,20) (12,25) (12,31) (26,34) (26,36)
    (26,38) (26,51) (27,33) (27,36) (27,37) (28,35) (28,36) (28,39) (28,49) (29,33) (29,34) (29,35) (29,47) (30,34)
    (30,37) (30,39) (31,33) (31,38) (31,39) (32,35) (32,37) (32,38) (40,48) (40,50) (40,52) (40,60) (41,50) (41,51)
    (41,54) (41,47) (42,49) (42,50) (42,53) (42,62) (43,48) (43,49) (43,64) (43,47) (44,48) (44,65) (44,51) (44,53)
    (45,56) (45,52) (45,53) (45,47) (46,49) (46,66) (46,51) (46,52) (54,64) (54,66) (54,62) (55,64) (55,65) (55,61)
    (55,71) (56,64) (56,67) (56,70) (56,63) (57,61) (57,62) (57,63) (58,80) (58,65) (58,67) (58,62) (59,66) (59,67)
    (59,61) (60,65) (60,66) (60,63) (68,80) (68,90) (68,76) (68,78) (69,75) (69,92) (69,78) (69,79) (70,77) (70,78)
    (70,81) (70,82) (71,75) (71,76) (71,77) (71,87) (72,88) (72,81) (72,76) (72,79) (73,80) (73,81) (73,75) (73,84)
    (74,80) (74,77) (74,94) (74,79) (82,90) (82,92) (82,94) (83,89) (83,92) (83,93) (84,91) (84,92) (84,95) (85,89)
    (85,90) (85,91) (86,90) (86,93) (86,95) (87,89) (87,94) (87,95) (88,91) (88,93) (88,94)

  PYTHON LITERAL, for an independent checker:
  EDGES = [(0, 14), (0, 17), (0, 20), (0, 23), (0, 28), (1, 13), (1, 17), (1, 18), (1, 19), (1, 26), (2, 32), (2, 16), (2, 17), (2, 22), (2, 24), (3, 37), (3, 15), (3, 17), (3, 21), (3, 87), (3, 25), (4, 13), (4, 14), (4, 15), (4, 16), (4, 27), (5, 33), (5, 14), (5, 19), (5, 22), (5, 25), (6, 36), (6, 14), (6, 18), (6, 21), (6, 24), (7, 35), (7, 13), (7, 23), (7, 24), (7, 25), (8, 16), (8, 82), (8, 19), (8, 21), (8, 23), (8, 30), (9, 34), (9, 15), (9, 18), (9, 22), (9, 23), (10, 13), (10, 20), (10, 21), (10, 22), (10, 84), (10, 29), (11, 38), (11, 15), (11, 19), (11, 20), (11, 24), (12, 16), (12, 18), (12, 20), (12, 25), (12, 31), (26, 34), (26, 36), (26, 38), (26, 51), (27, 33), (27, 36), (27, 37), (28, 35), (28, 36), (28, 39), (28, 49), (29, 33), (29, 34), (29, 35), (29, 47), (30, 34), (30, 37), (30, 39), (31, 33), (31, 38), (31, 39), (32, 35), (32, 37), (32, 38), (40, 48), (40, 50), (40, 52), (40, 60), (41, 50), (41, 51), (41, 54), (41, 47), (42, 49), (42, 50), (42, 53), (42, 62), (43, 48), (43, 49), (43, 64), (43, 47), (44, 48), (44, 65), (44, 51), (44, 53), (45, 56), (45, 52), (45, 53), (45, 47), (46, 49), (46, 66), (46, 51), (46, 52), (54, 64), (54, 66), (54, 62), (55, 64), (55, 65), (55, 61), (55, 71), (56, 64), (56, 67), (56, 70), (56, 63), (57, 61), (57, 62), (57, 63), (58, 80), (58, 65), (58, 67), (58, 62), (59, 66), (59, 67), (59, 61), (60, 65), (60, 66), (60, 63), (68, 80), (68, 90), (68, 76), (68, 78), (69, 75), (69, 92), (69, 78), (69, 79), (70, 77), (70, 78), (70, 81), (70, 82), (71, 75), (71, 76), (71, 77), (71, 87), (72, 88), (72, 81), (72, 76), (72, 79), (73, 80), (73, 81), (73, 75), (73, 84), (74, 80), (74, 77), (74, 94), (74, 79), (82, 90), (82, 92), (82, 94), (83, 89), (83, 92), (83, 93), (84, 91), (84, 92), (84, 95), (85, 89), (85, 90), (85, 91), (86, 90), (86, 93), (86, 95), (87, 89), (87, 94), (87, 95), (88, 91), (88, 93), (88, 94)]

==============================================================================
THE LARGEST-l WITNESS OF THIS SWEEP (same grading)
==============================================================================
  n = 234   |E| = 553   mu = 4   l = 4.7265   rad = 7   diam = 10   |Ctr| = 1
  w = 54 : ecc(w) = 8 = rad+1 ; d(c,w) = [7] for every centre ; CASE B
  PYTHON LITERAL: EDGES2 = [(0, 14), (0, 208), (0, 17), (0, 20), (0, 23), (0, 27), (1, 35), (1, 13), (1, 17), (1, 18), (1, 19), (2, 44), (2, 16), (2, 17), (2, 22), (2, 24), (3, 15), (3, 17), (3, 50), (3, 21), (3, 25), (4, 13), (4, 14), (4, 15), (4, 16), (4, 49), (5, 14), (5, 19), (5, 212), (5, 22), (5, 25), (5, 28), (6, 36), (6, 14), (6, 18), (6, 211), (6, 21), (6, 24), (7, 13), (7, 46), (7, 210), (7, 23), (7, 24), (7, 25), (8, 38), (8, 16), (8, 209), (8, 19), (8, 21), (8, 23), (9, 40), (9, 15), (9, 18), (9, 22), (9, 23), (9, 220), (10, 42), (10, 13), (10, 20), (10, 21), (10, 22), (10, 217), (11, 15), (11, 51), (11, 19), (11, 20), (11, 24), (11, 219), (12, 34), (12, 16), (12, 18), (12, 20), (12, 25), (14, 215), (16, 216), (18, 218), (20, 213), (22, 214), (26, 40), (26, 49), (26, 43), (26, 46), (27, 39), (27, 43), (27, 44), (27, 45), (28, 42), (28, 43), (28, 48), (28, 50), (28, 54), (29, 51), (29, 43), (29, 41), (29, 47), (30, 39), (30, 40), (30, 41), (30, 42), (30, 76), (31, 40), (31, 48), (31, 51), (31, 45), (32, 40), (32, 50), (32, 44), (32, 47), (33, 39), (33, 49), (33, 50), (33, 51), (33, 57), (34, 42), (34, 45), (34, 47), (34, 49), (35, 41), (35, 44), (35, 48), (35, 49), (36, 39), (36, 46), (36, 47), (36, 48), (37, 41), (37, 45), (37, 46), (37, 50), (37, 52), (38, 42), (38, 44), (38, 46), (38, 51), (38, 59), (52, 66), (52, 98), (52, 69), (52, 72), (52, 75), (53, 65), (53, 69), (53, 70), (53, 71), (53, 82), (54, 68), (54, 69), (54, 74), (54, 76), (54, 89), (55, 67), (55, 100), (55, 69), (55, 73), (55, 77), (56, 65), (56, 66), (56, 67), (56, 68), (56, 94), (57, 66), (57, 71), (57, 74), (57, 77), (57, 80), (58, 66), (58, 70), (58, 73), (58, 76), (58, 87), (59, 65), (59, 75), (59, 76), (59, 77), (59, 86), (60, 68), (60, 71), (60, 73), (60, 75), (60, 84), (61, 67), (61, 70), (61, 74), (61, 75), (61, 88), (62, 65), (62, 72), (62, 73), (62, 74), (62, 95), (63, 67), (63, 71), (63, 72), (63, 76), (63, 92), (64, 68), (64, 70), (64, 72), (64, 77), (64, 78), (78, 98), (78, 101), (78, 106), (78, 92), (78, 95), (79, 96), (79, 97), (79, 91), (79, 125), (79, 95), (80, 100), (80, 102), (80, 109), (80, 94), (80, 95), (81, 99), (81, 103), (81, 93), (81, 95), (82, 107), (82, 91), (82, 92), (82, 93), (82, 94), (83, 100), (83, 97), (83, 92), (83, 103), (84, 96), (84, 99), (84, 102), (84, 92), (85, 91), (85, 101), (85, 102), (85, 103), (86, 97), (86, 99), (86, 101), (86, 94), (87, 96), (87, 100), (87, 101), (87, 122), (87, 93), (88, 98), (88, 99), (88, 100), (88, 91), (89, 97), (89, 98), (89, 102), (89, 93), (90, 96), (90, 98), (90, 94), (90, 103), (104, 144), (104, 118), (104, 121), (104, 124), (104, 127), (105, 133), (105, 117), (105, 121), (105, 122), (105, 123), (106, 128), (106, 130), (106, 120), (106, 121), (106, 126), (107, 129), (107, 132), (107, 119), (107, 121), (107, 125), (108, 142), (108, 117), (108, 118), (108, 119), (108, 120), (109, 129), (109, 134), (109, 118), (109, 123), (109, 126), (110, 128), (110, 137), (110, 118), (110, 122), (110, 125), (111, 128), (111, 129), (111, 117), (111, 154), (111, 127), (112, 143), (112, 120), (112, 123), (112, 125), (112, 127), (113, 140), (113, 119), (113, 122), (113, 126), (113, 127), (114, 136), (114, 117), (114, 124), (114, 125), (114, 126), (115, 128), (115, 155), (115, 119), (115, 123), (115, 124), (116, 129), (116, 150), (116, 120), (116, 122), (116, 124), (130, 169), (130, 144), (130, 147), (130, 150), (130, 153), (131, 147), (131, 148), (131, 149), (131, 143), (132, 146), (132, 147), (132, 152), (132, 154), (133, 164), (133, 145), (133, 147), (133, 151), (133, 155), (134, 143), (134, 144), (134, 145), (134, 146), (135, 144), (135, 152), (135, 155), (135, 149), (136, 170), (136, 144), (136, 148), (136, 151), (136, 154), (137, 143), (137, 153), (137, 154), (137, 155), (138, 153), (138, 146), (138, 149), (138, 151), (139, 152), (139, 153), (139, 145), (139, 148), (140, 143), (140, 150), (140, 151), (140, 152), (141, 145), (141, 149), (141, 150), (141, 154), (141, 159), (142, 163), (142, 146), (142, 148), (142, 150), (142, 155), (156, 202), (156, 170), (156, 173), (156, 176), (156, 179), (157, 169), (157, 173), (157, 174), (157, 175), (157, 188), (158, 193), (158, 172), (158, 173), (158, 178), (158, 180), (159, 171), (159, 173), (159, 177), (159, 181), (159, 182), (160, 169), (160, 170), (160, 171), (160, 172), (160, 190), (161, 196), (161, 170), (161, 175), (161, 178), (161, 181), (162, 170), (162, 206), (162, 174), (162, 177), (162, 180), (163, 198), (163, 169), (163, 179), (163, 180), (163, 181), (164, 201), (164, 172), (164, 175), (164, 177), (164, 179), (165, 194), (165, 171), (165, 174), (165, 178), (165, 179), (166, 169), (166, 204), (166, 176), (166, 177), (166, 178), (167, 171), (167, 175), (167, 176), (167, 180), (167, 186), (168, 172), (168, 174), (168, 176), (168, 181), (168, 187), (182, 196), (182, 199), (182, 202), (182, 205), (182, 218), (183, 200), (183, 201), (183, 195), (183, 199), (184, 198), (184, 199), (184, 204), (184, 206), (184, 222), (185, 207), (185, 203), (185, 197), (185, 199), (186, 195), (186, 196), (186, 197), (186, 198), (186, 215), (187, 196), (187, 201), (187, 204), (187, 207), (188, 196), (188, 200), (188, 203), (188, 206), (188, 213), (189, 195), (189, 205), (189, 206), (189, 207), (190, 198), (190, 201), (190, 203), (190, 205), (191, 197), (191, 229), (191, 200), (191, 204), (191, 205), (192, 202), (192, 203), (192, 204), (192, 195), (193, 197), (193, 201), (193, 202), (193, 206), (194, 198), (194, 200), (194, 202), (194, 207), (208, 225), (208, 228), (208, 231), (208, 222), (209, 225), (209, 226), (209, 227), (209, 221), (210, 224), (210, 225), (210, 230), (210, 232), (211, 225), (211, 229), (211, 233), (211, 223), (212, 224), (212, 221), (212, 222), (212, 223), (213, 227), (213, 230), (213, 233), (213, 222), (214, 226), (214, 229), (214, 232), (214, 222), (215, 231), (215, 232), (215, 233), (215, 221), (216, 224), (216, 227), (216, 229), (216, 231), (217, 226), (217, 230), (217, 231), (217, 223), (218, 228), (218, 229), (218, 230), (218, 221), (219, 227), (219, 228), (219, 232), (219, 223), (220, 224), (220, 226), (220, 228), (220, 233)]

CHECKS: 13   FAILURES: 0   elapsed 5.3s
