=== A. Q28 model witness graph (d=3 explicit edge list) ===
PASS A1 witness simple+connected | n=12
PASS A2 witness C4-free
PASS A3 witness geodesic dist(u0,u3)=3
PASS A4 witness a-values a(u0)=4,a(x)=4,a(u3)=3
PASS A5 witness F4 (all a>=2) | min a = 2
PASS A6 witness x usable (outside u1's comp)
PASS A7 witness path(G) = 7 exactly | path=7
=== B. PG(2,3): F6/F8 numbers + d=3 frame (Q28 amendment-3 instance) ===
PASS B1 PG(2,3) n=26 connected
PASS B2 PG(2,3) C4-free
PASS B3 PG(2,3) 4-regular, all a=4
PASS B4 PG(2,3) rad=diam=3
PASS B5 PG(2,3) l = 4.0 exactly (NOT >4)
PASS B6 PG(2,3) path >= 9
PASS B7 PG(2,3) d=3 frame with a(u0)>=3,a(u3)>=2,usable x a(x)>=4
PASS B8 PG(2,3) frame is Case-1-available (x /~ some usable y)
=== C. PG(3,2): F7 numbers + EXPLICIT d=4 frame + Q29 probes ===
PASS C1 PG(3,2) n=50 connected
PASS C2 PG(3,2) C4-free
PASS C3 PG(3,2) a(point)=7, a(line)=3, sum=210, l=4.2>4
PASS C4 PG(3,2) rad=3 diam=4
PASS C5 PG(3,2) explicit d=4 frame exists (a(l0)=3>=3, a(l4)=3>=2, usable point a=7>=4) | ('L(5, 10, 15)', 'P5', 'L(2, 9, 11)', 'P10')
PASS C6 PG(3,2) path >= 8 (= d+4 at d=4)
PASS C7 F7 NOT peripherally 3-capped (harvest probe) | ('L(5, 10, 15)', 'P5', 'P3', 'P10')
PASS C8 F7 line has d_S = 3 (Lemma-1 non-execution demo, harvest claim)
PASS C9 F8=PG(2,3) NOT capped (needed by sharpened thm: capped => l<4; here l=4.0)
=== D/E. Sweep: Q28 frames + Q29 lemma chain on capped graphs ===
!!! Q28 d=3 CASE-2 bare-target counterexample (has a=1) [(0, {9, 5}), (1, {5}), (2, {8, 3, 5, 6}), (3, {2}), (4, {9, 6}), (5, {0, 1, 2, 7, 8}), (6, {2, 4}), (7, {5}), (8, {2, 5}), (9, {0, 4})]
!!! Q28 d=3 CASE-2 bare-target counterexample (has a=1) [(0, {2, 5}), (1, {2, 3, 4, 6, 7}), (2, {0, 1, 8}), (3, {1, 5}), (4, {1, 7}), (5, {0, 9, 3}), (6, {1, 9}), (7, {1, 4}), (8, {2}), (9, {5, 6})]
!!! Q28 d=3 CASE-2 bare-target counterexample (has a=1) [(0, {9, 10, 3}), (1, {8, 10}), (2, {3, 4, 5}), (3, {0, 2}), (4, {2, 7}), (5, {10, 2, 6}), (6, {10, 5}), (7, {10, 4}), (8, {1, 10}), (9, {0}), (10, {0, 1, 5, 6, 7, 8})]
!!! Q28 d=3 CASE-2 bare-target counterexample (has a=1) [('t0', {'t1', 'w2'}), ('t1', {'w2', 't0'}), ('u0', {'u1', 'x', 'z1', 'z2'}), ('u1', {'u0', 'u2'}), ('u2', {'u1', 'u3', 'w2'}), ('u3', {'y', 'u2'}), ('w1', {'w2', 'x'}), ('w2', {'u2', 'x', 't0', 'w1', 't1'}), ('w3', {'x'}), ('x', {'u0', 'w3', 'y', 'w1', 'z1', 'w2'}), ('y', {'u3', 'x'}), ('z1', {'x', 'u0'}), ('z2', {'u0'})]
PASS D1 Q28 sweep: no d=4 or d=3-Case-1 violation (see any FAIL above)
PASS D2 Q28 sweep coverage: d3 frames >= 100 | {'d3_frames': 2885, 'd3_case1': 1773, 'd3_case2forced': 1112, 'd3_case2forced_F4': 63, 'd3_case2_CE_F4': 0, 'd3_case2_CE_bare': 4, 'd4_frames': 44}
PASS D3 Q28 sweep coverage: d4 frames >= 20 | d4_frames=44
PASS D4 Q28 sweep coverage: Case-2-forced frames >= 10 (open case exercised) | case2forced=1112 (F4-satisfying: 63)
PASS D5a Q28 open case (F4 form): no F4-satisfying Case-2 counterexample | F4-CE=0 over 63 F4-satisfying Case-2 frames
PASS D5b FINDING: bare d=3 target (no F4) REFUTED by sweep counterexamples | bare-CE=4 (F4/a>=2 is NECESSARY at d=3)
PASS E1 Q29 lemma chain: all capped graphs pass L1-L6+bounds+l<4 | {'capped': 449, 'S_nonempty': 60, 'K1': 44, 'K2': 12, 'K3': 4, 'T2': 5}
PASS E2 Q29 coverage: capped graphs with S nonempty >= 15 | {'capped': 449, 'S_nonempty': 60, 'K1': 44, 'K2': 12, 'K3': 4, 'T2': 5}
PASS E3 Q29 coverage: K2 and K3 components + T2 straddler all seen | {'capped': 449, 'S_nonempty': 60, 'K1': 44, 'K2': 12, 'K3': 4, 'T2': 5}
case2 seeds accepted: 900
=== G. Certified counterexample: bare d=3 target (no F4) is FALSE ===
PASS G1 CE simple+connected n=10
PASS G2 CE C4-free
PASS G3 CE frame: dist(2,9)=3, a(2)=3>=3, a(9)=2>=2
PASS G4 CE geodesic 2-6-4-9 with x=5 usable, a(5)=4>=4
PASS G5 CE Case-2-forced: usable far set == {0} and 0 ~ x=5
PASS G6 CE path(G) = 6 < 7 => bare d=3 target REFUTED | path=6
PASS G7 CE has a=1 vertices (1,3,7 leaves; 8 triangle-leaf) => no clash with F4 form
PASS G8 peeled graph (= C6) has no a>=4 vertex: frame dies under peeling, F4 form intact | [0, 2, 4, 5, 6, 9]
PASS F1 Q29 final inequality has no non-negative solution (k<=5 exhaustive + algebra) | []
TOTAL FAILURES: 0
