==============================================================================
PART 0 -- POSITIVE CONTROLS (RULING CQ: a detector whose output is a NEGATIVE is
          silent when broken, so it is controlled on inputs where the answer is YES)
==============================================================================
  [OK] Petersen is C4-free (has_C4 says NO)                       got=False want=False
  [OK] Petersen longest induced path = 5 vertices                 got=5 want=5
  [OK] Petersen a(v) == 3 for every v                             got=[3] want=[3]
  [OK] C4 detector fires on an actual C4 (YES)                    got=True want=True
  [OK] C4 detector fires on K_{2,3} (two common nbrs, YES)        got=True want=True
  [OK] bare P7 -> longest induced path = 7 (positive control)     got=7 want=7
  [OK] bare P9 -> longest induced path = 9 (positive control)     got=9 want=9
  [OK] bare induced C6 -> longest induced path = 5                got=5 want=5
  [OK] K_{1,4} -> longest induced path = 3                        got=3 want=3
  [OK] K_{1,4}: a(centre) = 4 - 0 = 4                             got=4 want=4
  [OK] triangle: a(v) = 2 - 1 = 1 (t counts the N(v) edge)        got=1 want=1
  [OK] induced_cycle6 accepts the bare hexagon                    got=True want=True
  [OK] induced_cycle6 rejects a chorded hexagon                   got=False want=False
  [OK] Sample refuses statistics on a rejected sample             got=RuntimeError want=RuntimeError

==============================================================================
PART 1 -- HELD-OUT TEST HOSTS (built this round, never shipped to any engine)
          ROLE: test graphs only.  They are NOT class instances in any argument and
          the brief asks the judge to reason about them NOWHERE.
==============================================================================
  K4 (DECOY, out of class by construction): n=11 m=15 added-edge=(0, 3) admitted=False path=6
  K1: n=11  m=14  admitted=True  path=6  
  K2: n=12  m=16  admitted=True  path=6  
  K3: n=10  m=13  admitted=True  path=6  

==============================================================================
PART 2 -- THE KEY (rows V1..V9).  TIERS ARE PRE-REGISTERED AND ARE DISCLOSED IN THE
          BRIEF.  Tier H = bounded local inspection of the printed edge list.
          Tier C = not reliably hand-derivable; CANNOT COMPUTE is an accepted answer.
==============================================================================
  V1 [Tier H]  K1: number of edges                                        = 14
  V2 [Tier H]  K1: degree of vertex 7                                     = 3
  V3 [Tier H]  which of K1,K2,K3,K4 contains a 4-cycle, and its 4 vertices = ('K4', (0, 1, 2, 3))
  V4 [Tier H]  K1: trace census |W_1|,|W_cons|,|W_anti|,|W_0|             = (5, 0, 0, 0)
  V5 [Tier H]  K1: a(7) = d - t at that vertex                            = 2
  V6 [Tier C]  K4: longest induced path, in VERTICES                      = 6
  V7 [Tier C]  K1: T_Z = sum_{z in Z} t(z), and sum_{z in Z}(a(z)-3)      = (2, -3)
  V8 [Tier C]  K2: sum_{v in V}(a(v)-3), and n_3                          = (-7, 0)
  V9 [Tier C]  K3: T_Z, and sum_{v in V}(a(v)-3)                          = (3, -10)

==============================================================================
PART 3 -- G55-SUMMED, THE IDENTITY (Z1) IS ARITHMETIC ON, re-verified on these hosts
          sum_{z in Z}(a(z)-3) == |W_1| + 2|W_cons| + 2|W_anti| - T_Z - 6
==============================================================================
  [OK] K1: G55-summed identity holds (lhs=-3)                     got=-3 want=-3
  [OK] K1: (Z1) sum_v(a-3) <= n_3 + 2m - 6                        sum=-11  bound(n3+2m-6)=-6
  [OK] K1: (Z6) n_3 + 2m <= 6                                     n_3+2m=0
  [OK] K2: G55-summed identity holds (lhs=-1)                     got=-1 want=-1
  [OK] K2: (Z1) sum_v(a-3) <= n_3 + 2m - 6                        sum=-7  bound(n3+2m-6)=-4
  [OK] K2: (Z6) n_3 + 2m <= 6                                     n_3+2m=2
  [OK] K3: G55-summed identity holds (lhs=-4)                     got=-4 want=-4
  [OK] K3: (Z1) sum_v(a-3) <= n_3 + 2m - 6                        sum=-10  bound(n3+2m-6)=-6
  [OK] K3: (Z6) n_3 + 2m <= 6                                     n_3+2m=0

KEY WRITTEN: problems/wowii/w133_r26_key.key.txt   rows=9

CHECKS RUN: all controls above.  FAILURES: 0
KEY_STATUS=PASS
