========================================================================
SECTION A -- the two certified counterexamples
  CE-1             n=10 a=[2, 1, 3, 1, 2, 4, 2, 1, 1, 2]  sum a=19  l=1.900  mu=1  path=6  case2-frames=1
      frame u=2,6,4,9 x=5 ys=(0,)  a(u0)=3 a(u3)=2 a(x)=4 a(y)=2
  CE-2 (=H, G45)   n=10 a=[3, 2, 3, 4, 3, 2, 2, 2, 2, 2]  sum a=25  l=2.500  mu=2  path=6  case2-frames=2
      frame u=2,1,0,8 x=3 ys=(9,)  a(u0)=3 a(u3)=2 a(x)=4 a(y)=2
      frame u=2,6,4,8 x=3 ys=(9,)  a(u0)=3 a(u3)=2 a(x)=4 a(y)=2
========================================================================
SECTION B -- Lemma G46: Case-2-forced 3-frame  ==>  u0,u1,u2,u3,y,x induce a C6
  Case-2-forced frames tested: 9212  (in 885 of 1262 graphs)
  of which frames also meeting a(u0)>=3,a(u3)>=2,a(x)>=4 : 410
========================================================================
SECTION C -- kill table: candidate hypotheses vs the two counterexamples
  hypothesis                                    CE-1 holds?  CE-2 holds?   kills both?
  l(G) > 3            (IMPLIED by the live class) False        False        True
  mu(G) >= 2          (peeling; F4)             False        True         False
  mu(G) >= 3                                    False        False        True
  a(x) >= 5           (surcharge B1)            False        False        True
  a(u0) >= 4          (surcharge B2)            False        False        True
  a(u3) >= 3          (surcharge B3)            False        False        True
  a(y)  >= 3          (surcharge B4)            False        False        True
  triangle-free                                 False        False        True
  delta(G) >= 3                                 False        False        True
========================================================================
SECTION D -- decisive experiment: C4-free + induced C6 + no induced P7, maximise l
  (randomised local search on Sigma a - 3n; NO SAT, NO exhaustive enumeration)
  n= 8  best Sigma a - 3n so far = -6   (l = 2.250 at n=8)
  n=10  best Sigma a - 3n so far = -4   (l = 2.600 at n=10)
  n=12  best Sigma a - 3n so far = -4   (l = 2.600 at n=10)
  n=14  best Sigma a - 3n so far = -4   (l = 2.600 at n=10)
  n=16  best Sigma a - 3n so far = -4   (l = 2.600 at n=10)
  RESULT: over the whole search, max (Sigma a - 3n) = -4, i.e. max l = 2.6000
========================================================================
SECTION E -- same search, restricted to graphs carrying a Case-2-forced 3-frame
  n=10  best Sigma a - 3n so far = -4   (l = 2.600 at n=10)
  n=11  best Sigma a - 3n so far = -4   (l = 2.600 at n=10)
  n=12  best Sigma a - 3n so far = -4   (l = 2.600 at n=10)
  n=13  best Sigma a - 3n so far = -4   (l = 2.600 at n=10)
  n=14  best Sigma a - 3n so far = -4   (l = 2.600 at n=10)
  RESULT: max (Sigma a - 3n) over Case-2-forced bad graphs = -4, max l = 2.6000
  best witness edges: [(0, 1), (0, 4), (0, 5), (0, 8), (1, 2), (2, 3), (2, 6), (3, 5), (3, 7), (3, 9), (4, 6), (4, 7), (8, 9)]
========================================================================
FAILURES: 0
