base   : $HOME/workspace/claudecode/automath/prompts/w61_S3_GFAN_r26.md  112550 chars  md5 c6937b1c657df2ff6de1c64ffa7ca5dd
  patched [AF1-N4-WITHDRAWN]
  patched [AF2-MB-PROOF-SUPPLIED]
  patched [AF3-SL-PROVENANCE]
  patched [AF6-DEG-V-VERBATIM]
  patched [AF4-AF5-BRACKET-CLAUSES]
  patched [AF4-BRACKET-HEAD]
  patched [AF7-RIG1-OVERCITE]
  patched [AF7-JRIG1-ROW]
  patched [AF7-RIG1-NOTE]
  patched [AF8-INDEP-MAIN]
  patched [AF8-INDEP-C7]
  patched [AF8-INDEP-DIFFHDR]
  patched [AF8-INDEP-RUBRIC]
  patched [J-NEWTEXT-N4-WITHDRAWN]
  patched [J-NEWTEXT-HEAD]
  patched [J-NEWTEXT-ROW]

patches : 16

======================================================================
GUARD A  (BK1: status-predicate CLASS x import context)
======================================================================
population: 2 line(s) matched the class; ALLOW-listed anti-leak: 2
  [ALLOW] L400: what an import is. You are not told which imports have been reviewed elsewhere. A mismatched import IS in scope and IS a MATHEMATICS defect. Give a ve
  [ALLOW] L401: | **J-SCOPE** *(TARGET)* | For **Corollary GFANnu-HC**: what hypotheses does its own proof consume, versus what it is filed under? Report both under- 

  LIVENESS: same class on the r26 BASE -> 0 leak(s):
  FALSE-POSITIVE PROBE (RULING CI): a line that is admissible by construction --
    probe: 'Theorem MB is imported here and its hypotheses are printed in Appendix A.1.'
    guard_a fires on it = False  (must be False)

======================================================================
GUARD B  (coverage: a NAME is not a STATEMENT)
======================================================================
  [OK ] Lemma FAN-1              > **Lemma FAN-1 (high phase first).** Under the reductio, the first `p` heads of a
  [OK ] Lemma DICH               > **Lemma DICH (head dichotomy).** For the head deleted at step i, of original
  [OK ] Proposition L2           > **Proposition L2 (the `L = 2` case is rigid).** Suppose the hard core has an
  [OK ] Corollary L1-short       > **Corollary L1-short.** The hard
  [OK ] Corollary MB1            > **Corollary MB1 (a floor on L).** In the hard core, if every low vertex is
  [OK ] Lemma TAIL               > **Lemma TAIL.** Let `E = 0`, so the multiset at the start of step `p+1` is
  [OK ] Lemma 4                  **Lemma 4.** In the hard-core frame, any two adjacent vertices of `B` have a common
  [OK ] Observation R1           **Observation R1.** In the frame, `diam(G) = 4` implies `B` is not a clique, hence
  [OK ] Lemma C*                 **Lemma C\*, (F-b).** The frame facts about occurring types: `T_1` and `T_2` are
  [OK ] (F-b)                    **Lemma C\*, (F-b).** The frame facts about occurring types: `T_1` and `T_2` are
  [OK ] Lemma S                  > **Lemma S (survivor degree bound).** Under the reductio `residue(G) = alpha(G)`
  [OK ] Lemma Z+                 > **Lemma Z+ (block occupancy).** At the start of step `j`, every later head whose
  [OK ] Lemma F3'                > **Lemma F3' (survivor decay, general `s` — no reductio).** Let `s` be the number of
  [OK ] Theorem K                > **Theorem K.** Assume `residue(G) = alpha(G)` (so `s = tau`) **and that every**
  [OK ] Theorem MB               > **Theorem MB (master budget).** **In the hard core**, for `L >= 1`:
  [OK ] Theorem SL               **Theorem SL's own proof is NOT in this brief and we are not claiming it is** — if the
  [OK ] Theorem FAN              > **Theorem FAN.** For every `tau` and every `L >= 2` there is **no** graph carrying the
  [OK ] Favaron-Maheo-Sacle      > **Favaron-Maheo-Sacle.** `residue(G) <= alpha(G)`, for every graph `G`.

  LIVENESS: same test on the r24 ancestor is recorded in w61_r26_build_q39.out;
  here the live liveness is the POINTER rejection, which is what failed first:
    pointer line accepted as a statement? False  (must be False)
  FALSE-POSITIVE PROBE: a genuine statement block must be ACCEPTED --
    genuine block accepted? True  (must be True)

======================================================================
GUARD C  (AZ bracket: committed import count vs cited)
======================================================================
  bracket commits to : 4
  proof body cites   : 4  ['Observation R1', 'Theorem GFANν', 'Theorem K', 'Theorem RIG']
  r26 base: commits 4 vs cites 4 -- EQUAL, and that is the point:
  GUARD C was SATISFIED by the brief a judge then found two missing CLAUSES in.
  THE COUNT IS NOT THE CLAIM.  GUARD C cannot see D2/D3; it never could.  Stated
  here rather than left for a judge, and it is why the clause audit is by hand.

======================================================================
GUARD D  (BK7: a required control must be satisfiable by "none")
======================================================================
  population: 0 bounty-shaped control(s)
  LIVENESS: the Q25 shape -> matches = True  (must be True)
  FALSE-POSITIVE PROBE: 'If you find a defect, report it; if you find none, say so and that is a complete answer.'
    guard_d fires on it = False  (must be False)

======================================================================
GUARD F  (NEW: unsupplied weakening assertion -- the D1 species)
======================================================================
  population: 7 line(s) matched the weakening class; ASSERTIONS kept: 0
  [exempt] L401: | **J-SCOPE** *(TARGET)* | For **Corollary GFANnu-HC**: what hypotheses does its own proof consume, versus what it is filed under?  subjects=[] objects=[]
  [exempt] L592: requires, and does the caller use only the conclusion the statement proves? You are not  subjects=[] objects=[]
  [exempt] L723: **Lemma FAN-1 applies word for word** (its proof uses only "the `B_hi` vertices are  subjects=['Lemma FAN-1'] objects=[]
  [exempt] L830: which is the canonical hard core minus its `τ ≥ 4` rider, a rider the chain behind this  subjects=[] objects=[]
  [exempt] L831: bound does not consume"*. A judge scored that sentence and returned: **"it is an  subjects=[] objects=[]
  [exempt] L871: need only: `A` a maximum independent set, plus **Lemma 4**; (d)  subjects=[] objects=['Lemma 4']
  [exempt] L1171: > *(G-d was absent from the previous version too, and reported alongside R-c.)* **`τ ≥ 4` is available but is NOT consumed by this  subjects=[] objects=[]

  LIVENESS on the r26 BASE (the brief that shipped the gloss): 2 assertion(s)
    L416: > Theorem MB → Theorem SL use only `τ ≥ 2`, and `τ ≥ 2` follows from the frame's `diam = 4`   proof NOT printed for ['Theorem MB', 'Theorem SL']
    L768: > (Corollary MB1 → Theorem MB → Theorem SL use only `τ ≥ 2`, and `τ ≥ 2` follows from the   proof NOT printed for ['Theorem MB', 'Theorem SL']
  FALSE-POSITIVE PROBES (RULING CI), two of them, both on text admissible by construction --
    (1) subject's proof IS printed          -> fires = False  (must be False)
    (2) covered name is an OBJECT, not the subject -> fires = False  (must be False)

======================================================================
PRODUCT ASSERTS
======================================================================
  [OK ] GUARD A: no status-predicate leak on an import line: 0 (want 0)
  [OK ] GUARD A liveness: the class fires on the r26 base: 1 (want 1)
  [OK ] GUARD A false-positive probe stays silent: 1 (want 1)
  [OK ] GUARD B: every covered name has a statement block: 0 (want 0)
  [OK ] GUARD B rejects a pointer: 1 (want 1)
  [OK ] GUARD B false-positive probe: accepts a genuine block: 1 (want 1)
  [OK ] GUARD C: bracket count == cited imports: 1 (want 1)
  [OK ] GUARD D: zero bounty-shaped controls: 0 (want 0)
  [OK ] GUARD D liveness: the Q25 shape is caught: 1 (want 1)
  [OK ] GUARD D false-positive probe stays silent: 1 (want 1)
  [OK ] GUARD F: no unsupplied weakening assertion survives: 0 (want 0)
  [OK ] GUARD F liveness: it fires on the r26 base's gloss: 1 (want 1)
  [OK ] GUARD F false-positive probe 1 (subject's proof printed) stays silent: 1 (want 1)
  [OK ] GUARD F false-positive probe 2 (name is an object) stays silent: 1 (want 1)
  [OK ] AF1: the withdrawn gloss's words are GONE: 0 (want 0)
  [OK ] AF1: the withdrawal notice is at the site: 1 (want 1)
  [OK ] AF2: Theorem MB's proof is printed: 1 (want 1)
  [OK ] AF3: SL's own second form is present: 1 (want 1)
  [OK ] AF3: the mis-attributed form is out of SL's block: 0 (want 0)
  [OK ] AF6: deg v transcribed as the source writes it: 1 (want 1)
  [OK ] AF4: bracket carries R-c (site + J-NEWTEXT quote): 2 (want 2)
  [OK ] AF5: bracket carries G-d (site + J-NEWTEXT quote): 2 (want 2)
  [OK ] AF7: L2(a) no longer cited by RIG-1: 0 (want 0)
  [OK ] AF8: no surviving 'independently written' CLAIM: 0 (want 0)
  [OK ] no r26 stamp survives: 0 (want 0)
  [OK ] r28 stamp present: 4 (want 4)
  [OK ] no 'certified toolkit' anywhere: 0 (want 0)

wrote $HOME/workspace/claudecode/automath/prompts/w61_S3_GFAN_r28.md  120042 chars  md5 712ba43899d874f7fd9f2fe015f6ff71
delta vs r26: +7492 chars
