========================================================================
w61_r22_h34_second_impl.py  --  SECOND INDEPENDENT IMPLEMENTATION
written from specification only; stdlib only; python 3.9.6
========================================================================

---- CHECK A : self-calibration of Definition 1 / Definition 2 ----
  s0([1]*12      ) computed=7      expected=7    PASS
  s0([2]*6       ) computed=6      expected=6    PASS
  s0([3]*4       ) computed=6      expected=6    PASS
  s0([4]*3       ) computed=6      expected=6    PASS
  s0([6,6]       ) computed=7      expected=7    PASS
  s0([11,1]      ) computed=12     expected=12   PASS
  s0([12]        ) computed=12     expected=12   PASS
  s0([12,6,4]    ) computed=14     expected=14   PASS
  s0([9,7,3,3]   ) computed=12     expected=12   PASS
  s0([14,5,2,1]  ) computed=16     expected=16   PASS
  s0([8,8,6]     ) computed=10     expected=10   PASS
  CHECK A overall: PASS

---- CHECK B : H5 control list L5 ----
  L5 = [15,14,13,13,13,13,13,13,13,13,13,13,13,13,5,4,4,3,3]   (19 entries, sum=204)
  terminated successfully? computed=True
  step count: computed=16 expected=16 PASS
  clears in exactly 13 steps? computed=NO expected=NO PASS
  CHECK B overall: PASS

---- partition tables (own generator) ----
  p(n) from my generator, n=0..22:
    {0: 1, 1: 1, 2: 2, 3: 3, 4: 5, 5: 7, 6: 11, 7: 15, 8: 22, 9: 30, 10: 42, 11: 56, 12: 77, 13: 101, 14: 135, 15: 176, 16: 231, 17: 297, 18: 385, 19: 490, 20: 627, 21: 792, 22: 1002}

---- H4 : histogram of s0(lambda) over lambda |- 22 ----
  partitions of 22 generated: computed=1002 expected=1002 PASS
  aborted (not a step sequence) count: 0
  histogram {s0: count} sorted by value:
    {8: 5, 9: 70, 10: 152, 11: 201, 12: 185, 13: 131, 14: 91, 15: 62, 16: 41, 17: 26, 18: 17, 19: 10, 20: 6, 21: 3, 22: 2}
  histogram total: computed=1002 expected=1002 PASS
  #{lambda |- 22 : s0(lambda) = 13} : computed=131 expected=131 PASS

---- H3 : E >= 1 survivors at nu = 11 ----
  E=1   L in [12..21] (10 values)  p(E)=1   p(22-E)=792   shapes=7920   survivors=6
  E=2   L in [12..20] (9 values)  p(E)=2   p(22-E)=627   shapes=11286  survivors=14
  E=3   L in [12..19] (8 values)  p(E)=3   p(22-E)=490   shapes=11760  survivors=21
  E=4   L in [12..18] (7 values)  p(E)=5   p(22-E)=385   shapes=13475  survivors=35
  E=5   L in [12..17] (6 values)  p(E)=7   p(22-E)=297   shapes=12474  survivors=47
  E=6   L in [12..16] (5 values)  p(E)=11  p(22-E)=231   shapes=12705  survivors=85
  E=7   L in [12..15] (4 values)  p(E)=15  p(22-E)=176   shapes=10560  survivors=110
  E=8   L in [12..14] (3 values)  p(E)=22  p(22-E)=135   shapes=8910   survivors=155
  E=9   L in [12..13] (2 values)  p(E)=30  p(22-E)=101   shapes=6060   survivors=170
  E=10  L in [12..12] (1 values)  p(E)=42  p(22-E)=77    shapes=3234   survivors=148

  per-E shapes tested (computed): {1: 7920, 2: 11286, 3: 11760, 4: 13475, 5: 12474, 6: 12705, 7: 10560, 8: 8910, 9: 6060, 10: 3234}
  total shapes tested (computed): 98384
  per-E survivors     (computed): {1: 6, 2: 14, 3: 21, 4: 35, 5: 47, 6: 85, 7: 110, 8: 155, 9: 170, 10: 148}
  total survivors     (computed): 791

  independent formula (nu-E)*p(E)*p(22-E) from my partition counts:
    {1: 7920, 2: 11286, 3: 11760, 4: 13475, 5: 12474, 6: 12705, 7: 10560, 8: 8910, 9: 6060, 10: 3234}
    S(11) = sum_{E=1}^{10} (11-E)*p(E)*p(22-E) = 98384
    per-E shapes == formula : PASS
    total shapes == S(11)   : computed=98384 formula=98384 PASS

  diff vs expected -- shapes tested:
    E=1  computed=7920   expected=7920   PASS
    E=2  computed=11286  expected=11286  PASS
    E=3  computed=11760  expected=11760  PASS
    E=4  computed=13475  expected=13475  PASS
    E=5  computed=12474  expected=12474  PASS
    E=6  computed=12705  expected=12705  PASS
    E=7  computed=10560  expected=10560  PASS
    E=8  computed=8910   expected=8910   PASS
    E=9  computed=6060   expected=6060   PASS
    E=10 computed=3234   expected=3234   PASS
    TOTAL  computed=98384  expected=98384  PASS

  diff vs expected -- survivors:
    E=1  computed=6     expected=6     PASS
    E=2  computed=14    expected=14    PASS
    E=3  computed=21    expected=21    PASS
    E=4  computed=35    expected=35    PASS
    E=5  computed=47    expected=47    PASS
    E=6  computed=85    expected=85    PASS
    E=7  computed=110   expected=110   PASS
    E=8  computed=155   expected=155   PASS
    E=9  computed=170   expected=170   PASS
    E=10 computed=148   expected=148   PASS
    TOTAL  computed=791   expected=791   PASS

---- H3 FULL ROSTER (canonical, sorted by (E, L, e, lam)) ----
  format: E=<E> L=<L> e=[p,p,..] lam=[p,p,..]   (no spaces inside [])
E=1 L=12 e=[1] lam=[17,1,1,1,1]
E=1 L=14 e=[1] lam=[18,1,1,1]
E=1 L=16 e=[1] lam=[19,1,1]
E=1 L=18 e=[1] lam=[20,1]
E=1 L=20 e=[1] lam=[21]
E=1 L=21 e=[1] lam=[21]
E=2 L=12 e=[2] lam=[16,1,1,1,1]
E=2 L=12 e=[2] lam=[16,2,1,1]
E=2 L=13 e=[1,1] lam=[17,1,1,1]
E=2 L=14 e=[2] lam=[17,1,1,1]
E=2 L=14 e=[2] lam=[17,2,1]
E=2 L=15 e=[1,1] lam=[18,1,1]
E=2 L=16 e=[2] lam=[18,1,1]
E=2 L=16 e=[2] lam=[18,2]
E=2 L=17 e=[1,1] lam=[19,1]
E=2 L=18 e=[2] lam=[19,1]
E=2 L=19 e=[1,1] lam=[20]
E=2 L=19 e=[2] lam=[19,1]
E=2 L=20 e=[1,1] lam=[20]
E=2 L=20 e=[2] lam=[19,1]
E=3 L=12 e=[1,1,1] lam=[16,1,1,1]
E=3 L=12 e=[3] lam=[15,1,1,1,1]
E=3 L=12 e=[3] lam=[15,2,1,1]
E=3 L=12 e=[3] lam=[15,2,2]
E=3 L=13 e=[2,1] lam=[16,1,1,1]
E=3 L=13 e=[2,1] lam=[16,2,1]
E=3 L=14 e=[1,1,1] lam=[17,1,1]
E=3 L=14 e=[3] lam=[16,1,1,1]
E=3 L=14 e=[3] lam=[16,2,1]
E=3 L=15 e=[2,1] lam=[17,1,1]
E=3 L=15 e=[2,1] lam=[17,2]
E=3 L=16 e=[1,1,1] lam=[18,1]
E=3 L=16 e=[3] lam=[17,1,1]
E=3 L=17 e=[2,1] lam=[18,1]
E=3 L=17 e=[3] lam=[17,1,1]
E=3 L=18 e=[1,1,1] lam=[19]
E=3 L=18 e=[2,1] lam=[18,1]
E=3 L=18 e=[3] lam=[17,1,1]
E=3 L=19 e=[1,1,1] lam=[19]
E=3 L=19 e=[2,1] lam=[18,1]
E=3 L=19 e=[3] lam=[17,1,1]
E=4 L=12 e=[2,1,1] lam=[15,1,1,1]
E=4 L=12 e=[2,1,1] lam=[15,2,1]
E=4 L=12 e=[4] lam=[14,1,1,1,1]
E=4 L=12 e=[4] lam=[14,2,1,1]
E=4 L=13 e=[1,1,1,1] lam=[16,1,1]
E=4 L=13 e=[2,2] lam=[15,1,1,1]
E=4 L=13 e=[2,2] lam=[15,2,1]
E=4 L=13 e=[2,2] lam=[15,3]
E=4 L=13 e=[3,1] lam=[15,1,1,1]
E=4 L=13 e=[3,1] lam=[15,2,1]
E=4 L=14 e=[2,1,1] lam=[16,1,1]
E=4 L=14 e=[2,1,1] lam=[16,2]
E=4 L=14 e=[4] lam=[15,1,1,1]
E=4 L=15 e=[1,1,1,1] lam=[17,1]
E=4 L=15 e=[2,2] lam=[16,1,1]
E=4 L=15 e=[2,2] lam=[16,2]
E=4 L=15 e=[3,1] lam=[16,1,1]
E=4 L=15 e=[4] lam=[15,1,1,1]
E=4 L=16 e=[2,1,1] lam=[17,1]
E=4 L=16 e=[2,2] lam=[16,1,1]
E=4 L=16 e=[2,2] lam=[16,2]
E=4 L=16 e=[3,1] lam=[16,1,1]
E=4 L=16 e=[4] lam=[15,1,1,1]
E=4 L=17 e=[1,1,1,1] lam=[18]
E=4 L=17 e=[2,1,1] lam=[17,1]
E=4 L=17 e=[2,2] lam=[16,1,1]
E=4 L=17 e=[2,2] lam=[16,2]
E=4 L=17 e=[3,1] lam=[16,1,1]
E=4 L=17 e=[4] lam=[15,1,1,1]
E=4 L=18 e=[1,1,1,1] lam=[18]
E=4 L=18 e=[2,1,1] lam=[17,1]
E=4 L=18 e=[2,2] lam=[16,1,1]
E=4 L=18 e=[2,2] lam=[16,2]
E=4 L=18 e=[3,1] lam=[16,1,1]
E=4 L=18 e=[4] lam=[15,1,1,1]
E=5 L=12 e=[1,1,1,1,1] lam=[15,1,1]
E=5 L=12 e=[2,2,1] lam=[14,1,1,1]
E=5 L=12 e=[2,2,1] lam=[14,2,1]
E=5 L=12 e=[2,2,1] lam=[14,3]
E=5 L=12 e=[3,1,1] lam=[14,1,1,1]
E=5 L=12 e=[3,1,1] lam=[14,2,1]
E=5 L=12 e=[5] lam=[13,1,1,1,1]
E=5 L=13 e=[2,1,1,1] lam=[15,1,1]
E=5 L=13 e=[2,1,1,1] lam=[15,2]
E=5 L=13 e=[3,2] lam=[14,1,1,1]
E=5 L=13 e=[3,2] lam=[14,2,1]
E=5 L=13 e=[4,1] lam=[14,1,1,1]
E=5 L=13 e=[5] lam=[13,1,1,1,1]
E=5 L=14 e=[1,1,1,1,1] lam=[16,1]
E=5 L=14 e=[2,2,1] lam=[15,1,1]
E=5 L=14 e=[2,2,1] lam=[15,2]
E=5 L=14 e=[3,1,1] lam=[15,1,1]
E=5 L=14 e=[3,2] lam=[14,1,1,1]
E=5 L=14 e=[3,2] lam=[14,2,1]
E=5 L=14 e=[4,1] lam=[14,1,1,1]
E=5 L=14 e=[5] lam=[13,1,1,1,1]
E=5 L=15 e=[2,1,1,1] lam=[16,1]
E=5 L=15 e=[2,2,1] lam=[15,1,1]
E=5 L=15 e=[2,2,1] lam=[15,2]
E=5 L=15 e=[3,1,1] lam=[15,1,1]
E=5 L=15 e=[3,2] lam=[14,1,1,1]
E=5 L=15 e=[3,2] lam=[14,2,1]
E=5 L=15 e=[4,1] lam=[14,1,1,1]
E=5 L=15 e=[5] lam=[13,1,1,1,1]
E=5 L=16 e=[1,1,1,1,1] lam=[17]
E=5 L=16 e=[2,1,1,1] lam=[16,1]
E=5 L=16 e=[2,2,1] lam=[15,1,1]
E=5 L=16 e=[2,2,1] lam=[15,2]
E=5 L=16 e=[3,1,1] lam=[15,1,1]
E=5 L=16 e=[3,2] lam=[14,1,1,1]
E=5 L=16 e=[3,2] lam=[14,2,1]
E=5 L=16 e=[4,1] lam=[14,1,1,1]
E=5 L=16 e=[5] lam=[13,1,1,1,1]
E=5 L=17 e=[1,1,1,1,1] lam=[17]
E=5 L=17 e=[2,1,1,1] lam=[16,1]
E=5 L=17 e=[2,2,1] lam=[15,1,1]
E=5 L=17 e=[2,2,1] lam=[15,2]
E=5 L=17 e=[3,1,1] lam=[15,1,1]
E=5 L=17 e=[3,2] lam=[14,1,1,1]
E=5 L=17 e=[3,2] lam=[14,2,1]
E=5 L=17 e=[4,1] lam=[14,1,1,1]
E=5 L=17 e=[5] lam=[13,1,1,1,1]
E=6 L=12 e=[2,1,1,1,1] lam=[14,1,1]
E=6 L=12 e=[2,1,1,1,1] lam=[14,2]
E=6 L=12 e=[2,2,2] lam=[13,1,1,1]
E=6 L=12 e=[2,2,2] lam=[13,2,1]
E=6 L=12 e=[2,2,2] lam=[13,3]
E=6 L=12 e=[3,2,1] lam=[13,1,1,1]
E=6 L=12 e=[3,2,1] lam=[13,2,1]
E=6 L=12 e=[3,3] lam=[12,1,1,1,1]
E=6 L=12 e=[3,3] lam=[12,2,1,1]
E=6 L=12 e=[3,3] lam=[12,2,2]
E=6 L=12 e=[4,1,1] lam=[13,1,1,1]
E=6 L=12 e=[4,2] lam=[12,1,1,1,1]
E=6 L=12 e=[4,2] lam=[12,2,1,1]
E=6 L=12 e=[5,1] lam=[12,1,1,1,1]
E=6 L=12 e=[6] lam=[11,1,1,1,1,1]
E=6 L=13 e=[1,1,1,1,1,1] lam=[15,1]
E=6 L=13 e=[2,2,1,1] lam=[14,1,1]
E=6 L=13 e=[2,2,1,1] lam=[14,2]
E=6 L=13 e=[2,2,2] lam=[13,1,1,1]
E=6 L=13 e=[2,2,2] lam=[13,2,1]
E=6 L=13 e=[2,2,2] lam=[13,3]
E=6 L=13 e=[3,1,1,1] lam=[14,1,1]
E=6 L=13 e=[3,2,1] lam=[13,1,1,1]
E=6 L=13 e=[3,2,1] lam=[13,2,1]
E=6 L=13 e=[3,3] lam=[12,1,1,1,1]
E=6 L=13 e=[3,3] lam=[12,2,1,1]
E=6 L=13 e=[3,3] lam=[12,2,2]
E=6 L=13 e=[4,1,1] lam=[13,1,1,1]
E=6 L=13 e=[4,2] lam=[12,1,1,1,1]
E=6 L=13 e=[4,2] lam=[12,2,1,1]
E=6 L=13 e=[5,1] lam=[12,1,1,1,1]
E=6 L=13 e=[6] lam=[11,1,1,1,1,1]
E=6 L=14 e=[2,1,1,1,1] lam=[15,1]
E=6 L=14 e=[2,2,1,1] lam=[14,1,1]
E=6 L=14 e=[2,2,1,1] lam=[14,2]
E=6 L=14 e=[2,2,2] lam=[13,1,1,1]
E=6 L=14 e=[2,2,2] lam=[13,2,1]
E=6 L=14 e=[2,2,2] lam=[13,3]
E=6 L=14 e=[3,1,1,1] lam=[14,1,1]
E=6 L=14 e=[3,2,1] lam=[13,1,1,1]
E=6 L=14 e=[3,2,1] lam=[13,2,1]
E=6 L=14 e=[3,3] lam=[12,1,1,1,1]
E=6 L=14 e=[3,3] lam=[12,2,1,1]
E=6 L=14 e=[3,3] lam=[12,2,2]
E=6 L=14 e=[4,1,1] lam=[13,1,1,1]
E=6 L=14 e=[4,2] lam=[12,1,1,1,1]
E=6 L=14 e=[4,2] lam=[12,2,1,1]
E=6 L=14 e=[5,1] lam=[12,1,1,1,1]
E=6 L=14 e=[6] lam=[11,1,1,1,1,1]
E=6 L=15 e=[1,1,1,1,1,1] lam=[16]
E=6 L=15 e=[2,1,1,1,1] lam=[15,1]
E=6 L=15 e=[2,2,1,1] lam=[14,1,1]
E=6 L=15 e=[2,2,1,1] lam=[14,2]
E=6 L=15 e=[2,2,2] lam=[13,1,1,1]
E=6 L=15 e=[2,2,2] lam=[13,2,1]
E=6 L=15 e=[2,2,2] lam=[13,3]
E=6 L=15 e=[3,1,1,1] lam=[14,1,1]
E=6 L=15 e=[3,2,1] lam=[13,1,1,1]
E=6 L=15 e=[3,2,1] lam=[13,2,1]
E=6 L=15 e=[3,3] lam=[12,1,1,1,1]
E=6 L=15 e=[3,3] lam=[12,2,1,1]
E=6 L=15 e=[3,3] lam=[12,2,2]
E=6 L=15 e=[4,1,1] lam=[13,1,1,1]
E=6 L=15 e=[4,2] lam=[12,1,1,1,1]
E=6 L=15 e=[4,2] lam=[12,2,1,1]
E=6 L=15 e=[5,1] lam=[12,1,1,1,1]
E=6 L=15 e=[6] lam=[11,1,1,1,1,1]
E=6 L=16 e=[1,1,1,1,1,1] lam=[16]
E=6 L=16 e=[2,1,1,1,1] lam=[15,1]
E=6 L=16 e=[2,2,1,1] lam=[14,1,1]
E=6 L=16 e=[2,2,1,1] lam=[14,2]
E=6 L=16 e=[2,2,2] lam=[13,1,1,1]
E=6 L=16 e=[2,2,2] lam=[13,2,1]
E=6 L=16 e=[2,2,2] lam=[13,3]
E=6 L=16 e=[3,1,1,1] lam=[14,1,1]
E=6 L=16 e=[3,2,1] lam=[13,1,1,1]
E=6 L=16 e=[3,2,1] lam=[13,2,1]
E=6 L=16 e=[3,3] lam=[12,1,1,1,1]
E=6 L=16 e=[3,3] lam=[12,2,1,1]
E=6 L=16 e=[3,3] lam=[12,2,2]
E=6 L=16 e=[4,1,1] lam=[13,1,1,1]
E=6 L=16 e=[4,2] lam=[12,1,1,1,1]
E=6 L=16 e=[4,2] lam=[12,2,1,1]
E=6 L=16 e=[5,1] lam=[12,1,1,1,1]
E=6 L=16 e=[6] lam=[11,1,1,1,1,1]
E=7 L=12 e=[1,1,1,1,1,1,1] lam=[14,1]
E=7 L=12 e=[2,2,1,1,1] lam=[13,1,1]
E=7 L=12 e=[2,2,1,1,1] lam=[13,2]
E=7 L=12 e=[2,2,2,1] lam=[12,1,1,1]
E=7 L=12 e=[2,2,2,1] lam=[12,2,1]
E=7 L=12 e=[2,2,2,1] lam=[12,3]
E=7 L=12 e=[3,1,1,1,1] lam=[13,1,1]
E=7 L=12 e=[3,2,1,1] lam=[12,1,1,1]
E=7 L=12 e=[3,2,1,1] lam=[12,2,1]
E=7 L=12 e=[3,2,2] lam=[11,1,1,1,1]
E=7 L=12 e=[3,2,2] lam=[11,2,1,1]
E=7 L=12 e=[3,2,2] lam=[11,2,2]
E=7 L=12 e=[3,2,2] lam=[11,3,1]
E=7 L=12 e=[3,3,1] lam=[11,1,1,1,1]
E=7 L=12 e=[3,3,1] lam=[11,2,1,1]
E=7 L=12 e=[3,3,1] lam=[11,2,2]
E=7 L=12 e=[4,1,1,1] lam=[12,1,1,1]
E=7 L=12 e=[4,2,1] lam=[11,1,1,1,1]
E=7 L=12 e=[4,2,1] lam=[11,2,1,1]
E=7 L=12 e=[4,3] lam=[10,1,1,1,1,1]
E=7 L=12 e=[4,3] lam=[10,2,1,1,1]
E=7 L=12 e=[4,3] lam=[10,2,2,1]
E=7 L=12 e=[5,1,1] lam=[11,1,1,1,1]
E=7 L=12 e=[5,2] lam=[10,1,1,1,1,1]
E=7 L=12 e=[5,2] lam=[10,2,1,1,1]
E=7 L=12 e=[6,1] lam=[10,1,1,1,1,1]
E=7 L=12 e=[7] lam=[9,1,1,1,1,1,1]
E=7 L=13 e=[2,1,1,1,1,1] lam=[14,1]
E=7 L=13 e=[2,2,1,1,1] lam=[13,1,1]
E=7 L=13 e=[2,2,1,1,1] lam=[13,2]
E=7 L=13 e=[2,2,2,1] lam=[12,1,1,1]
E=7 L=13 e=[2,2,2,1] lam=[12,2,1]
E=7 L=13 e=[2,2,2,1] lam=[12,3]
E=7 L=13 e=[3,1,1,1,1] lam=[13,1,1]
E=7 L=13 e=[3,2,1,1] lam=[12,1,1,1]
E=7 L=13 e=[3,2,1,1] lam=[12,2,1]
E=7 L=13 e=[3,2,2] lam=[11,1,1,1,1]
E=7 L=13 e=[3,2,2] lam=[11,2,1,1]
E=7 L=13 e=[3,2,2] lam=[11,2,2]
E=7 L=13 e=[3,2,2] lam=[11,3,1]
E=7 L=13 e=[3,3,1] lam=[11,1,1,1,1]
E=7 L=13 e=[3,3,1] lam=[11,2,1,1]
E=7 L=13 e=[3,3,1] lam=[11,2,2]
E=7 L=13 e=[4,1,1,1] lam=[12,1,1,1]
E=7 L=13 e=[4,2,1] lam=[11,1,1,1,1]
E=7 L=13 e=[4,2,1] lam=[11,2,1,1]
E=7 L=13 e=[4,3] lam=[10,1,1,1,1,1]
E=7 L=13 e=[4,3] lam=[10,2,1,1,1]
E=7 L=13 e=[4,3] lam=[10,2,2,1]
E=7 L=13 e=[5,1,1] lam=[11,1,1,1,1]
E=7 L=13 e=[5,2] lam=[10,1,1,1,1,1]
E=7 L=13 e=[5,2] lam=[10,2,1,1,1]
E=7 L=13 e=[6,1] lam=[10,1,1,1,1,1]
E=7 L=13 e=[7] lam=[9,1,1,1,1,1,1]
E=7 L=14 e=[1,1,1,1,1,1,1] lam=[15]
E=7 L=14 e=[2,1,1,1,1,1] lam=[14,1]
E=7 L=14 e=[2,2,1,1,1] lam=[13,1,1]
E=7 L=14 e=[2,2,1,1,1] lam=[13,2]
E=7 L=14 e=[2,2,2,1] lam=[12,1,1,1]
E=7 L=14 e=[2,2,2,1] lam=[12,2,1]
E=7 L=14 e=[2,2,2,1] lam=[12,3]
E=7 L=14 e=[3,1,1,1,1] lam=[13,1,1]
E=7 L=14 e=[3,2,1,1] lam=[12,1,1,1]
E=7 L=14 e=[3,2,1,1] lam=[12,2,1]
E=7 L=14 e=[3,2,2] lam=[11,1,1,1,1]
E=7 L=14 e=[3,2,2] lam=[11,2,1,1]
E=7 L=14 e=[3,2,2] lam=[11,2,2]
E=7 L=14 e=[3,2,2] lam=[11,3,1]
E=7 L=14 e=[3,3,1] lam=[11,1,1,1,1]
E=7 L=14 e=[3,3,1] lam=[11,2,1,1]
E=7 L=14 e=[3,3,1] lam=[11,2,2]
E=7 L=14 e=[4,1,1,1] lam=[12,1,1,1]
E=7 L=14 e=[4,2,1] lam=[11,1,1,1,1]
E=7 L=14 e=[4,2,1] lam=[11,2,1,1]
E=7 L=14 e=[4,3] lam=[10,1,1,1,1,1]
E=7 L=14 e=[4,3] lam=[10,2,1,1,1]
E=7 L=14 e=[4,3] lam=[10,2,2,1]
E=7 L=14 e=[5,1,1] lam=[11,1,1,1,1]
E=7 L=14 e=[5,2] lam=[10,1,1,1,1,1]
E=7 L=14 e=[5,2] lam=[10,2,1,1,1]
E=7 L=14 e=[6,1] lam=[10,1,1,1,1,1]
E=7 L=14 e=[7] lam=[9,1,1,1,1,1,1]
E=7 L=15 e=[1,1,1,1,1,1,1] lam=[15]
E=7 L=15 e=[2,1,1,1,1,1] lam=[14,1]
E=7 L=15 e=[2,2,1,1,1] lam=[13,1,1]
E=7 L=15 e=[2,2,1,1,1] lam=[13,2]
E=7 L=15 e=[2,2,2,1] lam=[12,1,1,1]
E=7 L=15 e=[2,2,2,1] lam=[12,2,1]
E=7 L=15 e=[2,2,2,1] lam=[12,3]
E=7 L=15 e=[3,1,1,1,1] lam=[13,1,1]
E=7 L=15 e=[3,2,1,1] lam=[12,1,1,1]
E=7 L=15 e=[3,2,1,1] lam=[12,2,1]
E=7 L=15 e=[3,2,2] lam=[11,1,1,1,1]
E=7 L=15 e=[3,2,2] lam=[11,2,1,1]
E=7 L=15 e=[3,2,2] lam=[11,2,2]
E=7 L=15 e=[3,2,2] lam=[11,3,1]
E=7 L=15 e=[3,3,1] lam=[11,1,1,1,1]
E=7 L=15 e=[3,3,1] lam=[11,2,1,1]
E=7 L=15 e=[3,3,1] lam=[11,2,2]
E=7 L=15 e=[4,1,1,1] lam=[12,1,1,1]
E=7 L=15 e=[4,2,1] lam=[11,1,1,1,1]
E=7 L=15 e=[4,2,1] lam=[11,2,1,1]
E=7 L=15 e=[4,3] lam=[10,1,1,1,1,1]
E=7 L=15 e=[4,3] lam=[10,2,1,1,1]
E=7 L=15 e=[4,3] lam=[10,2,2,1]
E=7 L=15 e=[5,1,1] lam=[11,1,1,1,1]
E=7 L=15 e=[5,2] lam=[10,1,1,1,1,1]
E=7 L=15 e=[5,2] lam=[10,2,1,1,1]
E=7 L=15 e=[6,1] lam=[10,1,1,1,1,1]
E=7 L=15 e=[7] lam=[9,1,1,1,1,1,1]
E=8 L=12 e=[2,1,1,1,1,1,1] lam=[13,1]
E=8 L=12 e=[2,2,1,1,1,1] lam=[12,1,1]
E=8 L=12 e=[2,2,1,1,1,1] lam=[12,2]
E=8 L=12 e=[2,2,2,1,1] lam=[11,1,1,1]
E=8 L=12 e=[2,2,2,1,1] lam=[11,2,1]
E=8 L=12 e=[2,2,2,1,1] lam=[11,3]
E=8 L=12 e=[2,2,2,2] lam=[10,1,1,1,1]
E=8 L=12 e=[2,2,2,2] lam=[10,2,1,1]
E=8 L=12 e=[2,2,2,2] lam=[10,2,2]
E=8 L=12 e=[2,2,2,2] lam=[10,3,1]
E=8 L=12 e=[2,2,2,2] lam=[10,4]
E=8 L=12 e=[3,1,1,1,1,1] lam=[12,1,1]
E=8 L=12 e=[3,2,1,1,1] lam=[11,1,1,1]
E=8 L=12 e=[3,2,1,1,1] lam=[11,2,1]
E=8 L=12 e=[3,2,2,1] lam=[10,1,1,1,1]
E=8 L=12 e=[3,2,2,1] lam=[10,2,1,1]
E=8 L=12 e=[3,2,2,1] lam=[10,2,2]
E=8 L=12 e=[3,2,2,1] lam=[10,3,1]
E=8 L=12 e=[3,3,1,1] lam=[10,1,1,1,1]
E=8 L=12 e=[3,3,1,1] lam=[10,2,1,1]
E=8 L=12 e=[3,3,1,1] lam=[10,2,2]
E=8 L=12 e=[3,3,2] lam=[9,1,1,1,1,1]
E=8 L=12 e=[3,3,2] lam=[9,2,1,1,1]
E=8 L=12 e=[3,3,2] lam=[9,2,2,1]
E=8 L=12 e=[3,3,2] lam=[9,3,1,1]
E=8 L=12 e=[3,3,2] lam=[9,3,2]
E=8 L=12 e=[4,1,1,1,1] lam=[11,1,1,1]
E=8 L=12 e=[4,2,1,1] lam=[10,1,1,1,1]
E=8 L=12 e=[4,2,1,1] lam=[10,2,1,1]
E=8 L=12 e=[4,2,2] lam=[9,1,1,1,1,1]
E=8 L=12 e=[4,2,2] lam=[9,2,1,1,1]
E=8 L=12 e=[4,2,2] lam=[9,2,2,1]
E=8 L=12 e=[4,2,2] lam=[9,3,1,1]
E=8 L=12 e=[4,3,1] lam=[9,1,1,1,1,1]
E=8 L=12 e=[4,3,1] lam=[9,2,1,1,1]
E=8 L=12 e=[4,3,1] lam=[9,2,2,1]
E=8 L=12 e=[4,4] lam=[8,1,1,1,1,1,1]
E=8 L=12 e=[4,4] lam=[8,2,1,1,1,1]
E=8 L=12 e=[4,4] lam=[8,2,2,1,1]
E=8 L=12 e=[4,4] lam=[8,2,2,2]
E=8 L=12 e=[5,1,1,1] lam=[10,1,1,1,1]
E=8 L=12 e=[5,2,1] lam=[9,1,1,1,1,1]
E=8 L=12 e=[5,2,1] lam=[9,2,1,1,1]
E=8 L=12 e=[5,3] lam=[8,1,1,1,1,1,1]
E=8 L=12 e=[5,3] lam=[8,2,1,1,1,1]
E=8 L=12 e=[5,3] lam=[8,2,2,1,1]
E=8 L=12 e=[6,1,1] lam=[9,1,1,1,1,1]
E=8 L=12 e=[6,2] lam=[8,1,1,1,1,1,1]
E=8 L=12 e=[6,2] lam=[8,2,1,1,1,1]
E=8 L=12 e=[7,1] lam=[8,1,1,1,1,1,1]
E=8 L=12 e=[8] lam=[7,1,1,1,1,1,1,1]
E=8 L=13 e=[1,1,1,1,1,1,1,1] lam=[14]
E=8 L=13 e=[2,1,1,1,1,1,1] lam=[13,1]
E=8 L=13 e=[2,2,1,1,1,1] lam=[12,1,1]
E=8 L=13 e=[2,2,1,1,1,1] lam=[12,2]
E=8 L=13 e=[2,2,2,1,1] lam=[11,1,1,1]
E=8 L=13 e=[2,2,2,1,1] lam=[11,2,1]
E=8 L=13 e=[2,2,2,1,1] lam=[11,3]
E=8 L=13 e=[2,2,2,2] lam=[10,1,1,1,1]
E=8 L=13 e=[2,2,2,2] lam=[10,2,1,1]
E=8 L=13 e=[2,2,2,2] lam=[10,2,2]
E=8 L=13 e=[2,2,2,2] lam=[10,3,1]
E=8 L=13 e=[2,2,2,2] lam=[10,4]
E=8 L=13 e=[3,1,1,1,1,1] lam=[12,1,1]
E=8 L=13 e=[3,2,1,1,1] lam=[11,1,1,1]
E=8 L=13 e=[3,2,1,1,1] lam=[11,2,1]
E=8 L=13 e=[3,2,2,1] lam=[10,1,1,1,1]
E=8 L=13 e=[3,2,2,1] lam=[10,2,1,1]
E=8 L=13 e=[3,2,2,1] lam=[10,2,2]
E=8 L=13 e=[3,2,2,1] lam=[10,3,1]
E=8 L=13 e=[3,3,1,1] lam=[10,1,1,1,1]
E=8 L=13 e=[3,3,1,1] lam=[10,2,1,1]
E=8 L=13 e=[3,3,1,1] lam=[10,2,2]
E=8 L=13 e=[3,3,2] lam=[9,1,1,1,1,1]
E=8 L=13 e=[3,3,2] lam=[9,2,1,1,1]
E=8 L=13 e=[3,3,2] lam=[9,2,2,1]
E=8 L=13 e=[3,3,2] lam=[9,3,1,1]
E=8 L=13 e=[3,3,2] lam=[9,3,2]
E=8 L=13 e=[4,1,1,1,1] lam=[11,1,1,1]
E=8 L=13 e=[4,2,1,1] lam=[10,1,1,1,1]
E=8 L=13 e=[4,2,1,1] lam=[10,2,1,1]
E=8 L=13 e=[4,2,2] lam=[9,1,1,1,1,1]
E=8 L=13 e=[4,2,2] lam=[9,2,1,1,1]
E=8 L=13 e=[4,2,2] lam=[9,2,2,1]
E=8 L=13 e=[4,2,2] lam=[9,3,1,1]
E=8 L=13 e=[4,3,1] lam=[9,1,1,1,1,1]
E=8 L=13 e=[4,3,1] lam=[9,2,1,1,1]
E=8 L=13 e=[4,3,1] lam=[9,2,2,1]
E=8 L=13 e=[4,4] lam=[8,1,1,1,1,1,1]
E=8 L=13 e=[4,4] lam=[8,2,1,1,1,1]
E=8 L=13 e=[4,4] lam=[8,2,2,1,1]
E=8 L=13 e=[4,4] lam=[8,2,2,2]
E=8 L=13 e=[5,1,1,1] lam=[10,1,1,1,1]
E=8 L=13 e=[5,2,1] lam=[9,1,1,1,1,1]
E=8 L=13 e=[5,2,1] lam=[9,2,1,1,1]
E=8 L=13 e=[5,3] lam=[8,1,1,1,1,1,1]
E=8 L=13 e=[5,3] lam=[8,2,1,1,1,1]
E=8 L=13 e=[5,3] lam=[8,2,2,1,1]
E=8 L=13 e=[6,1,1] lam=[9,1,1,1,1,1]
E=8 L=13 e=[6,2] lam=[8,1,1,1,1,1,1]
E=8 L=13 e=[6,2] lam=[8,2,1,1,1,1]
E=8 L=13 e=[7,1] lam=[8,1,1,1,1,1,1]
E=8 L=13 e=[8] lam=[7,1,1,1,1,1,1,1]
E=8 L=14 e=[1,1,1,1,1,1,1,1] lam=[14]
E=8 L=14 e=[2,1,1,1,1,1,1] lam=[13,1]
E=8 L=14 e=[2,2,1,1,1,1] lam=[12,1,1]
E=8 L=14 e=[2,2,1,1,1,1] lam=[12,2]
E=8 L=14 e=[2,2,2,1,1] lam=[11,1,1,1]
E=8 L=14 e=[2,2,2,1,1] lam=[11,2,1]
E=8 L=14 e=[2,2,2,1,1] lam=[11,3]
E=8 L=14 e=[2,2,2,2] lam=[10,1,1,1,1]
E=8 L=14 e=[2,2,2,2] lam=[10,2,1,1]
E=8 L=14 e=[2,2,2,2] lam=[10,2,2]
E=8 L=14 e=[2,2,2,2] lam=[10,3,1]
E=8 L=14 e=[2,2,2,2] lam=[10,4]
E=8 L=14 e=[3,1,1,1,1,1] lam=[12,1,1]
E=8 L=14 e=[3,2,1,1,1] lam=[11,1,1,1]
E=8 L=14 e=[3,2,1,1,1] lam=[11,2,1]
E=8 L=14 e=[3,2,2,1] lam=[10,1,1,1,1]
E=8 L=14 e=[3,2,2,1] lam=[10,2,1,1]
E=8 L=14 e=[3,2,2,1] lam=[10,2,2]
E=8 L=14 e=[3,2,2,1] lam=[10,3,1]
E=8 L=14 e=[3,3,1,1] lam=[10,1,1,1,1]
E=8 L=14 e=[3,3,1,1] lam=[10,2,1,1]
E=8 L=14 e=[3,3,1,1] lam=[10,2,2]
E=8 L=14 e=[3,3,2] lam=[9,1,1,1,1,1]
E=8 L=14 e=[3,3,2] lam=[9,2,1,1,1]
E=8 L=14 e=[3,3,2] lam=[9,2,2,1]
E=8 L=14 e=[3,3,2] lam=[9,3,1,1]
E=8 L=14 e=[3,3,2] lam=[9,3,2]
E=8 L=14 e=[4,1,1,1,1] lam=[11,1,1,1]
E=8 L=14 e=[4,2,1,1] lam=[10,1,1,1,1]
E=8 L=14 e=[4,2,1,1] lam=[10,2,1,1]
E=8 L=14 e=[4,2,2] lam=[9,1,1,1,1,1]
E=8 L=14 e=[4,2,2] lam=[9,2,1,1,1]
E=8 L=14 e=[4,2,2] lam=[9,2,2,1]
E=8 L=14 e=[4,2,2] lam=[9,3,1,1]
E=8 L=14 e=[4,3,1] lam=[9,1,1,1,1,1]
E=8 L=14 e=[4,3,1] lam=[9,2,1,1,1]
E=8 L=14 e=[4,3,1] lam=[9,2,2,1]
E=8 L=14 e=[4,4] lam=[8,1,1,1,1,1,1]
E=8 L=14 e=[4,4] lam=[8,2,1,1,1,1]
E=8 L=14 e=[4,4] lam=[8,2,2,1,1]
E=8 L=14 e=[4,4] lam=[8,2,2,2]
E=8 L=14 e=[5,1,1,1] lam=[10,1,1,1,1]
E=8 L=14 e=[5,2,1] lam=[9,1,1,1,1,1]
E=8 L=14 e=[5,2,1] lam=[9,2,1,1,1]
E=8 L=14 e=[5,3] lam=[8,1,1,1,1,1,1]
E=8 L=14 e=[5,3] lam=[8,2,1,1,1,1]
E=8 L=14 e=[5,3] lam=[8,2,2,1,1]
E=8 L=14 e=[6,1,1] lam=[9,1,1,1,1,1]
E=8 L=14 e=[6,2] lam=[8,1,1,1,1,1,1]
E=8 L=14 e=[6,2] lam=[8,2,1,1,1,1]
E=8 L=14 e=[7,1] lam=[8,1,1,1,1,1,1]
E=8 L=14 e=[8] lam=[7,1,1,1,1,1,1,1]
E=9 L=12 e=[1,1,1,1,1,1,1,1,1] lam=[13]
E=9 L=12 e=[2,1,1,1,1,1,1,1] lam=[12,1]
E=9 L=12 e=[2,2,1,1,1,1,1] lam=[11,1,1]
E=9 L=12 e=[2,2,1,1,1,1,1] lam=[11,2]
E=9 L=12 e=[2,2,2,1,1,1] lam=[10,1,1,1]
E=9 L=12 e=[2,2,2,1,1,1] lam=[10,2,1]
E=9 L=12 e=[2,2,2,1,1,1] lam=[10,3]
E=9 L=12 e=[2,2,2,2,1] lam=[9,1,1,1,1]
E=9 L=12 e=[2,2,2,2,1] lam=[9,2,1,1]
E=9 L=12 e=[2,2,2,2,1] lam=[9,2,2]
E=9 L=12 e=[2,2,2,2,1] lam=[9,3,1]
E=9 L=12 e=[2,2,2,2,1] lam=[9,4]
E=9 L=12 e=[3,1,1,1,1,1,1] lam=[11,1,1]
E=9 L=12 e=[3,2,1,1,1,1] lam=[10,1,1,1]
E=9 L=12 e=[3,2,1,1,1,1] lam=[10,2,1]
E=9 L=12 e=[3,2,2,1,1] lam=[9,1,1,1,1]
E=9 L=12 e=[3,2,2,1,1] lam=[9,2,1,1]
E=9 L=12 e=[3,2,2,1,1] lam=[9,2,2]
E=9 L=12 e=[3,2,2,1,1] lam=[9,3,1]
E=9 L=12 e=[3,2,2,2] lam=[8,1,1,1,1,1]
E=9 L=12 e=[3,2,2,2] lam=[8,2,1,1,1]
E=9 L=12 e=[3,2,2,2] lam=[8,2,2,1]
E=9 L=12 e=[3,2,2,2] lam=[8,3,1,1]
E=9 L=12 e=[3,2,2,2] lam=[8,3,2]
E=9 L=12 e=[3,2,2,2] lam=[8,4,1]
E=9 L=12 e=[3,3,1,1,1] lam=[9,1,1,1,1]
E=9 L=12 e=[3,3,1,1,1] lam=[9,2,1,1]
E=9 L=12 e=[3,3,1,1,1] lam=[9,2,2]
E=9 L=12 e=[3,3,2,1] lam=[8,1,1,1,1,1]
E=9 L=12 e=[3,3,2,1] lam=[8,2,1,1,1]
E=9 L=12 e=[3,3,2,1] lam=[8,2,2,1]
E=9 L=12 e=[3,3,2,1] lam=[8,3,1,1]
E=9 L=12 e=[3,3,2,1] lam=[8,3,2]
E=9 L=12 e=[3,3,3] lam=[7,1,1,1,1,1,1]
E=9 L=12 e=[3,3,3] lam=[7,2,1,1,1,1]
E=9 L=12 e=[3,3,3] lam=[7,2,2,1,1]
E=9 L=12 e=[3,3,3] lam=[7,2,2,2]
E=9 L=12 e=[3,3,3] lam=[7,3,1,1,1]
E=9 L=12 e=[3,3,3] lam=[7,3,2,1]
E=9 L=12 e=[3,3,3] lam=[7,3,3]
E=9 L=12 e=[4,1,1,1,1,1] lam=[10,1,1,1]
E=9 L=12 e=[4,2,1,1,1] lam=[9,1,1,1,1]
E=9 L=12 e=[4,2,1,1,1] lam=[9,2,1,1]
E=9 L=12 e=[4,2,2,1] lam=[8,1,1,1,1,1]
E=9 L=12 e=[4,2,2,1] lam=[8,2,1,1,1]
E=9 L=12 e=[4,2,2,1] lam=[8,2,2,1]
E=9 L=12 e=[4,2,2,1] lam=[8,3,1,1]
E=9 L=12 e=[4,3,1,1] lam=[8,1,1,1,1,1]
E=9 L=12 e=[4,3,1,1] lam=[8,2,1,1,1]
E=9 L=12 e=[4,3,1,1] lam=[8,2,2,1]
E=9 L=12 e=[4,3,2] lam=[7,1,1,1,1,1,1]
E=9 L=12 e=[4,3,2] lam=[7,2,1,1,1,1]
E=9 L=12 e=[4,3,2] lam=[7,2,2,1,1]
E=9 L=12 e=[4,3,2] lam=[7,2,2,2]
E=9 L=12 e=[4,3,2] lam=[7,3,1,1,1]
E=9 L=12 e=[4,3,2] lam=[7,3,2,1]
E=9 L=12 e=[4,4,1] lam=[7,1,1,1,1,1,1]
E=9 L=12 e=[4,4,1] lam=[7,2,1,1,1,1]
E=9 L=12 e=[4,4,1] lam=[7,2,2,1,1]
E=9 L=12 e=[4,4,1] lam=[7,2,2,2]
E=9 L=12 e=[5,1,1,1,1] lam=[9,1,1,1,1]
E=9 L=12 e=[5,2,1,1] lam=[8,1,1,1,1,1]
E=9 L=12 e=[5,2,1,1] lam=[8,2,1,1,1]
E=9 L=12 e=[5,2,2] lam=[7,1,1,1,1,1,1]
E=9 L=12 e=[5,2,2] lam=[7,2,1,1,1,1]
E=9 L=12 e=[5,2,2] lam=[7,2,2,1,1]
E=9 L=12 e=[5,2,2] lam=[7,3,1,1,1]
E=9 L=12 e=[5,3,1] lam=[7,1,1,1,1,1,1]
E=9 L=12 e=[5,3,1] lam=[7,2,1,1,1,1]
E=9 L=12 e=[5,3,1] lam=[7,2,2,1,1]
E=9 L=12 e=[5,4] lam=[6,1,1,1,1,1,1,1]
E=9 L=12 e=[5,4] lam=[6,2,1,1,1,1,1]
E=9 L=12 e=[5,4] lam=[6,2,2,1,1,1]
E=9 L=12 e=[5,4] lam=[6,2,2,2,1]
E=9 L=12 e=[6,1,1,1] lam=[8,1,1,1,1,1]
E=9 L=12 e=[6,2,1] lam=[7,1,1,1,1,1,1]
E=9 L=12 e=[6,2,1] lam=[7,2,1,1,1,1]
E=9 L=12 e=[6,3] lam=[6,1,1,1,1,1,1,1]
E=9 L=12 e=[6,3] lam=[6,2,1,1,1,1,1]
E=9 L=12 e=[6,3] lam=[6,2,2,1,1,1]
E=9 L=12 e=[7,1,1] lam=[7,1,1,1,1,1,1]
E=9 L=12 e=[7,2] lam=[6,1,1,1,1,1,1,1]
E=9 L=12 e=[7,2] lam=[6,2,1,1,1,1,1]
E=9 L=12 e=[8,1] lam=[6,1,1,1,1,1,1,1]
E=9 L=12 e=[9] lam=[5,1,1,1,1,1,1,1,1]
E=9 L=13 e=[1,1,1,1,1,1,1,1,1] lam=[13]
E=9 L=13 e=[2,1,1,1,1,1,1,1] lam=[12,1]
E=9 L=13 e=[2,2,1,1,1,1,1] lam=[11,1,1]
E=9 L=13 e=[2,2,1,1,1,1,1] lam=[11,2]
E=9 L=13 e=[2,2,2,1,1,1] lam=[10,1,1,1]
E=9 L=13 e=[2,2,2,1,1,1] lam=[10,2,1]
E=9 L=13 e=[2,2,2,1,1,1] lam=[10,3]
E=9 L=13 e=[2,2,2,2,1] lam=[9,1,1,1,1]
E=9 L=13 e=[2,2,2,2,1] lam=[9,2,1,1]
E=9 L=13 e=[2,2,2,2,1] lam=[9,2,2]
E=9 L=13 e=[2,2,2,2,1] lam=[9,3,1]
E=9 L=13 e=[2,2,2,2,1] lam=[9,4]
E=9 L=13 e=[3,1,1,1,1,1,1] lam=[11,1,1]
E=9 L=13 e=[3,2,1,1,1,1] lam=[10,1,1,1]
E=9 L=13 e=[3,2,1,1,1,1] lam=[10,2,1]
E=9 L=13 e=[3,2,2,1,1] lam=[9,1,1,1,1]
E=9 L=13 e=[3,2,2,1,1] lam=[9,2,1,1]
E=9 L=13 e=[3,2,2,1,1] lam=[9,2,2]
E=9 L=13 e=[3,2,2,1,1] lam=[9,3,1]
E=9 L=13 e=[3,2,2,2] lam=[8,1,1,1,1,1]
E=9 L=13 e=[3,2,2,2] lam=[8,2,1,1,1]
E=9 L=13 e=[3,2,2,2] lam=[8,2,2,1]
E=9 L=13 e=[3,2,2,2] lam=[8,3,1,1]
E=9 L=13 e=[3,2,2,2] lam=[8,3,2]
E=9 L=13 e=[3,2,2,2] lam=[8,4,1]
E=9 L=13 e=[3,3,1,1,1] lam=[9,1,1,1,1]
E=9 L=13 e=[3,3,1,1,1] lam=[9,2,1,1]
E=9 L=13 e=[3,3,1,1,1] lam=[9,2,2]
E=9 L=13 e=[3,3,2,1] lam=[8,1,1,1,1,1]
E=9 L=13 e=[3,3,2,1] lam=[8,2,1,1,1]
E=9 L=13 e=[3,3,2,1] lam=[8,2,2,1]
E=9 L=13 e=[3,3,2,1] lam=[8,3,1,1]
E=9 L=13 e=[3,3,2,1] lam=[8,3,2]
E=9 L=13 e=[3,3,3] lam=[7,1,1,1,1,1,1]
E=9 L=13 e=[3,3,3] lam=[7,2,1,1,1,1]
E=9 L=13 e=[3,3,3] lam=[7,2,2,1,1]
E=9 L=13 e=[3,3,3] lam=[7,2,2,2]
E=9 L=13 e=[3,3,3] lam=[7,3,1,1,1]
E=9 L=13 e=[3,3,3] lam=[7,3,2,1]
E=9 L=13 e=[3,3,3] lam=[7,3,3]
E=9 L=13 e=[4,1,1,1,1,1] lam=[10,1,1,1]
E=9 L=13 e=[4,2,1,1,1] lam=[9,1,1,1,1]
E=9 L=13 e=[4,2,1,1,1] lam=[9,2,1,1]
E=9 L=13 e=[4,2,2,1] lam=[8,1,1,1,1,1]
E=9 L=13 e=[4,2,2,1] lam=[8,2,1,1,1]
E=9 L=13 e=[4,2,2,1] lam=[8,2,2,1]
E=9 L=13 e=[4,2,2,1] lam=[8,3,1,1]
E=9 L=13 e=[4,3,1,1] lam=[8,1,1,1,1,1]
E=9 L=13 e=[4,3,1,1] lam=[8,2,1,1,1]
E=9 L=13 e=[4,3,1,1] lam=[8,2,2,1]
E=9 L=13 e=[4,3,2] lam=[7,1,1,1,1,1,1]
E=9 L=13 e=[4,3,2] lam=[7,2,1,1,1,1]
E=9 L=13 e=[4,3,2] lam=[7,2,2,1,1]
E=9 L=13 e=[4,3,2] lam=[7,2,2,2]
E=9 L=13 e=[4,3,2] lam=[7,3,1,1,1]
E=9 L=13 e=[4,3,2] lam=[7,3,2,1]
E=9 L=13 e=[4,4,1] lam=[7,1,1,1,1,1,1]
E=9 L=13 e=[4,4,1] lam=[7,2,1,1,1,1]
E=9 L=13 e=[4,4,1] lam=[7,2,2,1,1]
E=9 L=13 e=[4,4,1] lam=[7,2,2,2]
E=9 L=13 e=[5,1,1,1,1] lam=[9,1,1,1,1]
E=9 L=13 e=[5,2,1,1] lam=[8,1,1,1,1,1]
E=9 L=13 e=[5,2,1,1] lam=[8,2,1,1,1]
E=9 L=13 e=[5,2,2] lam=[7,1,1,1,1,1,1]
E=9 L=13 e=[5,2,2] lam=[7,2,1,1,1,1]
E=9 L=13 e=[5,2,2] lam=[7,2,2,1,1]
E=9 L=13 e=[5,2,2] lam=[7,3,1,1,1]
E=9 L=13 e=[5,3,1] lam=[7,1,1,1,1,1,1]
E=9 L=13 e=[5,3,1] lam=[7,2,1,1,1,1]
E=9 L=13 e=[5,3,1] lam=[7,2,2,1,1]
E=9 L=13 e=[5,4] lam=[6,1,1,1,1,1,1,1]
E=9 L=13 e=[5,4] lam=[6,2,1,1,1,1,1]
E=9 L=13 e=[5,4] lam=[6,2,2,1,1,1]
E=9 L=13 e=[5,4] lam=[6,2,2,2,1]
E=9 L=13 e=[6,1,1,1] lam=[8,1,1,1,1,1]
E=9 L=13 e=[6,2,1] lam=[7,1,1,1,1,1,1]
E=9 L=13 e=[6,2,1] lam=[7,2,1,1,1,1]
E=9 L=13 e=[6,3] lam=[6,1,1,1,1,1,1,1]
E=9 L=13 e=[6,3] lam=[6,2,1,1,1,1,1]
E=9 L=13 e=[6,3] lam=[6,2,2,1,1,1]
E=9 L=13 e=[7,1,1] lam=[7,1,1,1,1,1,1]
E=9 L=13 e=[7,2] lam=[6,1,1,1,1,1,1,1]
E=9 L=13 e=[7,2] lam=[6,2,1,1,1,1,1]
E=9 L=13 e=[8,1] lam=[6,1,1,1,1,1,1,1]
E=9 L=13 e=[9] lam=[5,1,1,1,1,1,1,1,1]
E=10 L=12 e=[1,1,1,1,1,1,1,1,1,1] lam=[12]
E=10 L=12 e=[2,1,1,1,1,1,1,1,1] lam=[11,1]
E=10 L=12 e=[2,2,1,1,1,1,1,1] lam=[10,1,1]
E=10 L=12 e=[2,2,1,1,1,1,1,1] lam=[10,2]
E=10 L=12 e=[2,2,2,1,1,1,1] lam=[9,1,1,1]
E=10 L=12 e=[2,2,2,1,1,1,1] lam=[9,2,1]
E=10 L=12 e=[2,2,2,1,1,1,1] lam=[9,3]
E=10 L=12 e=[2,2,2,2,1,1] lam=[8,1,1,1,1]
E=10 L=12 e=[2,2,2,2,1,1] lam=[8,2,1,1]
E=10 L=12 e=[2,2,2,2,1,1] lam=[8,2,2]
E=10 L=12 e=[2,2,2,2,1,1] lam=[8,3,1]
E=10 L=12 e=[2,2,2,2,1,1] lam=[8,4]
E=10 L=12 e=[2,2,2,2,2] lam=[7,1,1,1,1,1]
E=10 L=12 e=[2,2,2,2,2] lam=[7,2,1,1,1]
E=10 L=12 e=[2,2,2,2,2] lam=[7,2,2,1]
E=10 L=12 e=[2,2,2,2,2] lam=[7,3,1,1]
E=10 L=12 e=[2,2,2,2,2] lam=[7,3,2]
E=10 L=12 e=[2,2,2,2,2] lam=[7,4,1]
E=10 L=12 e=[2,2,2,2,2] lam=[7,5]
E=10 L=12 e=[3,1,1,1,1,1,1,1] lam=[10,1,1]
E=10 L=12 e=[3,2,1,1,1,1,1] lam=[9,1,1,1]
E=10 L=12 e=[3,2,1,1,1,1,1] lam=[9,2,1]
E=10 L=12 e=[3,2,2,1,1,1] lam=[8,1,1,1,1]
E=10 L=12 e=[3,2,2,1,1,1] lam=[8,2,1,1]
E=10 L=12 e=[3,2,2,1,1,1] lam=[8,2,2]
E=10 L=12 e=[3,2,2,1,1,1] lam=[8,3,1]
E=10 L=12 e=[3,2,2,2,1] lam=[7,1,1,1,1,1]
E=10 L=12 e=[3,2,2,2,1] lam=[7,2,1,1,1]
E=10 L=12 e=[3,2,2,2,1] lam=[7,2,2,1]
E=10 L=12 e=[3,2,2,2,1] lam=[7,3,1,1]
E=10 L=12 e=[3,2,2,2,1] lam=[7,3,2]
E=10 L=12 e=[3,2,2,2,1] lam=[7,4,1]
E=10 L=12 e=[3,3,1,1,1,1] lam=[8,1,1,1,1]
E=10 L=12 e=[3,3,1,1,1,1] lam=[8,2,1,1]
E=10 L=12 e=[3,3,1,1,1,1] lam=[8,2,2]
E=10 L=12 e=[3,3,2,1,1] lam=[7,1,1,1,1,1]
E=10 L=12 e=[3,3,2,1,1] lam=[7,2,1,1,1]
E=10 L=12 e=[3,3,2,1,1] lam=[7,2,2,1]
E=10 L=12 e=[3,3,2,1,1] lam=[7,3,1,1]
E=10 L=12 e=[3,3,2,1,1] lam=[7,3,2]
E=10 L=12 e=[3,3,2,2] lam=[6,1,1,1,1,1,1]
E=10 L=12 e=[3,3,2,2] lam=[6,2,1,1,1,1]
E=10 L=12 e=[3,3,2,2] lam=[6,2,2,1,1]
E=10 L=12 e=[3,3,2,2] lam=[6,2,2,2]
E=10 L=12 e=[3,3,2,2] lam=[6,3,1,1,1]
E=10 L=12 e=[3,3,2,2] lam=[6,3,2,1]
E=10 L=12 e=[3,3,2,2] lam=[6,3,3]
E=10 L=12 e=[3,3,2,2] lam=[6,4,1,1]
E=10 L=12 e=[3,3,2,2] lam=[6,4,2]
E=10 L=12 e=[3,3,3,1] lam=[6,1,1,1,1,1,1]
E=10 L=12 e=[3,3,3,1] lam=[6,2,1,1,1,1]
E=10 L=12 e=[3,3,3,1] lam=[6,2,2,1,1]
E=10 L=12 e=[3,3,3,1] lam=[6,2,2,2]
E=10 L=12 e=[3,3,3,1] lam=[6,3,1,1,1]
E=10 L=12 e=[3,3,3,1] lam=[6,3,2,1]
E=10 L=12 e=[3,3,3,1] lam=[6,3,3]
E=10 L=12 e=[4,1,1,1,1,1,1] lam=[9,1,1,1]
E=10 L=12 e=[4,2,1,1,1,1] lam=[8,1,1,1,1]
E=10 L=12 e=[4,2,1,1,1,1] lam=[8,2,1,1]
E=10 L=12 e=[4,2,2,1,1] lam=[7,1,1,1,1,1]
E=10 L=12 e=[4,2,2,1,1] lam=[7,2,1,1,1]
E=10 L=12 e=[4,2,2,1,1] lam=[7,2,2,1]
E=10 L=12 e=[4,2,2,1,1] lam=[7,3,1,1]
E=10 L=12 e=[4,2,2,2] lam=[6,1,1,1,1,1,1]
E=10 L=12 e=[4,2,2,2] lam=[6,2,1,1,1,1]
E=10 L=12 e=[4,2,2,2] lam=[6,2,2,1,1]
E=10 L=12 e=[4,2,2,2] lam=[6,2,2,2]
E=10 L=12 e=[4,2,2,2] lam=[6,3,1,1,1]
E=10 L=12 e=[4,2,2,2] lam=[6,3,2,1]
E=10 L=12 e=[4,2,2,2] lam=[6,4,1,1]
E=10 L=12 e=[4,3,1,1,1] lam=[7,1,1,1,1,1]
E=10 L=12 e=[4,3,1,1,1] lam=[7,2,1,1,1]
E=10 L=12 e=[4,3,1,1,1] lam=[7,2,2,1]
E=10 L=12 e=[4,3,2,1] lam=[6,1,1,1,1,1,1]
E=10 L=12 e=[4,3,2,1] lam=[6,2,1,1,1,1]
E=10 L=12 e=[4,3,2,1] lam=[6,2,2,1,1]
E=10 L=12 e=[4,3,2,1] lam=[6,2,2,2]
E=10 L=12 e=[4,3,2,1] lam=[6,3,1,1,1]
E=10 L=12 e=[4,3,2,1] lam=[6,3,2,1]
E=10 L=12 e=[4,3,3] lam=[5,1,1,1,1,1,1,1]
E=10 L=12 e=[4,3,3] lam=[5,2,1,1,1,1,1]
E=10 L=12 e=[4,3,3] lam=[5,2,2,1,1,1]
E=10 L=12 e=[4,3,3] lam=[5,2,2,2,1]
E=10 L=12 e=[4,3,3] lam=[5,3,1,1,1,1]
E=10 L=12 e=[4,3,3] lam=[5,3,2,1,1]
E=10 L=12 e=[4,3,3] lam=[5,3,2,2]
E=10 L=12 e=[4,3,3] lam=[5,3,3,1]
E=10 L=12 e=[4,4,1,1] lam=[6,1,1,1,1,1,1]
E=10 L=12 e=[4,4,1,1] lam=[6,2,1,1,1,1]
E=10 L=12 e=[4,4,1,1] lam=[6,2,2,1,1]
E=10 L=12 e=[4,4,1,1] lam=[6,2,2,2]
E=10 L=12 e=[4,4,2] lam=[5,1,1,1,1,1,1,1]
E=10 L=12 e=[4,4,2] lam=[5,2,1,1,1,1,1]
E=10 L=12 e=[4,4,2] lam=[5,2,2,1,1,1]
E=10 L=12 e=[4,4,2] lam=[5,2,2,2,1]
E=10 L=12 e=[4,4,2] lam=[5,3,1,1,1,1]
E=10 L=12 e=[4,4,2] lam=[5,3,2,1,1]
E=10 L=12 e=[4,4,2] lam=[5,3,2,2]
E=10 L=12 e=[5,1,1,1,1,1] lam=[8,1,1,1,1]
E=10 L=12 e=[5,2,1,1,1] lam=[7,1,1,1,1,1]
E=10 L=12 e=[5,2,1,1,1] lam=[7,2,1,1,1]
E=10 L=12 e=[5,2,2,1] lam=[6,1,1,1,1,1,1]
E=10 L=12 e=[5,2,2,1] lam=[6,2,1,1,1,1]
E=10 L=12 e=[5,2,2,1] lam=[6,2,2,1,1]
E=10 L=12 e=[5,2,2,1] lam=[6,3,1,1,1]
E=10 L=12 e=[5,3,1,1] lam=[6,1,1,1,1,1,1]
E=10 L=12 e=[5,3,1,1] lam=[6,2,1,1,1,1]
E=10 L=12 e=[5,3,1,1] lam=[6,2,2,1,1]
E=10 L=12 e=[5,3,2] lam=[5,1,1,1,1,1,1,1]
E=10 L=12 e=[5,3,2] lam=[5,2,1,1,1,1,1]
E=10 L=12 e=[5,3,2] lam=[5,2,2,1,1,1]
E=10 L=12 e=[5,3,2] lam=[5,2,2,2,1]
E=10 L=12 e=[5,3,2] lam=[5,3,1,1,1,1]
E=10 L=12 e=[5,3,2] lam=[5,3,2,1,1]
E=10 L=12 e=[5,4,1] lam=[5,1,1,1,1,1,1,1]
E=10 L=12 e=[5,4,1] lam=[5,2,1,1,1,1,1]
E=10 L=12 e=[5,4,1] lam=[5,2,2,1,1,1]
E=10 L=12 e=[5,4,1] lam=[5,2,2,2,1]
E=10 L=12 e=[5,5] lam=[4,1,1,1,1,1,1,1,1]
E=10 L=12 e=[5,5] lam=[4,2,1,1,1,1,1,1]
E=10 L=12 e=[5,5] lam=[4,2,2,1,1,1,1]
E=10 L=12 e=[5,5] lam=[4,2,2,2,1,1]
E=10 L=12 e=[5,5] lam=[4,2,2,2,2]
E=10 L=12 e=[6,1,1,1,1] lam=[7,1,1,1,1,1]
E=10 L=12 e=[6,2,1,1] lam=[6,1,1,1,1,1,1]
E=10 L=12 e=[6,2,1,1] lam=[6,2,1,1,1,1]
E=10 L=12 e=[6,2,2] lam=[5,1,1,1,1,1,1,1]
E=10 L=12 e=[6,2,2] lam=[5,2,1,1,1,1,1]
E=10 L=12 e=[6,2,2] lam=[5,2,2,1,1,1]
E=10 L=12 e=[6,2,2] lam=[5,3,1,1,1,1]
E=10 L=12 e=[6,3,1] lam=[5,1,1,1,1,1,1,1]
E=10 L=12 e=[6,3,1] lam=[5,2,1,1,1,1,1]
E=10 L=12 e=[6,3,1] lam=[5,2,2,1,1,1]
E=10 L=12 e=[6,4] lam=[4,1,1,1,1,1,1,1,1]
E=10 L=12 e=[6,4] lam=[4,2,1,1,1,1,1,1]
E=10 L=12 e=[6,4] lam=[4,2,2,1,1,1,1]
E=10 L=12 e=[6,4] lam=[4,2,2,2,1,1]
E=10 L=12 e=[7,1,1,1] lam=[6,1,1,1,1,1,1]
E=10 L=12 e=[7,2,1] lam=[5,1,1,1,1,1,1,1]
E=10 L=12 e=[7,2,1] lam=[5,2,1,1,1,1,1]
E=10 L=12 e=[7,3] lam=[4,1,1,1,1,1,1,1,1]
E=10 L=12 e=[7,3] lam=[4,2,1,1,1,1,1,1]
E=10 L=12 e=[7,3] lam=[4,2,2,1,1,1,1]
E=10 L=12 e=[8,1,1] lam=[5,1,1,1,1,1,1,1]
E=10 L=12 e=[8,2] lam=[4,1,1,1,1,1,1,1,1]
E=10 L=12 e=[8,2] lam=[4,2,1,1,1,1,1,1]
E=10 L=12 e=[9,1] lam=[4,1,1,1,1,1,1,1,1]
E=10 L=12 e=[10] lam=[3,1,1,1,1,1,1,1,1,1]
  roster written to: $HOME/workspace/claudecode/automath/problems/wowii/w61_r22_h34_second_roster.txt
  roster line count: computed=791 survivor total=791 PASS

========================================================================
CHECK A : PASS
CHECK B : PASS
H4      : computed=131 expected=131 PASS   (histogram total 1002 vs 1002)
H3 total: computed=791 expected=791 PASS
H3 per-E: PASS
SHAPES  : computed=98384 expected=98384 PASS
ELAPSED : 0.76
========================================================================
ALL CHECKS PASSED: YES
