====================================================================================================
w61 r46 -- E47 harvested (BURNED); the capped-mass dictionary, OM-MONO, OM-DEC and
           Theorem CAP-STEP-MONO.  Interpreter .venv/bin/python3 (no sympy, no networkx).
====================================================================================================
population: 869 partitions of N <= 16 with <= 10 parts ; 181 of them TERMINATE

[0d] E47's load-bearing equivalence 'dominance <=> conjugate pointwise <=', MEASURED.
     For partitions of the SAME N, conjugate pointwise <= forces EQUALITY, so the
     equivalence cannot hold; and pointwise <= is CONTAINMENT, a different order.
     equal-sum ordered pairs tested                 : 8310
     satisfying conjugate POINTWISE <=              : 0
     satisfying DOMINANCE                           : 2683
     pairs where the two verdicts DISAGREE          : 2683   e.g. ((2, 1, 1), (1, 1, 1, 1), (3, 1), (4,))
    [ok] CORRUPT CONTROL: E47's equivalence is FALSE on equal-sum pairs (disagreements exist) hits=2683
    [ok] CONTROL: dominance pairs at equal sums are non-vacuous                               hits=2683

[1] (CAP-STEP)  c_m(hh X) = c_m(X) - d - min(d,m) + min(rho_{m+1}(X), d).
    Verified against the lifted stepA on every partition of the population whose step
    is legal, at every level m from 0 to max+2.  A CORRUPT variant that drops the cap
    at d must mispredict.
    instances checked : 2499 ; agreements : 2499 ; MISPREDICTIONS : 0   e.g. None
    corrupt variant (cap at d removed) mispredictions : 348
    [ok] CORRUPT CONTROL: dropping the cap at d breaks (CAP-STEP)                             hits=348
    [ok] CONTROL: (CAP-STEP) was tested on a non-empty population                             hits=2499

[1b] (CAP-DROP) hh(X) <| X, and (CAP-TAIL) c_m(rest X) = c_m(X) - min(d,m).
    (CAP-DROP) : 368 / 368 hold ; violations 0
    (CAP-TAIL) : 2131 / 2131 hold ; violations 0

[2a] At EQUAL sums, X <| Y is exactly X >= Y in dominance.  Censused on every
     equal-sum ordered pair of the population.
     pairs where <| and dominance AGREE : 8310 ; DISAGREE : 0   e.g. None
     sec 90 breakdown -- the verdict could have gone either way on BOTH sides:
       pairs where dominance is TRUE : 2683 ; where it is FALSE : 5627

[2b] <| gives sum(X) <= sum(Y) -- the (DOM-MAJ) conclusion at k = 0 -- and it is
     STRICTLY weaker than dominance once the sums may differ.
     terminating pairs with A <| B : 11781 ; of them sum(A) <= sum(B) : 11781 ; unequal sums : 8916
    [ok] CONTROL: <| reaches genuinely unequal-sum pairs (it is not dominance in disguise)    hits=8916

[2c] <| is generated by 'delete a unit' and 'move a unit UP': both moves lower every
     c_m, and the two together reach every <|-pair.  The two moves are censused here.
     generator instances : 20862 ; failures : 0
     CONVERSE, which is the half that makes 'generated' a claim and not a remark:
     for every <|-pair A <| B with A != B there is a SINGLE such move B -> C with
     A <| C <| B and C != B.  Censused (not assumed).
     <|-pairs with A != B : 237069 ; with NO single move towards A : 0   e.g. None
    [ok] CONTROL: the converse census is non-vacuous                                          hits=237069

[3] LEMMA OM-MONO (PROVED): X <| Y and both with >= d positive entries ==> Om_d X <| Om_d Y.
    <|-form   : instances 919823 ; failures 0   e.g. None
    dominance-form (equal sums) : instances 18505 ; failures 0
    instances where the REVERSE also holds (so the census is not trivially two-sided) : 7622
    [ok] CONTROL: OM-MONO was tested on a non-empty population                                hits=919823
    MY OWN LABELLING DEFECT, DISCLOSED.  I first wrote the next block as a CORRUPT
    control -- 'mixing two different d's must fail'.  It must NOT: Om_d X <| Om_e Y for
    d >= e is exactly OM-DEC followed by OM-MONO, so a failure here would refute one of
    the two lemmas.  It is re-labelled a COROLLARY CHECK and must come back SILENT.
      COROLLARY CHECK  Om_d X <| Om_{d-1} Y : instances 681885 ; failures 0
    [ok] COROLLARY CHECK (OM-DEC then OM-MONO): silent, as the two lemmas require             hits=0

[4] LEMMA OM-DEC (PROVED): d >= e and Z with >= d positive entries ==> Om_d Z <| Om_e Z.
    instances 16090 ; failures 0   e.g. None
    instances with d > e where the REVERSE also holds : 0
    [ok] CONTROL: OM-DEC has strict instances (the reverse does not always hold)              hits=16090

[5] THEOREM CAP-STEP-MONO (PROVED): A <| B, both steps legal, max A >= max B
    ==> hh A <| hh B.  Censused over EVERY <|-pair of the population, terminating or
    not, with both steps legal.
    with max A >= max B : instances 24365 ; FAILURES 0   e.g. None
    sec 90 split of those instances: max A = max B : 11583  (OM-DEC idle, OM-MONO alone)
                                     max A > max B : 12782  (OM-DEC doing real work)
    CORRUPT CONTROL, the same statement with max A < max B :
      instances 20447 ; failures 6793   e.g. ((1, 1, 1), (2, 1, 1), (1,), ())
    [ok] CONTROL: the theorem's hypothesis is satisfiable (non-empty census)                  hits=24365
    [ok] CORRUPT CONTROL: dropping 'max A >= max B' BREAKS the theorem -- so that hypothesis is doing real work hits=6793

[5b] COROLLARY PLATEAU: dominance + equal sums + equal maxima ==> dominance of the
     successors.  This is the statement E47's trace was reaching for.
     equal-maxima dominance pairs : 829 ; successors NOT in dominance : 0
     unequal-maxima dominance pairs : 1854 ; of those, successors still in dominance : 0
    [ok] CONTROL: unequal-maxima dominance pairs exist, and their successors leave dominance (the maxima hypothesis is not vacuous) hits=1854

[5c] THE SHARPEST FORM OF THE ROUND'S POINT.  Over equal-sum DOMINANCE pairs whose
     steps are both legal: how often does the step DESTROY dominance, and in how many
     of those very instances does <| survive?  This is why the coordinates matter.
     dominance SURVIVES the step : 829
     dominance is DESTROYED      : 1854
     of those, <| ALSO destroyed  : 0
    [ok] CONTROL: dominance really is destroyed by the step -- so the 0 above is a statement  hits=1854

[5d] THREE CLAIMS FROM E47's TRACE, ADJUDICATED AGAINST THIS STEP.
     (i)  its counterexample to step-monotonicity, A=(4,2,2,2) vs B=(3,3,2,2):
          step((4,2,2,2)) = None   -- the rest has 3 entries and the pivot is 4, so the
          step ABORTS and the pair cannot witness anything.  E47 wrote 'd = 4 = len(rest)'.
     (ii) its own refutation of its C_m family, A=(3,3,2,1,1) vs B=(2,2,2,2,2):
          k=0  a=(3, 3, 2, 1, 1) b=(2, 2, 2, 2, 2)  g=0  2*(prefix_m B - prefix_m A) for m=1,2,3 = [-2, -4, -4]  dominance=True  <|=True
          k=1  a=(2, 1, 1) b=(2, 2, 1, 1)  g=2  2*(prefix_m B - prefix_m A) for m=1,2,3 = [0, 2, 2]  dominance=False  <|=True
          k=2  a=() b=(1, 1)  g=2  2*(prefix_m B - prefix_m A) for m=1,2,3 = [2, 4, 4]  dominance=False  <|=True
          CONFIRMED: at k=2 the gap is 2 and the m=2 demand is 4, so C_m dies on a
          REACHABLE pair -- while <| holds at every k.  E47's own refutation stands.
     (iii) its claim that (3,2,2,1) is graphic but ABORTS under this step:
          trajectory = [(3, 2, 2, 1), (1, 1), ()] ; runA = (2, 2) ; runB = (2, 2)  -- it TERMINATES; the claim is FALSE

[6] THE JOINT WALK from every equal-sum dominance pair of TERMINATING partitions of
    N <= 16 with <= 10 parts.  Three things are counted: whether <| survives; how many
    joint states have A's maximum already BELOW B's (the residue the theorem does not
    reach); and how many PAIRS are covered end-to-end, hence PROVED by the corollary.
    dominance pairs walked                          : 2683
    joint states visited                            : 7787
    <| VIOLATIONS along the trajectories            : 0   e.g. None
    joint states with A non-terminal                : 7787   (equals the line above BY
      CONSTRUCTION -- the walk stops before pushing a terminal state, so this is not an
      independent measurement and is printed only to make that explicit)
    of those, states with max(A) < max(B)  [RESIDUE]: 591   e.g. ((3, 2, 2, 1), (2, 2, 2, 2), 1, (1, 1), (2, 1, 1))
    PAIRS covered end-to-end by CAP-STEP-MONO       : 2111 of 2683  -- (DOM-MAJ) PROVED
    PAIRS left to the residue                       : 572
    [ok] CONTROL: the walk visited states (non-vacuous)                                       hits=7787
    [ok] CORRUPT CONTROL: max(A) >= max(B) DOES fail along these very trajectories, so the end-to-end coverage count is not an artefact hits=591

[7] FOUR CANDIDATE REPAIRS FOR THE RESIDUE.  Three are mine, one is E47's.  ALL FOUR
    ARE REFUTED BY THIS RUN.  Each is reported with the population it died on.
    <| alone               pairs  11599 ; CLOSURE VIOLATIONS  1216   e.g. ((1, 1, 1, 1), (3, 1, 1, 1), (1, 1), ())
    <| and (C2)            pairs  10780 ; CLOSURE VIOLATIONS   513   e.g. ((1, 1, 1, 1, 1, 1), (3, 3, 1, 1, 1, 1), (1, 1, 1, 1), (2, 1, 1))
    <|,(C2),E47's (C3)     pairs   9919 ; CLOSURE VIOLATIONS   515   e.g. ((1, 1), (1, 1, 1, 1), (), (1, 1))
    phase-shifted <| (mine) pairs   7432 ; CLOSURE VIOLATIONS   653   e.g. ((2, 2, 2), (2, 2, 2, 2), (1, 1), (2, 1, 1))
    [ok] CORRUPT CONTROL: every one of the four candidate repairs is REFUTED by its own run   hits=513

[7b] TWO FURTHER STATEMENTS OF MINE, BOTH REFUTED, both on TERMINATING pairs.
     (DM-CAP-MAX)  A <| B and max A >= max B AT THE START ==> sum(A^(k)) <= sum(B^(k)).
     pairs 6518 ; VIOLATIONS 30   smallest-seen ((4, 2, 2, 2, 2), (4, 4, 2, 2, 2))
     (TRUNC)  capping B at a level e sheds no faster than B itself.
     instances 230 ; VIOLATIONS 150   e.g. ((3, 1, 1, 1), 1, (1, 1, 1, 1))
    [ok] CORRUPT CONTROL: (DM-CAP-MAX) is refuted by its own run                              hits=30
    [ok] CORRUPT CONTROL: (TRUNC) is refuted by its own run                                   hits=150

[7c] (DOM-MAJ) itself, re-censused in these coordinates as a standing check.
     equal-sum dominance pairs of terminating partitions : 2683 ; violations : 0
    [ok] CONTROL: (DOM-MAJ) census non-vacuous                                                hits=2683

====================================================================================================
ELAPSED 31.01 s / 240 s internal limit ; PARTIAL=False ; diffed runA/runB calls 181
CONTROLS 19/19 firing ; DEFECTS 0
EXIT=0   (this is the script's own FLAG line, not the process exit code, which is 0)
