pass 2 -- CLASS A additions (quoted retraction, marker applied):
   marked  | 5 | §7.31 (g)3 | *"Family 2 for GFANν … closes the S3 surface of WOWII-61"*
   marked  | 8 | §7.38 (g)1 | *"it is now **the only thing** between WOWII-61 and a closed S3 surface
   marked  | 9 | `HANDOVER.md` heading | *"WOWII-61 — **唯一残余** = GFAN 族第二族轮"* |
   marked  | 11 | `orchestration/STATUS.md` banner | *"WOWII-61 的 S3 面**只差一个族轮**就全闭"* |
   marked  | 12 | `orchestration/STATUS.md` item 1 | *"w61 的 S3 面**只差一个族轮**而族席已空"* |
   marked  GFANν-HC, **because that is what closes the S3 surface**"*. **That reason is the dropped
   marked  closed S3 surface"*. **AH3's sweep missed it because it says "only statement standing

POSITIVE CONTROL: each string fires bare, is exempt marked
   all pass: True

FINAL unmarked G2 occurrences: 15  (each adjudicated B/C/D by reading)
    5366 **So the S3 surface does NOT close this cycle.** What closes it is one round on a
    5532 ### (c) **TOP RESUME POINTER — the one re-round that closes the GFAN family's S3 surface** 〔
    5564 > family's S3 surface closes down to one round** — the ten statements above reach two
    5566 > S3 surface does NOT close**: the five §7.25 statements stand at `0` S3 rounds and
    5720 ox-alpha never counts. If all land clean the **GFAN family's** S3 surface closes 〔**AH3
    6102 ### (o) **TOP RESUME POINTER — the one round that closes the GFAN family's S3 surface** 〔hea
    6542 > family 2. This is the round that closes the GFAN family's S3 surface** (**not**
    8580 1. **Corollary GFANν-HC needs family 2, and it is the only thing between the GFAN family
    8581 and a closed S3 surface** — **not** between WOWII-61 and one: item 5 of this same list
    8607 ### (a) **What this round is, and what it is the only thing between** 〔**AH3 class,
    8615 between", not "only thing between"** — the interposition species of RULING CZ, one
    8842 ## §7.40 owner-w61 round 25: **Q38 HARVESTED — void gate `5/5` EXACT including BOTH non-hand
   10283 ## §7.45 owner-w61 round 30: **RULING CS applied across the line — the carrier sweep does NO
   10507 1. **Neither candidate closes WOWII-61's S3 surface.** Under (b)'s corrected arithmetic,
   10635 | **G2** | the AH3 closure over-claim, EN **and** ZH (`closes … S3 surface`, `only thing bet
