==========================================================================================================
w61 r47b -- the candidate CERTIFICATE  D* = <| ^ dist<=2 ^ (C2), and its closure
==========================================================================================================

[N<=16] population: 869 partitions of N <= 16 with <= 10 parts ; 181 TERMINATE
    <| alone                           pairs   11599 ; CLOSURE VIOLATIONS   1216   smallest ((1, 1, 1, 1), (3, 1, 1, 1), (1, 1), ())
    <| ^ (C2)                          pairs   10780 ; CLOSURE VIOLATIONS    513   smallest ((1, 1, 1, 1, 1, 1), (3, 3, 1, 1, 1, 1), (1, 1, 1, 1), (2, 1, 1))
    <| ^ dist<=2                       pairs    1537 ; CLOSURE VIOLATIONS    115   smallest ((1, 1, 1, 1), (3, 1, 1, 1), (1, 1), ())
    D* = <| ^ dist<=2 ^ (C2)           pairs    1474 ; CLOSURE VIOLATIONS     64   smallest ((2, 2, 2, 1, 1), (3, 3, 2, 1, 1), (1, 1, 1, 1), (2, 1, 1))
    [ok] [N<=16] CORRUPT CONTROL: dropping dist<=2 breaks closure, so it is load-bearing            hits=513
    [ok] [N<=16] CORRUPT CONTROL: dropping (C2) breaks closure, so it is load-bearing               hits=115
    [ok] [N<=16] CONTROL: D* is non-empty on this population                                        hits=1474
    ==> D* closure violations on [N<=16] : 64
    transfer edges inside the terminating set : 567 ; NOT in D* : 0
    [ok] [N<=16] CONTROL: the transfer-edge population is non-empty                                 hits=567

    SHAPES of the padded difference B^(k) - A^(k) along all 567 transfer walks:
    {'TR': 771, 'EQ': 468, 'TWO@2,3': 212, 'TWO@0,2': 12, 'TWO@4,5': 93, 'TWO@0,1': 15, 'TWO@0,4': 30, 'TWO@6,7': 18, 'TWO@1,3': 7, 'TWO@3,4': 23, 'TWO@1,2': 11, 'TWO@1,5': 11, 'TWO@0,6': 14, 'TWO@0,3': 8, 'DBL@3': 1, 'TWO@2,4': 6, 'TWO@5,6': 12, 'TWO@2,6': 6, 'TWO@1,7': 6, 'TWO@0,8': 5, 'TWO@1,4': 4, 'TWO@0,5': 4, 'TWO@3,5': 3, 'TWO@7,8': 2, 'TWO@3,7': 1, 'TWO@2,8': 1}
    max L1 distance anywhere on a transfer walk : 2
    (delta, g) at inversion states of transfer walks : {(1, 2): 88}
    [ok] [N<=16] CONTROL: transfer walks were actually walked                                       hits=1744

    (HH-LIP) from inside D*, dist(hh a, hh b) <= 2 : 1474 instances, 0 violations None
    [ok] [N<=16] CONTROL: (HH-LIP) was tested on a non-empty set                                    hits=1474

    THE ASSEMBLED ARGUMENT, executed as a certification of every transfer edge:
    invariant D*; at each state either max A >= max B (CAP-STEP-MONO closes the step)
    or the state is an inversion, and then D* must carry it.  Count what each does.
    transfer edges certified end-to-end by D* : 567 of 567   (failures 0)
    steps closed by CAP-STEP-MONO (max A >= max B) : 1656
    steps closed only by the D* invariant (inversions) : 88
    [ok] [N<=16] CONTROL: the inversion branch is actually exercised, so D* is doing work CAP-STEP-MONO cannot hits=88

    (DOM-MAJ) re-derived through the reduction ONLY: chain each dominance pair down
    transfer edges and compose.  Any failure here breaks the reduction, not the data.
    dominance pairs 2683 ; NOT reachable by a chain of certified transfer edges : 0
    [ok] [N<=16] CONTROL: the reduction was exercised on a non-empty set                            hits=2683

----------------------------------------------------------------------------------------------------------
SECOND POPULATION -- the same closure test at a LARGER size, so that a clean result at
N <= 16 cannot be an artefact of the size that produced it (doctrine sec 111).

[N<=20] population: 2593 partitions of N <= 20 with <= 12 parts ; 531 TERMINATE
    <| alone                           pairs   90528 ; CLOSURE VIOLATIONS  10269   smallest ((1, 1, 1, 1), (3, 1, 1, 1), (1, 1), ())
    <| ^ (C2)                          pairs   84137 ; CLOSURE VIOLATIONS   5348   smallest ((1, 1, 1, 1, 1, 1), (3, 3, 1, 1, 1, 1), (1, 1, 1, 1), (2, 1, 1))
    <| ^ dist<=2                       pairs    5727 ; CLOSURE VIOLATIONS    450   smallest ((1, 1, 1, 1), (3, 1, 1, 1), (1, 1), ())
    D* = <| ^ dist<=2 ^ (C2)           pairs    5517 ; CLOSURE VIOLATIONS    304   smallest ((2, 2, 2, 1, 1), (3, 3, 2, 1, 1), (1, 1, 1, 1), (2, 1, 1))
    [ok] [N<=20] CORRUPT CONTROL: dropping dist<=2 breaks closure, so it is load-bearing            hits=5348
    [ok] [N<=20] CORRUPT CONTROL: dropping (C2) breaks closure, so it is load-bearing               hits=450
    [ok] [N<=20] CONTROL: D* is non-empty on this population                                        hits=5517
    ==> D* closure violations on [N<=20] : 304
    transfer edges inside the terminating set : 2233 ; NOT in D* : 0
    [ok] [N<=20] CONTROL: the transfer-edge population is non-empty                                 hits=2233

    SHAPES of the padded difference B^(k) - A^(k) along all 2233 transfer walks:
    {'TR': 3324, 'EQ': 2313, 'TWO@2,3': 914, 'TWO@0,2': 42, 'TWO@4,5': 523, 'TWO@0,1': 67, 'TWO@0,4': 104, 'TWO@6,7': 199, 'TWO@1,3': 20, 'TWO@3,4': 88, 'TWO@1,2': 56, 'TWO@1,5': 44, 'TWO@0,6': 77, 'TWO@8,9': 40, 'TWO@0,3': 22, 'DBL@3': 1, 'TWO@2,4': 11, 'TWO@5,6': 68, 'TWO@2,6': 23, 'TWO@1,7': 28, 'TWO@0,8': 35, 'TWO@1,4': 16, 'TWO@0,5': 27, 'TWO@3,5': 12, 'TWO@7,8': 26, 'TWO@3,7': 11, 'TWO@2,8': 13, 'TWO@1,9': 12, 'TWO@0,10': 8, 'TWO@2,5': 10, 'TWO@1,6': 14, 'DBL@4': 2, 'TWO@0,7': 11, 'TWO@4,6': 5, 'TWO@9,10': 5, 'TWO@4,8': 5, 'TWO@3,9': 6, 'TWO@2,10': 6, 'TWO@3,6': 4, 'TWO@2,7': 5, 'TWO@1,8': 5, 'TWO@0,9': 2, 'TWO@5,7': 2, 'TWO@5,9': 1, 'TWO@4,10': 1}
    max L1 distance anywhere on a transfer walk : 2
    (delta, g) at inversion states of transfer walks : {(1, 2): 395}
    [ok] [N<=20] CONTROL: transfer walks were actually walked                                       hits=8208

    (HH-LIP) from inside D*, dist(hh a, hh b) <= 2 : 5517 instances, 0 violations None
    [ok] [N<=20] CONTROL: (HH-LIP) was tested on a non-empty set                                    hits=5517

    THE ASSEMBLED ARGUMENT, executed as a certification of every transfer edge:
    invariant D*; at each state either max A >= max B (CAP-STEP-MONO closes the step)
    or the state is an inversion, and then D* must carry it.  Count what each does.
    transfer edges certified end-to-end by D* : 2233 of 2233   (failures 0)
    steps closed by CAP-STEP-MONO (max A >= max B) : 7813
    steps closed only by the D* invariant (inversions) : 395
    [ok] [N<=20] CONTROL: the inversion branch is actually exercised, so D* is doing work CAP-STEP-MONO cannot hits=395

    (DOM-MAJ) re-derived through the reduction ONLY: chain each dominance pair down
    transfer edges and compose.  Any failure here breaks the reduction, not the data.
    dominance pairs 19744 ; NOT reachable by a chain of certified transfer edges : 0
    [ok] [N<=20] CONTROL: the reduction was exercised on a non-empty set                            hits=19744

==========================================================================================================
ELAPSED 1.58 s / 420 s internal limit ; PARTIAL=False ; runA/runB diffed 712 ; stepA/stepC diffed 7320
CONTROLS 16/16 firing ; DEFECTS 0
D* closure violations : N<=16 -> 64 ; N<=20 -> 304
EXIT=0   (script's own FLAG line; the process exit code is 0)
