[A n<=7 exhaustive] graphs=995 reductio(residue=alpha)=554 fails=0
[+B n=8 exhaustive cover] graphs=109326 reductio(residue=alpha)=36108 fails=0
[+C random n=9..12] graphs=111983 reductio(residue=alpha)=36287 fails=0
[+D structured] graphs=112052 reductio(residue=alpha)=36322 fails=0
[KB] t=0 trajectories checked: 57279 (hs==e_B enforced)
[CNT2] slack histogram (bound - m), reductio graphs: {0: 1468, 1: 1927, 2: 2458, 3: 3414, 4: 4817, 5: 5809, 6: 5571, 7: 4845, 8: 3577, 9: 1581, 10: 572, 11: 190, 12: 59, 13: 16, 14: 7, 15: 2, 16: 3, 18: 1, 20: 1, 21: 1, 22: 2, 45: 1}
[HS] per (tau, t=|A cap K|>=1): (min, max of hs - e_B, #cases):
     tau=1 t=1: min=0 max=0 n=4
     tau=2 t=1: min=-1 max=1 n=145
     tau=2 t=2: min=0 max=0 n=2
     tau=3 t=1: min=-2 max=2 n=3474
     tau=3 t=2: min=-2 max=2 n=290
     tau=3 t=3: min=0 max=0 n=1
     tau=4 t=1: min=-3 max=3 n=34436
     tau=4 t=2: min=-4 max=4 n=12514
     tau=4 t=3: min=-3 max=3 n=600
     tau=4 t=4: min=0 max=0 n=2
     tau=5 t=1: min=-4 max=4 n=252810
     tau=5 t=2: min=-6 max=6 n=242549
     tau=5 t=3: min=-6 max=4 n=32528
     tau=5 t=4: min=-2 max=2 n=8
     tau=6 t=1: min=-5 max=5 n=69970
     tau=6 t=2: min=-5 max=6 n=59150
     tau=6 t=3: min=-4 max=5 n=282
     tau=6 t=4: min=-2 max=3 n=13
     tau=7 t=1: min=-5 max=4 n=910
     tau=7 t=2: min=-5 max=5 n=1215
     tau=7 t=3: min=-6 max=7 n=271
     tau=7 t=4: min=-5 max=3 n=35
     tau=8 t=1: min=-3 max=4 n=348
     tau=8 t=2: min=-5 max=6 n=492
     tau=8 t=3: min=-4 max=5 n=95
     tau=9 t=1: min=-3 max=3 n=206
     tau=9 t=2: min=-5 max=4 n=332
     tau=9 t=3: min=-6 max=5 n=31
     tau=10 t=1: min=-1 max=3 n=60
     tau=10 t=2: min=-2 max=4 n=89
     tau=12 t=1: min=0 max=0 n=14
     tau=12 t=2: min=0 max=0 n=38
     tau=12 t=3: min=0 max=0 n=43
[HS] top (hs - e_B - t) witnesses:
      (4, 8, ((0, 1), (0, 3), (0, 4), (1, 2), (1, 3), (1, 4), (2, 3), (2, 4), (2, 5), (2, 6), (3, 4), (7, 1), (7, 3), (7, 4), (7, 5)), 5, 2, 3, 9, (4, 5), (1, 2))
      (4, 8, ((0, 1), (0, 2), (0, 3), (0, 4), (1, 2), (1, 3), (1, 4), (2, 3), (2, 4), (3, 5), (4, 5), (4, 6), (7, 0), (7, 1), (7, 2)), 5, 2, 3, 9, (4, 5), (1, 2))
      (4, 8, ((0, 1), (0, 2), (0, 3), (0, 4), (1, 2), (1, 3), (1, 4), (1, 6), (2, 3), (2, 4), (3, 4), (5, 6), (7, 0), (7, 2), (7, 3), (7, 4), (7, 5), (7, 6)), 6, 2, 7, 13, (5, 6), (2, 3))
      (4, 8, ((0, 1), (0, 3), (0, 4), (0, 5), (0, 6), (1, 2), (1, 3), (1, 4), (2, 3), (2, 4), (3, 4), (5, 6), (7, 0), (7, 1), (7, 2), (7, 3), (7, 4)), 6, 2, 7, 13, (4, 6), (2, 2))
      (4, 8, ((0, 1), (0, 3), (0, 4), (0, 5), (0, 6), (1, 2), (1, 3), (1, 4), (2, 3), (2, 4), (3, 4), (5, 6), (7, 0), (7, 1), (7, 2), (7, 3), (7, 4)), 6, 2, 7, 13, (4, 6), (2, 2))
[HC] residual hard core (reductio & diam=4 & f=alpha+1 & non-forest), per tau (graph,A)-pairs: {}
[HC] (tau, l=|B_lo|) histogram: {}
[HC] residual hard-core cases with ALL B-degrees >= tau+1 (l=0): 0   (CNT2+CLIQ predict 0 unless B is a clique)
[HC] l=1 witnesses (n, edges, tau, b, deg b, deg_A b, #nonnbrs of b in B, missing hi-edges):
