==============================================================================
0. TWO IMPLEMENTATIONS, DIFFED BEFORE ANY VERDICT
==============================================================================
   population diffed : 4993 lists (partition-derived + shape + random)
   disagreements A vs B : 0
   PRE-FIX IMPL B  vs IMPL A : 417 disagreements  (this stopped the run)
     smallest witness [4, 3, 2, 2, 1] : A=(2, 3)  pre-fix B=(3, 2)  fixed B=(2, 3)
   FIXED  IMPL B  vs IMPL A : 0 disagreements
   both directions: the pre-fix parser is WRONG on the very population that
   caught it, and the fixed one agrees with IMPL A everywhere on it.

==============================================================================
1. LEMMA C1-A  --  statement AND every intermediate list of its proof
==============================================================================
  1.1 statement: T(w) = w for even w, abort for odd w   (w = 0..80)
      w = 0..80 : mismatches = 0
  1.2 proof step 1:  [w]^(w+2) -> [w]^1 u [w-1]^w        (claimed for w >= 2)
      w = 2..60 : mismatches = 0
  1.3 proof step 2:  [w]^1 u [w-1]^w -> [w-2]^w = [w-2]^((w-2)+2)
      w = 2..60 : mismatches = 0
  1.4 proof recursion:  T(w) = 2 + T(w-2) for w >= 2      (even w only, odd aborts)
      even w = 2..60 : mismatches = 0
  1.5 proof base T(0) = 0 : 0
  1.6 proof base T(1): THE DRAFT PRINTS  [1]^3 -> [1,0,0].  Recomputed:
      actual one-step image of [1,1,1] = [1, 0]   (size 2)
      draft's claimed image            = [1, 0, 0]   (size 3)
   ** DEFECT C1-A/T1-trajectory  draft prints [1,0,0]; process gives [1, 0]. Each step deletes exactly ONE entry, so the image of a 3-entry list has 2 entries.
      abort still holds either way: T(1) = None
      and the SUCCESSOR of the true image [1,0] also aborts: None
  1.7 consequence: s0([2v]) = 2v for v = 1..30
      mismatches = 0

==============================================================================
2. LEMMA C1-A'  --  statement AND the W-descent its proof counts
==============================================================================
  2.1 statement: V(c) = c+1   (c = 1..90)
      c = 1..90 : mismatches = 0 ;  V(1) = 2
  2.2 proof step 1:  [c]^(c+3) -> [c]^2 u [c-1]^c  ( = W(c) )
      c = 1..60 : mismatches = 0   (so step 1 already lands on W(c))
  2.3 proof: W(t) -> W(t-1) for t >= 1, and W(0) = [0,0] is terminal
      t = 1..60 : mismatches = 0 ;  W(0) = [0, 0] ; stepA(W(0)) = TERMINAL
      W(1) = [1, 1, 0] clears in 1 step(s)
  2.4 THE COUNTING DECOMPOSITION the proof prints:  2 + ((c-1) - 1) + 1
      i.e. 2 steps, then (c-2) descent steps from W(c-1) down to W(1), then 1.
      c=1   after 2 steps the list is [0, 0]                   = W(0) ; claimed descent length = -1
      c=2   after 2 steps the list is [1, 1, 0]                = W(1) ; claimed descent length = 0
      c=3   after 2 steps the list is [2, 2, 1, 1]             = W(2) ; claimed descent length = 1
      c=6   after 2 steps the list is [5, 5, 4, 4, 4, 4, 4]    = W(5) ; claimed descent length = 4
   ** DEFECT C1-A'/decomposition  at c=1 the printed decomposition counts (c-1)-1 = -1 descent steps: after step 2 the run is at W(0)=[0,0], which is TERMINAL and lies BELOW the W(1) the proof descends to. Total 2+((c-1)-1)+1 = c+1 is still correct at c=1 only because the -1 cancels the +1.
  2.5 the uniform replacement:  step 1 lands on W(c); W(t)->W(t-1); W(0) terminal;
      hence V(c) = 1 + c with no case split.  Checked directly:
      c = 1..90 : mismatches = 0

==============================================================================
3. PROPOSITION C1-B  --  steps = |M| - residue, and the k+1 equivalence
==============================================================================
   partitions of n = 1..28 : 18459 ; terminating : 10268
   steps(M) != |M| - residue(M)          : 0
   s0 != (w+1+k) - residue               : 0
   (s0 = w)  XOR  (residue = k+1)        : 0

==============================================================================
4. COROLLARY C1-C  --  the imported FMS bound, machine-checked at small n
==============================================================================
   ALL graphs on 2..6 vertices : 33866 graphs ; residue > alpha violations : 0
   60000 random graphs on 7..9 vertices : violations = 0

==============================================================================
5. THEOREM C1-2  --  statement, recursion, base and parity
==============================================================================
   2485 pairs (1 <= c <= w <= 70) : mismatches = 0
   proof step 1 (c <= w-2):  [w]^(w+2) u [c] -> [w]^1 u [w-1]^w u [c]
      mismatches = 0
   proof step 2 (c <= w-2):  [w]^1 u [w-1]^w u [c] -> [w-2]^w u [c]
      mismatches = 0
   proof base U(c,c) = steps([c]^(c+3)) = c+1
      c = 1..70 : mismatches = 0
   proof parity: sum(M) = w(w+2)+c  and  sum(M) even <=> w+c even
      mismatches = 0
   proof rider: 'sum M = 2*sum(heads)' on every completed run (w,c), w <= 40
      mismatches = 0
   the '(2,1,1)' control: s0 = 3, lam_1 + 1 = 3, lam_1 + (k-1) = 4

==============================================================================
6. THE §7.25 (b) NUMERICAL PARAGRAPH  --  every figure re-enumerated
==============================================================================
   terminating cases, n = 1..28          : 10268   (draft says 10 268)
   k = 1 rows with residue != k+1        : 0  (of 14)
   k >= 2 rows with residue >  k         : 0  (of 10254)
   rows attaining residue = k            : 196   (draft says 196)
   violations of 's0 >= lam_1, equality iff k=1' : 0 ; min excess = 0

==============================================================================
7. NEW OBSERVATION -- M(lam) := [lam_1]^(lam_1+1) u lam is a STEP SEQUENCE
   iff  |lam| := sum(lam)  is EVEN.  (No prior art in draft or ledger.)
==============================================================================
   all partitions of n = 1..30 : 28628 tested ; counterexamples = 0
   Erdos-Gallai predicate vs the process, same population : disagreements = 0
   -> and E-G is satisfied at EVERY r for EVERY lam (the parity is the only obstruction):
      E-G inequality failures over all r, all lam, n <= 30 : 0
   consequence: the '10 268 terminating cases' of (b) is EXACTLY
      sum_{n even, n <= 28} p(n) -- a closed form, not a measurement:
      sum_{n=2,4,...,28} p(n) = 10268

==============================================================================
8. CONJECTURE C1 -- evidence pushed BEYOND the draft's n <= 28
==============================================================================
   n = 2  :      2 terminating, 0 violations of C1's strengthened form
   n = 4  :      5 terminating, 0 violations of C1's strengthened form
   n = 6  :     11 terminating, 0 violations of C1's strengthened form
   n = 8  :     22 terminating, 0 violations of C1's strengthened form
   n = 10 :     42 terminating, 0 violations of C1's strengthened form
   n = 12 :     77 terminating, 0 violations of C1's strengthened form
   n = 14 :    135 terminating, 0 violations of C1's strengthened form
   n = 16 :    231 terminating, 0 violations of C1's strengthened form
   n = 18 :    385 terminating, 0 violations of C1's strengthened form
   n = 20 :    627 terminating, 0 violations of C1's strengthened form
   n = 22 :   1002 terminating, 0 violations of C1's strengthened form
   n = 24 :   1575 terminating, 0 violations of C1's strengthened form
   n = 26 :   2436 terminating, 0 violations of C1's strengthened form
   n = 28 :   3718 terminating, 0 violations of C1's strengthened form
   n = 30 :   5604 terminating, 0 violations of C1's strengthened form
   n = 32 :   8349 terminating, 0 violations of C1's strengthened form
   n = 34 :  12310 terminating, 0 violations of C1's strengthened form
   n = 36 :  17977 terminating, 0 violations of C1's strengthened form
   TOTAL n <= 36 (even) : 54508 terminating cases, 0 violations

==============================================================================
9. ITEM 2 -- a first attack on C1 for k >= 3, and the counting fact it rests on
==============================================================================
   C1-C asks for ONE realization with alpha <= k.  alpha(G) <= k follows from a
   cover of V(G) by k cliques.  M has (w+1) + k vertices; assign s_i of the w+1
   pad vertices to part i and make {q_i} u S_i a clique.  That needs s_i <= lam_i
   with sum s_i = w+1, i.e. it needs sum(lam) >= lam_1 + 1.
   'sum(lam) >= lam_1 + 1 for every lam with k >= 2' : 28598 partitions, 0 failures
   (immediate: a second part is >= 1.  So the clique-cover assignment is never
    blocked by the counting condition -- what is unproved is that a realization
    of M CONTAINING those k cliques exists.)

   A PROVED special case of the same idea, checked here: if lam is itself
   graphical then K_{w+1} (disjoint) H realizes M and alpha = 1 + alpha(H) <= k,
   because H has an edge.  Verified by exhaustive alpha over small realizations:
   graphical lam with |M| <= 11 : 60 cases, C1 violations : 0

==============================================================================
VERDICT
==============================================================================
   2 DEFECT(S):
     - C1-A/T1-trajectory  draft prints [1,0,0]; process gives [1, 0]. Each step deletes exactly ONE entry, so the image of a 3-entry list has 2 entries.
     - C1-A'/decomposition  at c=1 the printed decomposition counts (c-1)-1 = -1 descent steps: after step 2 the run is at W(0)=[0,0], which is TERMINAL and lies BELOW the W(1) the proof descends to. Total 2+((c-1)-1)+1 = c+1 is still correct at c=1 only because the -1 cancels the +1.
done
