====================================================================================================
w61 r45 -- (G0-MAX): PROOF PLUS ONE PROFILE.  (DOM-MAJ): A CANDIDATE CLOSED INVARIANT.
built on r44 / ledger sec 7.59.  stepA/runA/runB and Wp/Wm/head_of/L_of/relation lifted
BY SOURCE TEXT; every runA is diffed against runB.
====================================================================================================

[0] CONTROLS AND KNOWN VALUES -- fired before any verdict
    [known] [1,1,0,0] (steps,residue)                                  = (1, 3)
    [known] relation() UNIT_DOWN                                       = UNIT_DOWN
    [known] relation() UP2                                             = UP2
    [known] pivots([1,1,0,0])                                          = (1,)
    [known] Wp(3)                                                      = (3, 3, 3, 2, 2, 2)
    [known] Wm(3)                                                      = (3, 3, 2, 2, 2, 2)
    |W| base partitions                      : 357
    |W+zeros| distinct zero-padded states    : 1428

[1] LEMMA G0-STEP -- at a UNIT_DOWN state with EQUAL maxima, the successor loses the
    maximum IFF profile (F1) or profile (F2).  Both profiles are stated in the header
    and are predicates on A ALONE plus the lowered index i1.
    Population: every zero-padded state of W, every pair (i1,i2) of sorted indices that
    realises a single unit moved down, with max(A)=max(B) and both steps legal.
    equal-max UNIT_DOWN steps examined              : 616
    ... of which L1 = L2+1, so the successors COINCIDE (UD-PERSIST's EQ exit) : 253
    ... successor levels L1->L2 predicted correctly : 616   WRONG 0
    ... of which the successor LOSES the maximum    : 257
    G0-STEP prediction correct                      : 616   WRONG 0
    shape of the failures                           : {'F1': 230, 'F2': 27}
    (I) => not-(F1):  (F1) needs A[d+1] < A[1]-1, while (I) gives A[d+1] >= A[0]-1 >= A[1]-1.
    ... (F1) instances that satisfy (I) : 0   (F2) instances that satisfy (I) : 27
    [ok] CONTROL: the failure event (max lost at a g=0 state) DOES occur in W                 hits=257
    [ok] CONTROL: profile (F1) is realised somewhere -- it is a SECOND shape r44 did not name hits=230
    [ok] CONTROL: profile (F2) (r44's danger band) is realised somewhere                      hits=27
    [ok] CORRUPT CONTROL: no failure is left unexplained by (F1)/(F2)                         hits=0
    [ok] CORRUPT CONTROL: (I) really does kill (F1) -- no (F1) instance satisfies (I)         hits=0
    [ok] CONTROL: (I) does NOT kill (F2) -- (F2) survives (I), which is why the band is the   hits=27

[2] LEMMA G0-FIRST -- the FIRST g=0 state, reached by GAP1's UNIT_DOWN branch, keeps
    the maximum UNLESS the parent carries the band  A[1] = ... = A[d+1] > A[d+2].
    r44 measured 65/65 'the lowered entry IS the maximum' and left the whole obligation
    on an unproved multiplicity.  Half of it is a theorem: c = A[1]-1 forces
    multiplicity >= 2 outright.  Both halves are counted separately here.
    GAP1 UNIT_DOWN-branch instances in W+zeros : 114
    case split (parent case, did the successor lose the max) : {('c=A1   (THE BAND -- the only survivor)', 'LOST'): 54, ('c=A1   (THE BAND -- the only survivor)', 'kept'): 42, ('c=A1-1 (PROVED multiplicity>=2)', 'kept'): 18}
    [ok] CONTROL: the c = A[1]-1 case actually occurs (else the lemma is vacuous)             hits=18
    [ok] CONTROL: the BAND case actually occurs and DOES lose the max somewhere               hits=54
    [ok] CORRUPT CONTROL: no loss outside the band                                            hits=0

[3] REBUILD P1 (S1 head-block pairs) AND P2 (S2-derived pairs) -- r43/r44 figures 709/686
    [known] P1 size                                                    = 709
    [known] P2 size                                                    = 686
    P2 usable pairs (L, L'_1) : 686

[4] THE FAMILY SIDE.  Two questions, both about A ALONE:
    (Q1) does any joint state of P1/P2 carry the band A[1]=...=A[d+1]>A[d+2] ?
    (Q2) does N_{d-1}(A) >= d+2  (equivalently A[d+1] >= A[0]-1) hold at every state?
    Head blocks Wp(c)=[c]^3[c-1]^c and Wm(c)=[c]^2[c-1]^{c+1} START with N_{d-1} >= d+3.
    joint states walked over P1+P2                     : 8372
    multiplicity of max(A) over all those states       : {1: 580, 2: 1960, 3: 1327, 4: 1375, 5: 768, 6: 933, 7: 371, 8: 470, 9: 57, 10: 171, 11: 4, 12: 81, 14: 45, 16: 8, 18: 4}
    states with A[d+1] >= A[0]-1  (the head-block band-free invariant) : 8154  VIOLATIONS 0
    ... margin  N_{d-1}(A) - (d+2)  distribution      : {0: 213, 1: 2695, 2: 1449, 3: 1006, 4: 686, 5: 595, 6: 420, 7: 364, 8: 252, 9: 192, 10: 110, 11: 87, 12: 47, 13: 18, 14: 9, 15: 7, 16: 3, 17: 1}
    states carrying the BAND A[1]=...=A[d+1]>A[d+2]   : 727   e.g. ('P1', (2, 2, 2, 2, 1, 1), (2, 2, 2, 2, 2, 2))
    states with a FAT top  (#max >= d+2)              : 2923
    gap-1 parents (band?, GAP1 branch)                : {(False, 'EQ'): 506, (False, 'UNIT_DOWN'): 51, (False, 'i0<=d'): 520, (True, 'EQ'): 100}
    [ok] CONTROL: P1+P2 joint states were actually walked                                     hits=8372
    [ok] CONTROL: gap-1 parents exist in P1+P2                                                hits=1177

[4a] (G0-MAX) ON THE FAMILY, IN THE COORDINATES OF LEMMA G0-STEP.  Every non-EQ g=0
     state of P1+P2 is classified by (i1 position, does (F1) hold, does (F2) hold).
     non-EQ g=0 states of P1+P2 : 65 ; of which max(A) != max(B) : 0
     classification (i1 position, F1?, F2?) : {"('i1=1', '-', '-')": 49, "('i1=other', '-', '-')": 16}
    [ok] CONTROL: non-EQ g=0 states of the family exist to classify                           hits=65

[4b] (BAND-EQ) -- the ONE sentence that is left.  A band-carrying gap-1 parent has
     A[1]=...=A[d+1]=c > A[d+2].  By Theorem GAP1 its outcome is EQ iff c = u+1 where
     u is the level of the second raised index i0.  Since u <= A[d+2] <= c-1, EQ is
     EXACTLY 'A[d+2] = c-1 and i0 sits at that level'.  Measured inside and outside
     the family, so that the family-side content is separated from the general fact.
     band-carrying gap-1 parents in P1+P2 : 100
     (does the entry past the band sit at c-1 ?, is the raised level c-1 ?) : {('A[d+2]=c-1', 'u=c-1'): 100}
     position of i0 for those parents      : {'i0>d+1': 100}
     SAME configuration OUTSIDE the family (W+zeros), (raised level, outcome) : {"('u<=c-2', 'UNIT_DOWN')": 54, "('u=c-1', 'EQ')": 336}
    [ok] CONTROL: band-carrying gap-1 parents exist inside P1+P2                              hits=100
    [ok] CORRUPT CONTROL: outside the family the band DOES reach GAP1's UNIT_DOWN branch      hits=54

[5] CLOSURE OF THE BAND-FREE INVARIANT  (I): N_{d-1}(X) >= d+2, d := X[0] >= 1.
    (I) says X[d+1] >= d-1, i.e. the entry just past the cut is at most one below the
    pivot.  It holds for every head block.  Tested for closure on W+zeros, and the
    EXCEPTION SET is characterised rather than merely counted.
    closure population (W+zeros u all sorted lists n<=8, entries<=5) : 3318
    states satisfying (I) whose successor also satisfies (I) : 370
    states satisfying (I) whose successor VIOLATES (I)       : 26
    exception profile (N_d(X) vs N_{d-1}(X))                 : {"('a=d+2', 'b=d+2')": 26, 'successor has no tail': 21, 'successor pivot 0': 6}
    smallest exception (X, next X)                           : ((2, 2, 2, 2, 0), (2, 1, 1, 0))
    [ok] CONTROL: (I) is non-vacuous on W+zeros                                               hits=370
    [ok] CORRUPT CONTROL: (I) alone is NOT closed -- the fat-top escape is real               hits=26

[5b] REFINED INVARIANT  (I+): N_{d-1}(X) >= d+2 AND N_d(X) <= d+1  (no fat top).
     (I+) preserved : 147    VIOLATED : 123
     which half fails : {"('band-free kept', 'fat top APPEARS')": 123}
     smallest violation : ((2, 1, 1, 1, 1, 1), (1, 1, 1, 0, 0))
    [ok] CONTROL: (I+) is non-vacuous                                                         hits=147

[6] (DOM-MAJ) REFORMULATED.  Two elementary facts, censused:
    (PIV-MONO) the pivot sequence is ALREADY sorted decreasing;
    (PIV-SUM)  sum(p(X)) = sum(X)/2.
    terminating states tested        : 240
    (PIV-MONO) holds 240, FAILS 0
    (PIV-SUM)  holds 240, FAILS 0
    [ok] CONTROL: terminating states exist to test                                            hits=240

[7] THE CANDIDATE CLOSED INVARIANT FOR (DOM-MAJ).
    (C1) T_m(A) <= T_m(B) for all m ;  (C2) sum(B)-sum(A) >= 2*(max(B)-max(A)).
    A >= B in dominance with equal sums gives both.  (C2) IS 'sum(next_A)<=sum(next_B)'.
    Population: all sorted-decreasing zero-allowed lists of a common length n with
    entries <= V, all ordered pairs, both steps legal.
    n=5 V=4 : pairs with (C1) : 436
        with (C2) too : preserved 414   VIOLATED 14
        smallest (C1)&(C2) violation (A,B,nA,nB,c1n,c2n) : ((4, 2, 2, 2, 2), (4, 4, 2, 2, 2), (1, 1, 1, 1), (3, 1, 1, 1), True, False)
        WITHOUT (C2)  : (C1) still preserved 0   (C1) LOST 8   e.g. ((2, 2, 2, 2, 2), (4, 2, 2, 2, 2), (2, 2, 1, 1), (1, 1, 1, 1))
   ** DEFECT C1C2-CLOSURE  n=5 V=4 : 14
    n=6 V=4 : pairs with (C1) : 2157
        with (C2) too : preserved 2089   VIOLATED 52
        smallest (C1)&(C2) violation (A,B,nA,nB,c1n,c2n) : ((4, 2, 2, 2, 2, 0), (4, 4, 2, 2, 2, 0), (1, 1, 1, 1, 0), (3, 1, 1, 1, 0), True, False)
        WITHOUT (C2)  : (C1) still preserved 0   (C1) LOST 16   e.g. ((2, 2, 2, 2, 2, 2), (4, 2, 2, 2, 2, 2), (2, 2, 2, 1, 1), (2, 1, 1, 1, 1))
   ** DEFECT C1C2-CLOSURE  n=6 V=4 : 52
    n=6 V=5 : pairs with (C1) : 4600
        with (C2) too : preserved 4309   VIOLATED 229
        smallest (C1)&(C2) violation (A,B,nA,nB,c1n,c2n) : ((5, 3, 3, 3, 3, 3), (5, 5, 3, 3, 3, 3), (2, 2, 2, 2, 2), (4, 2, 2, 2, 2), True, False)
        WITHOUT (C2)  : (C1) still preserved 0   (C1) LOST 62   e.g. ((3, 3, 3, 3, 3, 3), (5, 3, 3, 3, 3, 3), (3, 3, 2, 2, 2), (2, 2, 2, 2, 2))
   ** DEFECT C1C2-CLOSURE  n=6 V=5 : 229
    [ok] CORRUPT CONTROL: (C1) ALONE is not closed -- (C2) is doing real work                 hits=62
    [ok] CONTROL: the (C1)&(C2) population is non-empty                                       hits=4309
    n=7 V=4 : pairs with (C1) : 6930
        with (C2) too : preserved 6781   VIOLATED 122
        smallest (C1)&(C2) violation (A,B,nA,nB,c1n,c2n) : ((4, 2, 2, 2, 2, 1, 1), (4, 4, 2, 2, 2, 1, 1), (1, 1, 1, 1, 1, 1), (3, 1, 1, 1, 1, 1), True, False)
        WITHOUT (C2)  : (C1) still preserved 0   (C1) LOST 27   e.g. ((2, 2, 2, 2, 2, 2, 2), (4, 2, 2, 2, 2, 2, 2), (2, 2, 2, 2, 1, 1), (2, 2, 1, 1, 1, 1))
   ** DEFECT C1C2-CLOSURE  n=7 V=4 : 122
    n=7 V=5 : pairs with (C1) : 23620
        with (C2) too : preserved 22625   VIOLATED 851
        smallest (C1)&(C2) violation (A,B,nA,nB,c1n,c2n) : ((5, 3, 3, 3, 3, 3, 2), (5, 5, 3, 3, 3, 3, 2), (2, 2, 2, 2, 2, 2), (4, 2, 2, 2, 2, 2), True, False)
        WITHOUT (C2)  : (C1) still preserved 0   (C1) LOST 144   e.g. ((3, 3, 3, 3, 3, 3, 2), (5, 3, 3, 3, 3, 3, 2), (3, 3, 2, 2, 2, 2), (2, 2, 2, 2, 2, 2))
   ** DEFECT C1C2-CLOSURE  n=7 V=5 : 851

[7b] IS (C1)&(C2) TRUE ALONG THE ACTUAL (DOM-MAJ) TRAJECTORIES, even if it is not
     closed as an abstract relation?  Every dominance pair of partitions of N <= 16
     with both sides terminating is walked in lockstep and both conditions are checked
     at every k.  A relation that is TRUE on the reachable set but NOT closed is a
     different situation from one that is simply false, and the two are separated here.
     dominance pairs walked : 2683 ; joint states visited : 10470
     (C1) violations along the trajectories : 0   e.g. None
     (C2) violations along the trajectories : 0   e.g. None
     (C3) 'max(A^(k)) >= max(B^(k))' -- the entrywise strengthening -- along the same
     trajectories, as a CORRUPT CONTROL that the walk can detect a failure at all :
     (C3) violations : 2301   e.g. ((2, 1, 1), (1, 1, 1, 1), 1, (0, 0), (1, 1, 0))
    [ok] CONTROL: trajectories were actually walked                                           hits=10470
    [ok] CORRUPT CONTROL: (C3) DOES fail along these very trajectories, so a 0 for (C1)/(C2) is not an artefact of the walk hits=2301

[8] (DOM-MAJ) ITSELF -- re-censused independently of r44, in the sum(A^(k)) form.
    dominance pairs (same N, both terminating) : 7403
    p(A) >= p(B) holds 7403, FAILS 0
    ... of which p(A) != p(B) (the sub-population that COULD have failed) : 6595
    reversed companion p(B) >= p(A) fails      : 6595
    [ok] CORRUPT CONTROL: the reversed claim fails (the census is not vacuous)                hits=6595
    [ok] CONTROL: pairs with p(A) != p(B) exist -- these are the ones that could have failed  hits=6595

[8b] ENTRYWISE is FALSE -- the honest scope of (DOM-MAJ).
     pairs where p(A)_i >= p(B)_i fails on the common length : 1812   e.g. ((3, 2, 2, 1), (2, 2, 2, 2), (3, 1), (2, 2))
    [ok] CORRUPT CONTROL: the entrywise strengthening of (DOM-MAJ) is FALSE                   hits=1812

[9] (PIVOT-MAJ) vs (DOM-MAJ).  p(.) dominance is TRANSITIVE, so if every dominance
    pair (A,B) of TERMINATING partitions of N is joined by a chain of SINGLE unit
    transfers down that stays inside the terminating partitions, then
    (PIVOT-MAJ) => (DOM-MAJ) outright and r44's 'better-shaped' census is the SAME
    statement, not a stronger one.  The obstruction is that a unit transfer can leave
    the terminating set -- (3,3,1,1) ABORTS (r44's E05 audit).  Measured per N.
    dominance pairs of terminating partitions tested : 7403
    joined by a chain INSIDE the terminating set     : 7403
    NOT joined (so (PIVOT-MAJ) does not reach them)  : 0   e.g. None
    unit-transfer edges that LEAVE the terminating set : 47
    [ok] CONTROL: unit transfers really do leave the terminating set (the obstruction is real) hits=47
    [ok] CONTROL: the connectivity test was non-vacuous                                       hits=7403

====================================================================================================
ELAPSED 0.47 s / 200 s internal limit ; PARTIAL=False ; diffed runA/runB calls 1588
CONTROLS 27/27 firing ; DEFECTS 5
   DEFECT: C1C2-CLOSURE  n=5 V=4 : 14
   DEFECT: C1C2-CLOSURE  n=6 V=4 : 52
   DEFECT: C1C2-CLOSURE  n=6 V=5 : 229
   DEFECT: C1C2-CLOSURE  n=7 V=4 : 122
   DEFECT: C1C2-CLOSURE  n=7 V=5 : 851
EXIT=1
