[STRICT L>=2] tau<=10 R<=20 k<=14
  parameter tuples=1689223  realizable=1098141  graphical-killed=1098141  SURVIVORS=0  res>alpha(impossible)=0
  (alpha - residue) histogram, aggregated: {1: 1098141}
  minimum (alpha - residue) per L: {2: 1, 3: 1, 4: 1, 5: 1, 6: 1, 7: 1, 8: 1}
  NO SURVIVOR in the box: every Fan degree sequence has residue <= alpha-1, i.e. the reductio fails.
  closest-to-survival instances (gap, tau, L, d_u, d_v, W, A', res, alpha):
      (1, 4, 2, 2, 2, (), (2, 1, 1), 3, 4)
      (1, 4, 2, 2, 2, (), (1, 1, 1, 1), 4, 5)
      (1, 4, 2, 3, 2, (), (2, 1, 1, 1), 4, 5)
      (1, 4, 2, 3, 2, (), (1, 1, 1, 1, 1), 5, 6)

[SUPERSET L>=2 (no type requirement)] tau<=10 R<=20 k<=14
  parameter tuples=2467227  realizable=1700094  graphical-killed=1700094  SURVIVORS=0  res>alpha(impossible)=0
  (alpha - residue) histogram, aggregated: {1: 1700094}
  minimum (alpha - residue) per L: {2: 1, 3: 1, 4: 1, 5: 1, 6: 1, 7: 1, 8: 1}
  NO SURVIVOR in the box: every Fan degree sequence has residue <= alpha-1, i.e. the reductio fails.
  closest-to-survival instances (gap, tau, L, d_u, d_v, W, A', res, alpha):
      (1, 4, 2, 2, 2, (), (2, 2), 2, 3)
      (1, 4, 2, 2, 2, (), (2, 1, 1), 3, 4)
      (1, 4, 2, 2, 2, (), (1, 1, 1, 1), 4, 5)
      (1, 4, 2, 3, 2, (), (2, 2, 1), 3, 4)

[CONTROL L=1 (draft says already impossible)] tau<=10 R<=20 k<=14
  parameter tuples=2423123  realizable=1608444  graphical-killed=1608444  SURVIVORS=0  res>alpha(impossible)=0
  (alpha - residue) histogram, aggregated: {1: 1608444}
  minimum (alpha - residue) per L: {1: 1, 2: 1, 3: 1, 4: 1, 5: 1, 6: 1, 7: 1, 8: 1}
  NO SURVIVOR in the box: every Fan degree sequence has residue <= alpha-1, i.e. the reductio fails.
  closest-to-survival instances (gap, tau, L, d_u, d_v, W, A', res, alpha):
      (1, 4, 1, 2, 2, (1,), (3, 1, 1), 3, 4)
      (1, 4, 1, 2, 2, (1,), (2, 1, 1, 1), 4, 5)
      (1, 4, 1, 2, 2, (1,), (1, 1, 1, 1, 1), 5, 6)
      (1, 4, 1, 2, 2, (2,), (3, 1, 1, 1), 4, 5)

[MECHANISM] HH trajectories of minimal Fan(tau,L) instances (tab B Lemma 1/2 inspection):
    Fan(tau=4,L=2) d_u=2 d_v=2 W=() A'=[1, 1, 1, 1]
      degseq=[5, 5, 4, 4, 4, 1, 1, 1, 1]
      s=5 (tau=4)  heads D=[5, 4, 2, 1, 1]  residue=4 alpha=5
      first p=2 head values [5, 4]  (tab B: these should be the high vertices)
      post-high-phase head values [2, 1, 1]
      list at start of step p+1: [2, 2, 2, 1, 1, 0, 0]
      tab B Lemma 2 predicts [L]*(L+1) + [1,1] = [2, 2, 2, 1, 1] as the forced bad suffix
    Fan(tau=5,L=2) d_u=2 d_v=2 W=(1,) A'=[1, 1, 1, 1, 1]
      degseq=[6, 6, 6, 5, 5, 5, 1, 1, 1, 1, 1]
      s=6 (tau=5)  heads D=[6, 5, 4, 2, 1, 1]  residue=5 alpha=6
      first p=3 head values [6, 5, 4]  (tab B: these should be the high vertices)
      post-high-phase head values [2, 1, 1]
      list at start of step p+1: [2, 2, 2, 1, 1, 0, 0, 0]
      tab B Lemma 2 predicts [L]*(L+1) + [1,1] = [2, 2, 2, 1, 1] as the forced bad suffix
    Fan(tau=5,L=3) d_u=2 d_v=2 W=() A'=[1, 1, 1, 1]
      degseq=[6, 6, 5, 5, 5, 5, 1, 1, 1, 1]
      s=6 (tau=5)  heads D=[6, 5, 3, 2, 1, 1]  residue=4 alpha=5
      first p=2 head values [6, 5]  (tab B: these should be the high vertices)
      post-high-phase head values [3, 2, 1, 1]
      list at start of step p+1: [3, 3, 3, 3, 1, 1, 0, 0]
      tab B Lemma 2 predicts [L]*(L+1) + [1,1] = [3, 3, 3, 3, 1, 1] as the forced bad suffix
    Fan(tau=6,L=2) d_u=2 d_v=2 W=(1, 1) A'=[1, 1, 1, 1, 1, 1]
      degseq=[7, 7, 7, 7, 6, 6, 6, 1, 1, 1, 1, 1, 1]
      s=7 (tau=6)  heads D=[7, 6, 5, 4, 2, 1, 1]  residue=6 alpha=7
      first p=4 head values [7, 6, 5, 4]  (tab B: these should be the high vertices)
      post-high-phase head values [2, 1, 1]
      list at start of step p+1: [2, 2, 2, 1, 1, 0, 0, 0, 0]
      tab B Lemma 2 predicts [L]*(L+1) + [1,1] = [2, 2, 2, 1, 1] as the forced bad suffix
    Fan(tau=6,L=4) d_u=2 d_v=2 W=() A'=[1, 1, 1, 1]
      degseq=[7, 7, 6, 6, 6, 6, 6, 1, 1, 1, 1]
      s=7 (tau=6)  heads D=[7, 6, 4, 3, 2, 1, 1]  residue=4 alpha=5
      first p=2 head values [7, 6]  (tab B: these should be the high vertices)
      post-high-phase head values [4, 3, 2, 1, 1]
      list at start of step p+1: [4, 4, 4, 4, 4, 1, 1, 0, 0]
      tab B Lemma 2 predicts [L]*(L+1) + [1,1] = [4, 4, 4, 4, 4, 1, 1] as the forced bad suffix
    Fan(tau=7,L=5) d_u=2 d_v=2 W=() A'=[1, 1, 1, 1]
      degseq=[8, 8, 7, 7, 7, 7, 7, 7, 1, 1, 1, 1]
      s=8 (tau=7)  heads D=[8, 7, 5, 4, 3, 2, 1, 1]  residue=4 alpha=5
      first p=2 head values [8, 7]  (tab B: these should be the high vertices)
      post-high-phase head values [5, 4, 3, 2, 1, 1]
      list at start of step p+1: [5, 5, 5, 5, 5, 5, 1, 1, 0, 0]
      tab B Lemma 2 predicts [L]*(L+1) + [1,1] = [5, 5, 5, 5, 5, 5, 1, 1] as the forced bad suffix
