=== nu = 1 (Theorem FAN's family) — control: expect only the single-2 residue
nu=1: shapes tested=32, shapes clearing in exactly L steps:
   L=2 E=0 C=(2, 2, 2) A'=(2,)  -> steps=2
   L=3 E=0 C=(3, 3, 3, 3) A'=(2,)  -> steps=3
   L=4 E=0 C=(4, 4, 4, 4, 4) A'=(2,)  -> steps=4
   L=5 E=0 C=(5, 5, 5, 5, 5, 5) A'=(2,)  -> steps=5
   L=6 E=0 C=(6, 6, 6, 6, 6, 6, 6) A'=(2,)  -> steps=6
   L=7 E=0 C=(7, 7, 7, 7, 7, 7, 7, 7) A'=(2,)  -> steps=7
   L=8 E=0 C=(8, 8, 8, 8, 8, 8, 8, 8, 8) A'=(2,)  -> steps=8
   L=9 E=0 C=(9, 9, 9, 9, 9, 9, 9, 9, 9, 9) A'=(2,)  -> steps=9

=== nu = 2 (the GFan(tau,L,2) layer, the L>=3 target)
nu=2: shapes tested=96, shapes clearing in exactly L steps:
   L=3 E=0 C=(3, 3, 3, 3) A'=(4,)  -> steps=3
   L=3 E=1 C=(4, 3, 3, 3) A'=(3,)  -> steps=3
   L=4 E=0 C=(4, 4, 4, 4, 4) A'=(4,)  -> steps=4
   L=5 E=0 C=(5, 5, 5, 5, 5, 5) A'=(4,)  -> steps=5
   L=6 E=0 C=(6, 6, 6, 6, 6, 6, 6) A'=(4,)  -> steps=6
   L=7 E=0 C=(7, 7, 7, 7, 7, 7, 7, 7) A'=(4,)  -> steps=7
   L=8 E=0 C=(8, 8, 8, 8, 8, 8, 8, 8, 8) A'=(4,)  -> steps=8
   L=9 E=0 C=(9, 9, 9, 9, 9, 9, 9, 9, 9, 9) A'=(4,)  -> steps=9
   L=10 E=0 C=(10, 10, 10, 10, 10, 10, 10, 10, 10, 10, 10) A'=(4,)  -> steps=10
   L=11 E=0 C=(11, 11, 11, 11, 11, 11, 11, 11, 11, 11, 11, 11) A'=(4,)  -> steps=11

=== nu = 3 (LEAD check)
nu=3: shapes tested=298, shapes clearing in exactly L steps:
   L=3 E=0 C=(3, 3, 3, 3) A'=(5, 1)  -> steps=3
   L=3 E=2 C=(4, 4, 3, 3) A'=(4,)  -> steps=3
   L=3 E=2 C=(5, 3, 3, 3) A'=(3, 1)  -> steps=3
   L=3 E=3 C=(4, 4, 4, 3) A'=(3,)  -> steps=3
   L=3 E=3 C=(4, 4, 4, 3) A'=(2, 1)  -> steps=3
   L=3 E=3 C=(4, 4, 4, 3) A'=(1, 1, 1)  -> steps=3
   L=3 E=3 C=(5, 4, 3, 3) A'=(2, 1)  -> steps=3
   L=3 E=3 C=(5, 4, 3, 3) A'=(1, 1, 1)  -> steps=3
   L=3 E=3 C=(6, 3, 3, 3) A'=(1, 1, 1)  -> steps=3
   L=4 E=1 C=(5, 4, 4, 4, 4) A'=(5,)  -> steps=4
   L=4 E=2 C=(5, 5, 4, 4, 4) A'=(4,)  -> steps=4
   L=4 E=2 C=(6, 4, 4, 4, 4) A'=(3, 1)  -> steps=4
   L=5 E=0 C=(5, 5, 5, 5, 5, 5) A'=(6,)  -> steps=5
   L=5 E=1 C=(6, 5, 5, 5, 5, 5) A'=(5,)  -> steps=5
   L=6 E=0 C=(6, 6, 6, 6, 6, 6, 6) A'=(6,)  -> steps=6
   L=7 E=0 C=(7, 7, 7, 7, 7, 7, 7, 7) A'=(6,)  -> steps=7
   L=8 E=0 C=(8, 8, 8, 8, 8, 8, 8, 8, 8) A'=(6,)  -> steps=8
   L=9 E=0 C=(9, 9, 9, 9, 9, 9, 9, 9, 9, 9) A'=(6,)  -> steps=9
   L=10 E=0 C=(10, 10, 10, 10, 10, 10, 10, 10, 10, 10, 10) A'=(6,)  -> steps=10
   L=11 E=0 C=(11, 11, 11, 11, 11, 11, 11, 11, 11, 11, 11, 11) A'=(6,)  -> steps=11

=== nu = 2, singleton-residue check: which survivors have a NON-single-part A'?
   multi-part survivors: NONE
done
