
1852317 1850960 1357 0.9971
1852318 1850960 1358 0.9978
1852319 1850960 1359 0.9985
1852320 1850960 1360 0.9993
1868683 1867322 1361 0.9956
1868684 1867322 1362 0.9963
1868685 1867322 1363 0.9971
1868686 1867322 1364 0.9978
1868687 1867322 1365 0.9985
1868688 1867322 1366 0.9993
1885123 1883756 1367 0.9956
1885124 1883756 1368 0.9964
1885125 1883756 1369 0.9971
1885126 1883756 1370 0.9978
1885127 1883756 1371 0.9985
1885128 1883756 1372 0.9993
1907153 1905780 1373 0.9942
1907154 1905780 1374 0.9949
1907155 1905780 1375 0.9957
1907156 1905780 1376 0.9964
1907157 1905780 1377 0.9971
1907158 1905780 1378 0.9978
1907159 1905780 1379 0.9986
1907160 1905780 1380 0.9993
1957183 1955802 1381 0.9871
1957184 1955802 1382 0.9879
1957185 1955802 1383 0.9886
1957186 1955802 1384 0.9893
1957187 1955802 1385 0.9900
1957188 1955802 1386 0.9907
1957189 1955802 1387 0.9914
1957190 1955802 1388 0.9921
1957191 1955802 1389 0.9929
1957192 1955802 1390 0.9936
1957193 1955802 1391 0.9943
1957194 1955802 1392 0.9950
1957195 1955802 1393 0.9957
1957196 1955802 1394 0.9964
1957197 1955802 1395 0.9971
1957198 1955802 1396 0.9979
1957199 1955802 1397 0.9986
1957200 1955802 1398 0.9993
1985271 1983872 1399 0.9929
1985272 1983872 1400 0.9936
1985273 1983872 1401 0.9943
1985274 1983872 1402 0.9950
1985275 1983872 1403 0.9957
1985276 1983872 1404 0.9965
1985277 1983872 1405 0.9972
1985278 1983872 1406 0.9979
1985279 1983872 1407 0.9986
1985280 1983872 1408 0.9993
# done N=2000000 records=1409 elapsed=1.1s

