# n hc(n)=largest h with 2^n-1..h^n-1 pairwise coprime | hf(n)=hc+1 | P(n)=greatest prime p with p-1|n | hf==P?
1 4 5 2 False
2 3 4 3 False
3 3 4 2 False
4 2 3 5 False
5 3 4 2 False
6 2 3 7 False
7 3 4 2 False
8 2 3 5 False
9 3 4 2 False
10 2 3 11 False
11 2 3 2 False
12 2 3 13 False
13 3 4 2 False
14 3 4 3 False
15 3 4 2 False
16 2 3 17 False
17 3 4 2 False
18 2 3 19 False
19 3 4 2 False
20 2 3 11 False
21 3 4 2 False
22 2 3 23 False
23 2 3 2 False
24 2 3 13 False
25 3 4 2 False
26 3 4 3 False
27 3 4 2 False
28 2 3 29 False
29 3 4 2 False
30 2 3 31 False
31 3 4 2 False
32 2 3 17 False
33 2 3 2 False
34 3 4 3 False
35 2 3 2 False
36 2 3 37 False
37 3 4 2 False
38 3 4 3 False
39 3 4 2 False
40 2 3 41 False
41 3 4 2 False
42 2 3 43 False
43 2 3 2 False
44 2 3 23 False
45 3 4 2 False
46 2 3 47 False
47 3 4 2 False
48 2 3 17 False
49 3 4 2 False
50 2 3 11 False
51 3 4 2 False
52 2 3 53 False
...
226 2 3 227 False
227 3 4 2 False
228 2 3 229 False
229 3 4 2 False
230 2 3 47 False
231 2 3 2 False
232 2 3 233 False
233 3 4 2 False
234 2 3 79 False
235 3 4 2 False
236 2 3 5 False
237 3 4 2 False
238 2 3 239 False
239 2 3 2 False
240 2 3 241 False
# done N=240 hf==P agreement 3/240 elapsed=0.0s

