# n f(n) example
1 1 [1]
2 2 [1, 2]
3 2 [1, 2]
4 3 [1, 2, 4]
5 4 [1, 2, 4, 5]
6 4 [1, 2, 4, 5]
7 5 [1, 3, 5, 6, 7]
8 5 [1, 2, 4, 5, 8]
9 5 [1, 2, 4, 5, 8]
10 6 [1, 2, 4, 5, 8, 10]
11 6 [1, 2, 4, 5, 8, 10]
12 7 [1, 2, 5, 9, 10, 11, 12]
13 8 [1, 2, 5, 9, 10, 11, 12, 13]
14 8 [1, 2, 5, 9, 10, 11, 12, 13]
15 9 [1, 2, 5, 9, 10, 11, 12, 13, 15]
16 9 [1, 2, 5, 9, 10, 11, 12, 13, 15]
17 9 [1, 2, 4, 5, 10, 13, 14, 16, 17]
18 10 [3, 5, 9, 10, 11, 12, 13, 15, 16, 18]
19 10 [1, 2, 5, 10, 11, 12, 13, 14, 16, 19]
20 10 [1, 2, 5, 10, 11, 12, 13, 14, 16, 19]
21 11 [4, 7, 12, 13, 14, 15, 16, 17, 18, 20, 21]
22 11 [1, 2, 4, 8, 11, 13, 16, 17, 20, 21, 22]
23 11 [1, 2, 4, 5, 13, 14, 16, 17, 20, 21, 23]
24 12 [1, 2, 11, 15, 16, 17, 18, 19, 20, 21, 22, 24]
25 13 [1, 2, 11, 15, 16, 17, 18, 19, 20, 21, 22, 24, 25]
26 13 [1, 2, 11, 15, 16, 17, 18, 19, 20, 21, 22, 24, 25]
27 13 [1, 2, 6, 7, 17, 18, 19, 20, 21, 22, 23, 26, 27]
28 13 [1, 2, 4, 9, 17, 18, 19, 20, 22, 24, 25, 27, 28]
29 14 [1, 2, 4, 9, 17, 18, 20, 21, 22, 23, 24, 25, 28, 29]
30 15 [1, 2, 4, 11, 16, 19, 21, 22, 23, 24, 25, 26, 28, 29, 30]
31 15 [1, 2, 4, 11, 16, 19, 21, 22, 23, 24, 25, 26, 28, 29, 30]
32 15 [1, 2, 4, 11, 16, 19, 21, 22, 23, 24, 25, 26, 28, 29, 30]
33 16 [2, 4, 8, 10, 13, 17, 19, 20, 21, 25, 26, 27, 28, 29, 32, 33]
34 16 [2, 4, 8, 10, 13, 17, 19, 20, 21, 25, 26, 27, 28, 29, 32, 33]
35 16 [2, 3, 6, 7, 8, 17, 22, 23, 27, 28, 29, 30, 31, 33, 34, 35]
36 17 [6, 15, 19, 22, 23, 24, 25, 26, 27, 28, 29, 30, 31, 32, 33, 35, 36]
37 17 [1, 2, 6, 15, 17, 22, 26, 27, 28, 29, 30, 31, 33, 34, 35, 36, 37]
38 18 [2, 4, 18, 21, 23, 26, 27, 28, 29, 30, 31, 32, 33, 34, 35, 36, 37, 38]
39 18 [2, 4, 18, 21, 23, 26, 27, 28, 29, 30, 31, 32, 33, 34, 35, 36, 37, 38]
40 18 [2, 4, 18, 21, 23, 26, 27, 28, 29, 30, 31, 32, 33, 34, 35, 36, 37, 38]
41 19 [2, 4, 18, 21, 23, 26, 27, 28, 29, 30, 31, 32, 33, 34, 35, 36, 37, 38, 41]
42 19 [2, 4, 18, 21, 23, 26, 27, 28, 29, 30, 31, 32, 33, 34, 35, 36, 37, 38, 41]
43 19 [2, 4, 18, 21, 23, 26, 27, 28, 29, 30, 31, 32, 33, 34, 35, 36, 37, 38, 41]
44 19 [1, 2, 4, 21, 26, 29, 30, 31, 32, 33, 34, 36, 37, 38, 39, 40, 41, 43, 44]
45 19 [1, 2, 4, 21, 26, 29, 30, 31, 32, 33, 34, 36, 37, 38, 39, 40, 41, 43, 44]
46 19 [1, 2, 4, 8, 9, 10, 22, 25, 29, 30, 35, 36, 37, 38, 39, 43, 44, 45, 46]
47 20 [3, 4, 6, 14, 26, 28, 29, 30, 31, 32, 33, 34, 35, 36, 37, 38, 42, 44, 45, 47]
48 20 [2, 3, 4, 22, 24, 25, 27, 30, 33, 34, 36, 38, 39, 40, 41, 42, 44, 45, 47, 48]
49 20 [1, 2, 4, 5, 14, 27, 31, 32, 33, 34, 35, 36, 40, 42, 43, 44, 45, 47, 48, 49]
50 21 [2, 4, 5, 7, 8, 31, 33, 34, 35, 36, 37, 38, 40, 41, 42, 43, 44, 47, 48, 49, 50]
51 21 [1, 3, 5, 6, 13, 31, 32, 33, 34, 35, 36, 37, 38, 39, 41, 42, 46, 47, 48, 49, 51]
52 22 [2, 4, 24, 29, 31, 34, 37, 38, 39, 40, 41, 42, 43, 44, 45, 46, 47, 48, 49, 50, 51, 52]
53 22 [2, 3, 25, 29, 31, 33, 34, 35, 37, 38, 39, 40, 41, 43, 44, 45, 47, 49, 50, 51, 52, 53]
# CAPPED before completing n=54
# elapsed=3000s

